[0.022s] Invoking command in '/home/user/turtlebot3_ws/build/realsense_bringup': CMAKE_PREFIX_PATH=${CMAKE_PREFIX_PATH}:/opt/ros/humble /usr/bin/cmake /home/user/turtlebot3_ws/src/realsense_bringup -DCMAKE_INSTALL_PREFIX=/home/user/turtlebot3_ws/install/realsense_bringup
[0.126s] -- The C compiler identification is GNU 11.4.0
[0.236s] -- The CXX compiler identification is GNU 11.4.0
[0.258s] -- Detecting C compiler ABI info
[0.396s] -- Detecting C compiler ABI info - done
[0.420s] -- Check for working C compiler: /usr/bin/cc - skipped
[0.421s] -- Detecting C compile features
[0.422s] -- Detecting C compile features - done
[0.433s] -- Detecting CXX compiler ABI info
[0.585s] -- Detecting CXX compiler ABI info - done
[0.610s] -- Check for working CXX compiler: /usr/bin/c++ - skipped
[0.611s] -- Detecting CXX compile features
[0.613s] -- Detecting CXX compile features - done
[0.625s] -- Found ament_cmake: 1.3.14 (/opt/ros/humble/share/ament_cmake/cmake)
[0.943s] -- Found Python3: /usr/bin/python3 (found version "3.10.12") found components: Interpreter 
[1.186s] -- Found rclcpp: 16.0.19 (/opt/ros/humble/share/rclcpp/cmake)
[1.287s] -- Found rosidl_generator_c: 3.1.9 (/opt/ros/humble/share/rosidl_generator_c/cmake)
[1.300s] -- Found rosidl_adapter: 3.1.9 (/opt/ros/humble/share/rosidl_adapter/cmake)
[1.320s] -- Found rosidl_generator_cpp: 3.1.9 (/opt/ros/humble/share/rosidl_generator_cpp/cmake)
[1.346s] -- Using all available rosidl_typesupport_c: rosidl_typesupport_fastrtps_c;rosidl_typesupport_introspection_c
[1.382s] -- Using all available rosidl_typesupport_cpp: rosidl_typesupport_fastrtps_cpp;rosidl_typesupport_introspection_cpp
[1.483s] -- Found rmw_implementation_cmake: 6.1.2 (/opt/ros/humble/share/rmw_implementation_cmake/cmake)
[1.490s] -- Found rmw_fastrtps_cpp: 6.2.10 (/opt/ros/humble/share/rmw_fastrtps_cpp/cmake)
[1.683s] -- Found OpenSSL: /usr/lib/aarch64-linux-gnu/libcrypto.so (found version "3.0.2")  
[1.740s] -- Found FastRTPS: /opt/ros/humble/include  
[1.823s] -- Using RMW implementation 'rmw_fastrtps_cpp' as default
[1.844s] -- Looking for pthread.h
[1.984s] -- Looking for pthread.h - found
[1.985s] -- Performing Test CMAKE_HAVE_LIBC_PTHREAD
[2.133s] -- Performing Test CMAKE_HAVE_LIBC_PTHREAD - Success
[2.136s] -- Found Threads: TRUE  
[2.278s] -- Found sensor_msgs: 4.9.1 (/opt/ros/humble/share/sensor_msgs/cmake)
[2.339s] -- Found visualization_msgs: 4.9.1 (/opt/ros/humble/share/visualization_msgs/cmake)
[2.379s] -- Found message_filters: 4.3.18 (/opt/ros/humble/share/message_filters/cmake)
[2.388s] -- Found cv_bridge: 3.2.1 (/opt/ros/humble/share/cv_bridge/cmake)
[2.408s] [31mCMake Error at /opt/ros/humble/share/cv_bridge/cmake/ament_cmake_export_dependencies-extras.cmake:21 (find_package):
[2.409s]   By not providing "FindOpenCV.cmake" in CMAKE_MODULE_PATH this project has
[2.409s]   asked CMake to find a package configuration file provided by "OpenCV", but
[2.409s]   CMake did not find one.
[2.409s] 
[2.409s]   Could not find a package configuration file provided by "OpenCV" with any
[2.409s]   of the following names:
[2.409s] 
[2.410s]     OpenCVConfig.cmake
[2.410s]     opencv-config.cmake
[2.410s] 
[2.410s]   Add the installation prefix of "OpenCV" to CMAKE_PREFIX_PATH or set
[2.410s]   "OpenCV_DIR" to a directory containing one of the above files.  If "OpenCV"
[2.410s]   provides a separate development package or SDK, be sure it has been
[2.411s]   installed.
[2.411s] Call Stack (most recent call first):
[2.411s]   /opt/ros/humble/share/cv_bridge/cmake/cv_bridgeConfig.cmake:41 (include)
[2.411s]   CMakeLists.txt:25 (find_package)
[2.411s] 
[2.412s] -- Configuring incomplete, errors occurred!
[2.412s] See also "/home/user/turtlebot3_ws/build/realsense_bringup/CMakeFiles/CMakeOutput.log".
[2.412s] [0m
[2.430s] Invoked command in '/home/user/turtlebot3_ws/build/realsense_bringup' returned '1': CMAKE_PREFIX_PATH=${CMAKE_PREFIX_PATH}:/opt/ros/humble /usr/bin/cmake /home/user/turtlebot3_ws/src/realsense_bringup -DCMAKE_INSTALL_PREFIX=/home/user/turtlebot3_ws/install/realsense_bringup
