[0.060s] Invoking command in '/home/user/turtlebot3_ws/build/coin_d4_driver': CMAKE_PREFIX_PATH=${CMAKE_PREFIX_PATH}:/opt/ros/humble /usr/bin/cmake /home/user/turtlebot3_ws/src/coin_d4_driver -DCMAKE_INSTALL_PREFIX=/home/user/turtlebot3_ws/install/coin_d4_driver
[0.094s] -- Found ament_cmake: 1.3.14 (/opt/ros/humble/share/ament_cmake/cmake)
[0.396s] -- Override CMake install command with custom implementation using symlinks instead of copying resources
[0.423s] -- Found rclcpp: 16.0.19 (/opt/ros/humble/share/rclcpp/cmake)
[0.507s] -- Found rosidl_generator_c: 3.1.9 (/opt/ros/humble/share/rosidl_generator_c/cmake)
[0.514s] -- Found rosidl_adapter: 3.1.9 (/opt/ros/humble/share/rosidl_adapter/cmake)
[0.532s] -- Found rosidl_generator_cpp: 3.1.9 (/opt/ros/humble/share/rosidl_generator_cpp/cmake)
[0.560s] -- Using all available rosidl_typesupport_c: rosidl_typesupport_fastrtps_c;rosidl_typesupport_introspection_c
[0.593s] -- Using all available rosidl_typesupport_cpp: rosidl_typesupport_fastrtps_cpp;rosidl_typesupport_introspection_cpp
[0.683s] -- Found rmw_implementation_cmake: 6.1.2 (/opt/ros/humble/share/rmw_implementation_cmake/cmake)
[0.688s] -- Found rmw_fastrtps_cpp: 6.2.10 (/opt/ros/humble/share/rmw_fastrtps_cpp/cmake)
[0.914s] -- Using RMW implementation 'rmw_fastrtps_cpp' as default
[1.038s] -- Found rclcpp_lifecycle: 16.0.19 (/opt/ros/humble/share/rclcpp_lifecycle/cmake)
[1.074s] -- Found sensor_msgs: 4.9.1 (/opt/ros/humble/share/sensor_msgs/cmake)
[1.309s] -- Configuring done
[1.358s] -- Generating done
[1.375s] -- Build files have been written to: /home/user/turtlebot3_ws/build/coin_d4_driver
[1.406s] Invoked command in '/home/user/turtlebot3_ws/build/coin_d4_driver' returned '0': CMAKE_PREFIX_PATH=${CMAKE_PREFIX_PATH}:/opt/ros/humble /usr/bin/cmake /home/user/turtlebot3_ws/src/coin_d4_driver -DCMAKE_INSTALL_PREFIX=/home/user/turtlebot3_ws/install/coin_d4_driver
[1.407s] Invoking command in '/home/user/turtlebot3_ws/build/coin_d4_driver': CMAKE_PREFIX_PATH=${CMAKE_PREFIX_PATH}:/opt/ros/humble /usr/bin/cmake --build /home/user/turtlebot3_ws/build/coin_d4_driver -- -j8 -l8
[1.490s] [35m[1mConsolidate compiler generated dependencies of target coin_d4_driver_lib[0m
[1.548s] [ 66%] Built target coin_d4_driver_lib
[1.567s] [35m[1mConsolidate compiler generated dependencies of target multi_coin_d4_node[0m
[1.567s] [35m[1mConsolidate compiler generated dependencies of target single_coin_d4_node[0m
[1.607s] [100%] Built target multi_coin_d4_node
[1.607s] [100%] Built target single_coin_d4_node
[1.650s] Invoked command in '/home/user/turtlebot3_ws/build/coin_d4_driver' returned '0': CMAKE_PREFIX_PATH=${CMAKE_PREFIX_PATH}:/opt/ros/humble /usr/bin/cmake --build /home/user/turtlebot3_ws/build/coin_d4_driver -- -j8 -l8
[1.652s] Invoking command in '/home/user/turtlebot3_ws/build/coin_d4_driver': CMAKE_PREFIX_PATH=${CMAKE_PREFIX_PATH}:/opt/ros/humble /usr/bin/cmake --install /home/user/turtlebot3_ws/build/coin_d4_driver
[1.667s] -- Install configuration: ""
[1.667s] -- Execute custom install script
[1.668s] -- Up-to-date symlink: /home/user/turtlebot3_ws/install/coin_d4_driver/include/coin_d4_driver/coin_d4_base_handler.hpp
[1.669s] -- Up-to-date symlink: /home/user/turtlebot3_ws/install/coin_d4_driver/include/coin_d4_driver/coin_d4_lifecycle_handler.hpp
[1.669s] -- Up-to-date symlink: /home/user/turtlebot3_ws/install/coin_d4_driver/include/coin_d4_driver/coin_d4_node_handler.hpp
[1.669s] -- Up-to-date symlink: /home/user/turtlebot3_ws/install/coin_d4_driver/include/coin_d4_driver/lidar_sdk/handling_info.hpp
[1.670s] -- Up-to-date symlink: /home/user/turtlebot3_ws/install/coin_d4_driver/include/coin_d4_driver/lidar_sdk/lidar_data_processor.hpp
[1.670s] -- Up-to-date symlink: /home/user/turtlebot3_ws/install/coin_d4_driver/include/coin_d4_driver/lidar_sdk/lidar_information.hpp
[1.670s] -- Up-to-date symlink: /home/user/turtlebot3_ws/install/coin_d4_driver/include/coin_d4_driver/lidar_sdk/locker.hpp
[1.671s] -- Up-to-date symlink: /home/user/turtlebot3_ws/install/coin_d4_driver/include/coin_d4_driver/lidar_sdk/mtime.hpp
[1.671s] -- Up-to-date symlink: /home/user/turtlebot3_ws/install/coin_d4_driver/include/coin_d4_driver/lidar_sdk/serial_port.hpp
[1.671s] -- Up-to-date symlink: /home/user/turtlebot3_ws/install/coin_d4_driver/include/coin_d4_driver/lidar_sdk/timer.hpp
[1.672s] -- Up-to-date symlink: /home/user/turtlebot3_ws/install/coin_d4_driver/include/coin_d4_driver/multi_coin_d4_node.hpp
[1.672s] -- Up-to-date symlink: /home/user/turtlebot3_ws/install/coin_d4_driver/include/coin_d4_driver/single_coin_d4_node.hpp
[1.672s] -- Up-to-date symlink: /home/user/turtlebot3_ws/install/coin_d4_driver/share/coin_d4_driver/launch/multi_lidar_node.launch.py
[1.672s] -- Up-to-date symlink: /home/user/turtlebot3_ws/install/coin_d4_driver/share/coin_d4_driver/launch/single_lidar_node.launch.py
[1.673s] -- Up-to-date symlink: /home/user/turtlebot3_ws/install/coin_d4_driver/share/coin_d4_driver/params/multi_lidar_node.yaml
[1.673s] -- Up-to-date symlink: /home/user/turtlebot3_ws/install/coin_d4_driver/share/coin_d4_driver/params/single_lidar_node.yaml
[1.673s] -- Up-to-date symlink: /home/user/turtlebot3_ws/install/coin_d4_driver/lib/coin_d4_driver/single_coin_d4_node
[1.674s] -- Up-to-date symlink: /home/user/turtlebot3_ws/install/coin_d4_driver/lib/coin_d4_driver/multi_coin_d4_node
[1.674s] -- Up-to-date symlink: /home/user/turtlebot3_ws/install/coin_d4_driver/share/coin_d4_driver/environment/library_path.sh
[1.674s] -- Up-to-date symlink: /home/user/turtlebot3_ws/install/coin_d4_driver/share/coin_d4_driver/environment/library_path.dsv
[1.675s] -- Up-to-date symlink: /home/user/turtlebot3_ws/install/coin_d4_driver/share/ament_index/resource_index/package_run_dependencies/coin_d4_driver
[1.675s] -- Up-to-date symlink: /home/user/turtlebot3_ws/install/coin_d4_driver/share/ament_index/resource_index/parent_prefix_path/coin_d4_driver
[1.676s] -- Up-to-date symlink: /home/user/turtlebot3_ws/install/coin_d4_driver/share/coin_d4_driver/environment/ament_prefix_path.sh
[1.676s] -- Up-to-date symlink: /home/user/turtlebot3_ws/install/coin_d4_driver/share/coin_d4_driver/environment/ament_prefix_path.dsv
[1.676s] -- Up-to-date symlink: /home/user/turtlebot3_ws/install/coin_d4_driver/share/coin_d4_driver/environment/path.sh
[1.677s] -- Up-to-date symlink: /home/user/turtlebot3_ws/install/coin_d4_driver/share/coin_d4_driver/environment/path.dsv
[1.677s] -- Up-to-date symlink: /home/user/turtlebot3_ws/install/coin_d4_driver/share/coin_d4_driver/local_setup.bash
[1.678s] -- Up-to-date symlink: /home/user/turtlebot3_ws/install/coin_d4_driver/share/coin_d4_driver/local_setup.sh
[1.678s] -- Up-to-date symlink: /home/user/turtlebot3_ws/install/coin_d4_driver/share/coin_d4_driver/local_setup.zsh
[1.679s] -- Up-to-date symlink: /home/user/turtlebot3_ws/install/coin_d4_driver/share/coin_d4_driver/local_setup.dsv
[1.679s] -- Symlinking: /home/user/turtlebot3_ws/install/coin_d4_driver/share/coin_d4_driver/package.dsv
[1.695s] -- Up-to-date symlink: /home/user/turtlebot3_ws/install/coin_d4_driver/share/ament_index/resource_index/packages/coin_d4_driver
[1.695s] -- Up-to-date symlink: /home/user/turtlebot3_ws/install/coin_d4_driver/share/coin_d4_driver/cmake/ament_cmake_export_include_directories-extras.cmake
[1.695s] -- Up-to-date symlink: /home/user/turtlebot3_ws/install/coin_d4_driver/share/coin_d4_driver/cmake/ament_cmake_export_libraries-extras.cmake
[1.696s] -- Up-to-date symlink: /home/user/turtlebot3_ws/install/coin_d4_driver/share/coin_d4_driver/cmake/ament_cmake_export_targets-extras.cmake
[1.696s] -- Up-to-date symlink: /home/user/turtlebot3_ws/install/coin_d4_driver/share/coin_d4_driver/cmake/ament_cmake_export_dependencies-extras.cmake
[1.697s] -- Up-to-date symlink: /home/user/turtlebot3_ws/install/coin_d4_driver/share/coin_d4_driver/cmake/coin_d4_driverConfig.cmake
[1.697s] -- Up-to-date symlink: /home/user/turtlebot3_ws/install/coin_d4_driver/share/coin_d4_driver/cmake/coin_d4_driverConfig-version.cmake
[1.697s] -- Up-to-date symlink: /home/user/turtlebot3_ws/install/coin_d4_driver/share/coin_d4_driver/package.xml
[1.699s] -- Up-to-date: /home/user/turtlebot3_ws/install/coin_d4_driver/lib/libcoin_d4_driver_lib.so
[1.700s] -- Up-to-date: /home/user/turtlebot3_ws/install/coin_d4_driver/share/coin_d4_driver/cmake/export_coin_d4_driverExport.cmake
[1.701s] -- Up-to-date: /home/user/turtlebot3_ws/install/coin_d4_driver/share/coin_d4_driver/cmake/export_coin_d4_driverExport-noconfig.cmake
[1.744s] Invoked command in '/home/user/turtlebot3_ws/build/coin_d4_driver' returned '0': CMAKE_PREFIX_PATH=${CMAKE_PREFIX_PATH}:/opt/ros/humble /usr/bin/cmake --install /home/user/turtlebot3_ws/build/coin_d4_driver
