[0.045s] Invoking command in '/home/user/turtlebot3_ws/build/coin_d4_driver': CMAKE_PREFIX_PATH=${CMAKE_PREFIX_PATH}:/home/user/turtlebot3_ws/install/turtlebot3_teleop:/home/user/turtlebot3_ws/install/turtlebot3_example:/opt/ros/humble /usr/bin/cmake /home/user/turtlebot3_ws/src/coin_d4_driver -DAMENT_CMAKE_SYMLINK_INSTALL=1 -DCMAKE_INSTALL_PREFIX=/home/user/turtlebot3_ws/install/coin_d4_driver
[0.243s] -- The C compiler identification is GNU 11.4.0
[0.418s] -- The CXX compiler identification is GNU 11.4.0
[0.440s] -- Detecting C compiler ABI info
[0.597s] -- Detecting C compiler ABI info - done
[0.618s] -- Check for working C compiler: /usr/bin/cc - skipped
[0.619s] -- Detecting C compile features
[0.619s] -- Detecting C compile features - done
[0.627s] -- Detecting CXX compiler ABI info
[0.797s] -- Detecting CXX compiler ABI info - done
[0.813s] -- Check for working CXX compiler: /usr/bin/c++ - skipped
[0.814s] -- Detecting CXX compile features
[0.816s] -- Detecting CXX compile features - done
[0.829s] -- Found ament_cmake: 1.3.14 (/opt/ros/humble/share/ament_cmake/cmake)
[1.194s] -- Found Python3: /usr/bin/python3 (found version "3.10.12") found components: Interpreter 
[1.356s] -- Override CMake install command with custom implementation using symlinks instead of copying resources
[1.444s] -- Found rclcpp: 16.0.19 (/opt/ros/humble/share/rclcpp/cmake)
[1.558s] -- Found rosidl_generator_c: 3.1.9 (/opt/ros/humble/share/rosidl_generator_c/cmake)
[1.572s] -- Found rosidl_adapter: 3.1.9 (/opt/ros/humble/share/rosidl_adapter/cmake)
[1.596s] -- Found rosidl_generator_cpp: 3.1.9 (/opt/ros/humble/share/rosidl_generator_cpp/cmake)
[1.630s] -- Using all available rosidl_typesupport_c: rosidl_typesupport_fastrtps_c;rosidl_typesupport_introspection_c
[1.673s] -- Using all available rosidl_typesupport_cpp: rosidl_typesupport_fastrtps_cpp;rosidl_typesupport_introspection_cpp
[1.792s] -- Found rmw_implementation_cmake: 6.1.2 (/opt/ros/humble/share/rmw_implementation_cmake/cmake)
[1.800s] -- Found rmw_fastrtps_cpp: 6.2.10 (/opt/ros/humble/share/rmw_fastrtps_cpp/cmake)
[1.996s] -- Found OpenSSL: /usr/lib/aarch64-linux-gnu/libcrypto.so (found version "3.0.2")  
[2.059s] -- Found FastRTPS: /opt/ros/humble/include  
[2.142s] -- Using RMW implementation 'rmw_fastrtps_cpp' as default
[2.166s] -- Looking for pthread.h
[2.311s] -- Looking for pthread.h - found
[2.312s] -- Performing Test CMAKE_HAVE_LIBC_PTHREAD
[2.454s] -- Performing Test CMAKE_HAVE_LIBC_PTHREAD - Success
[2.456s] -- Found Threads: TRUE  
[2.592s] -- Found rclcpp_lifecycle: 16.0.19 (/opt/ros/humble/share/rclcpp_lifecycle/cmake)
[2.636s] -- Found sensor_msgs: 4.9.1 (/opt/ros/humble/share/sensor_msgs/cmake)
[2.861s] -- Configuring done
[2.904s] -- Generating done
[2.919s] -- Build files have been written to: /home/user/turtlebot3_ws/build/coin_d4_driver
[2.952s] Invoked command in '/home/user/turtlebot3_ws/build/coin_d4_driver' returned '0': CMAKE_PREFIX_PATH=${CMAKE_PREFIX_PATH}:/home/user/turtlebot3_ws/install/turtlebot3_teleop:/home/user/turtlebot3_ws/install/turtlebot3_example:/opt/ros/humble /usr/bin/cmake /home/user/turtlebot3_ws/src/coin_d4_driver -DAMENT_CMAKE_SYMLINK_INSTALL=1 -DCMAKE_INSTALL_PREFIX=/home/user/turtlebot3_ws/install/coin_d4_driver
[2.954s] Invoking command in '/home/user/turtlebot3_ws/build/coin_d4_driver': CMAKE_PREFIX_PATH=${CMAKE_PREFIX_PATH}:/home/user/turtlebot3_ws/install/turtlebot3_teleop:/home/user/turtlebot3_ws/install/turtlebot3_example:/opt/ros/humble /usr/bin/cmake --build /home/user/turtlebot3_ws/build/coin_d4_driver -- -j8 -l8
[3.065s] [  8%] [32mBuilding CXX object CMakeFiles/coin_d4_driver_lib.dir/src/lidar_sdk/lidar_data_processor.cpp.o[0m
[3.073s] [ 16%] [32mBuilding CXX object CMakeFiles/coin_d4_driver_lib.dir/src/lidar_sdk/mtime.cpp.o[0m
[3.096s] [ 33%] [32mBuilding CXX object CMakeFiles/coin_d4_driver_lib.dir/src/lidar_sdk/serial_port.cpp.o[0m
[3.097s] [ 33%] [32mBuilding CXX object CMakeFiles/coin_d4_driver_lib.dir/src/lidar_sdk/timer.cpp.o[0m
[3.114s] [ 41%] [32mBuilding CXX object CMakeFiles/coin_d4_driver_lib.dir/src/coin_d4_lifecycle_handler.cpp.o[0m
[3.147s] [ 50%] [32mBuilding CXX object CMakeFiles/coin_d4_driver_lib.dir/src/coin_d4_node_handler.cpp.o[0m
[3.162s] [ 58%] [32mBuilding CXX object CMakeFiles/coin_d4_driver_lib.dir/src/coin_d4_base_handler.cpp.o[0m
[16.318s] [ 66%] [32m[1mLinking CXX shared library libcoin_d4_driver_lib.so[0m
[16.884s] [ 66%] Built target coin_d4_driver_lib
[16.922s] [ 83%] [32mBuilding CXX object CMakeFiles/multi_coin_d4_node.dir/src/multi_coin_d4_node.cpp.o[0m
[16.922s] [ 83%] [32mBuilding CXX object CMakeFiles/single_coin_d4_node.dir/src/single_coin_d4_node.cpp.o[0m
[23.833s] [ 91%] [32m[1mLinking CXX executable single_coin_d4_node[0m
[23.990s] [100%] [32m[1mLinking CXX executable multi_coin_d4_node[0m
[24.165s] [100%] Built target single_coin_d4_node
[24.316s] [100%] Built target multi_coin_d4_node
[24.339s] Invoked command in '/home/user/turtlebot3_ws/build/coin_d4_driver' returned '0': CMAKE_PREFIX_PATH=${CMAKE_PREFIX_PATH}:/home/user/turtlebot3_ws/install/turtlebot3_teleop:/home/user/turtlebot3_ws/install/turtlebot3_example:/opt/ros/humble /usr/bin/cmake --build /home/user/turtlebot3_ws/build/coin_d4_driver -- -j8 -l8
[24.343s] Invoking command in '/home/user/turtlebot3_ws/build/coin_d4_driver': CMAKE_PREFIX_PATH=${CMAKE_PREFIX_PATH}:/home/user/turtlebot3_ws/install/turtlebot3_teleop:/home/user/turtlebot3_ws/install/turtlebot3_example:/opt/ros/humble /usr/bin/cmake --install /home/user/turtlebot3_ws/build/coin_d4_driver
[24.357s] -- Install configuration: ""
[24.358s] -- Execute custom install script
[24.359s] -- Symlinking: /home/user/turtlebot3_ws/install/coin_d4_driver/include/coin_d4_driver/coin_d4_base_handler.hpp
[24.375s] -- Symlinking: /home/user/turtlebot3_ws/install/coin_d4_driver/include/coin_d4_driver/coin_d4_lifecycle_handler.hpp
[24.391s] -- Symlinking: /home/user/turtlebot3_ws/install/coin_d4_driver/include/coin_d4_driver/coin_d4_node_handler.hpp
[24.406s] -- Symlinking: /home/user/turtlebot3_ws/install/coin_d4_driver/include/coin_d4_driver/lidar_sdk/handling_info.hpp
[24.423s] -- Symlinking: /home/user/turtlebot3_ws/install/coin_d4_driver/include/coin_d4_driver/lidar_sdk/lidar_data_processor.hpp
[24.440s] -- Symlinking: /home/user/turtlebot3_ws/install/coin_d4_driver/include/coin_d4_driver/lidar_sdk/lidar_information.hpp
[24.456s] -- Symlinking: /home/user/turtlebot3_ws/install/coin_d4_driver/include/coin_d4_driver/lidar_sdk/locker.hpp
[24.472s] -- Symlinking: /home/user/turtlebot3_ws/install/coin_d4_driver/include/coin_d4_driver/lidar_sdk/mtime.hpp
[24.488s] -- Symlinking: /home/user/turtlebot3_ws/install/coin_d4_driver/include/coin_d4_driver/lidar_sdk/serial_port.hpp
[24.504s] -- Symlinking: /home/user/turtlebot3_ws/install/coin_d4_driver/include/coin_d4_driver/lidar_sdk/timer.hpp
[24.519s] -- Symlinking: /home/user/turtlebot3_ws/install/coin_d4_driver/include/coin_d4_driver/multi_coin_d4_node.hpp
[24.535s] -- Symlinking: /home/user/turtlebot3_ws/install/coin_d4_driver/include/coin_d4_driver/single_coin_d4_node.hpp
[24.553s] -- Symlinking: /home/user/turtlebot3_ws/install/coin_d4_driver/share/coin_d4_driver/launch/multi_lidar_node.launch.py
[24.569s] -- Symlinking: /home/user/turtlebot3_ws/install/coin_d4_driver/share/coin_d4_driver/launch/single_lidar_node.launch.py
[24.585s] -- Symlinking: /home/user/turtlebot3_ws/install/coin_d4_driver/share/coin_d4_driver/params/multi_lidar_node.yaml
[24.600s] -- Symlinking: /home/user/turtlebot3_ws/install/coin_d4_driver/share/coin_d4_driver/params/single_lidar_node.yaml
[24.616s] -- Symlinking: /home/user/turtlebot3_ws/install/coin_d4_driver/lib/coin_d4_driver/single_coin_d4_node
[24.632s] -- Symlinking: /home/user/turtlebot3_ws/install/coin_d4_driver/lib/coin_d4_driver/multi_coin_d4_node
[24.649s] -- Symlinking: /home/user/turtlebot3_ws/install/coin_d4_driver/share/coin_d4_driver/environment/library_path.sh
[24.665s] -- Symlinking: /home/user/turtlebot3_ws/install/coin_d4_driver/share/coin_d4_driver/environment/library_path.dsv
[24.681s] -- Symlinking: /home/user/turtlebot3_ws/install/coin_d4_driver/share/ament_index/resource_index/package_run_dependencies/coin_d4_driver
[24.700s] -- Symlinking: /home/user/turtlebot3_ws/install/coin_d4_driver/share/ament_index/resource_index/parent_prefix_path/coin_d4_driver
[24.716s] -- Symlinking: /home/user/turtlebot3_ws/install/coin_d4_driver/share/coin_d4_driver/environment/ament_prefix_path.sh
[24.733s] -- Symlinking: /home/user/turtlebot3_ws/install/coin_d4_driver/share/coin_d4_driver/environment/ament_prefix_path.dsv
[24.750s] -- Symlinking: /home/user/turtlebot3_ws/install/coin_d4_driver/share/coin_d4_driver/environment/path.sh
[24.767s] -- Symlinking: /home/user/turtlebot3_ws/install/coin_d4_driver/share/coin_d4_driver/environment/path.dsv
[24.784s] -- Symlinking: /home/user/turtlebot3_ws/install/coin_d4_driver/share/coin_d4_driver/local_setup.bash
[24.801s] -- Symlinking: /home/user/turtlebot3_ws/install/coin_d4_driver/share/coin_d4_driver/local_setup.sh
[24.820s] -- Symlinking: /home/user/turtlebot3_ws/install/coin_d4_driver/share/coin_d4_driver/local_setup.zsh
[24.837s] -- Symlinking: /home/user/turtlebot3_ws/install/coin_d4_driver/share/coin_d4_driver/local_setup.dsv
[24.854s] -- Symlinking: /home/user/turtlebot3_ws/install/coin_d4_driver/share/coin_d4_driver/package.dsv
[24.870s] -- Symlinking: /home/user/turtlebot3_ws/install/coin_d4_driver/share/ament_index/resource_index/packages/coin_d4_driver
[24.887s] -- Symlinking: /home/user/turtlebot3_ws/install/coin_d4_driver/share/coin_d4_driver/cmake/ament_cmake_export_include_directories-extras.cmake
[24.904s] -- Symlinking: /home/user/turtlebot3_ws/install/coin_d4_driver/share/coin_d4_driver/cmake/ament_cmake_export_libraries-extras.cmake
[24.921s] -- Symlinking: /home/user/turtlebot3_ws/install/coin_d4_driver/share/coin_d4_driver/cmake/ament_cmake_export_targets-extras.cmake
[24.937s] -- Symlinking: /home/user/turtlebot3_ws/install/coin_d4_driver/share/coin_d4_driver/cmake/ament_cmake_export_dependencies-extras.cmake
[24.953s] -- Symlinking: /home/user/turtlebot3_ws/install/coin_d4_driver/share/coin_d4_driver/cmake/coin_d4_driverConfig.cmake
[24.969s] -- Symlinking: /home/user/turtlebot3_ws/install/coin_d4_driver/share/coin_d4_driver/cmake/coin_d4_driverConfig-version.cmake
[24.984s] -- Symlinking: /home/user/turtlebot3_ws/install/coin_d4_driver/share/coin_d4_driver/package.xml
[25.000s] -- Installing: /home/user/turtlebot3_ws/install/coin_d4_driver/lib/libcoin_d4_driver_lib.so
[25.010s] -- Set runtime path of "/home/user/turtlebot3_ws/install/coin_d4_driver/lib/libcoin_d4_driver_lib.so" to ""
[25.010s] -- Installing: /home/user/turtlebot3_ws/install/coin_d4_driver/share/coin_d4_driver/cmake/export_coin_d4_driverExport.cmake
[25.010s] -- Installing: /home/user/turtlebot3_ws/install/coin_d4_driver/share/coin_d4_driver/cmake/export_coin_d4_driverExport-noconfig.cmake
[25.017s] Invoked command in '/home/user/turtlebot3_ws/build/coin_d4_driver' returned '0': CMAKE_PREFIX_PATH=${CMAKE_PREFIX_PATH}:/home/user/turtlebot3_ws/install/turtlebot3_teleop:/home/user/turtlebot3_ws/install/turtlebot3_example:/opt/ros/humble /usr/bin/cmake --install /home/user/turtlebot3_ws/build/coin_d4_driver
