[0.053s] Invoking command in '/home/user/turtlebot3_ws/build/realsense_bringup': CMAKE_PREFIX_PATH=${CMAKE_PREFIX_PATH}:/opt/ros/humble /usr/bin/cmake /home/user/turtlebot3_ws/src/realsense_bringup -DCMAKE_INSTALL_PREFIX=/home/user/turtlebot3_ws/install/realsense_bringup
[0.088s] -- Found ament_cmake: 1.3.14 (/opt/ros/humble/share/ament_cmake/cmake)
[0.350s] -- Found rclcpp: 16.0.19 (/opt/ros/humble/share/rclcpp/cmake)
[0.413s] -- Found rosidl_generator_c: 3.1.9 (/opt/ros/humble/share/rosidl_generator_c/cmake)
[0.417s] -- Found rosidl_adapter: 3.1.9 (/opt/ros/humble/share/rosidl_adapter/cmake)
[0.430s] -- Found rosidl_generator_cpp: 3.1.9 (/opt/ros/humble/share/rosidl_generator_cpp/cmake)
[0.449s] -- Using all available rosidl_typesupport_c: rosidl_typesupport_fastrtps_c;rosidl_typesupport_introspection_c
[0.474s] -- Using all available rosidl_typesupport_cpp: rosidl_typesupport_fastrtps_cpp;rosidl_typesupport_introspection_cpp
[0.537s] -- Found rmw_implementation_cmake: 6.1.2 (/opt/ros/humble/share/rmw_implementation_cmake/cmake)
[0.540s] -- Found rmw_fastrtps_cpp: 6.2.10 (/opt/ros/humble/share/rmw_fastrtps_cpp/cmake)
[0.736s] -- Using RMW implementation 'rmw_fastrtps_cpp' as default
[0.835s] -- Found sensor_msgs: 4.9.1 (/opt/ros/humble/share/sensor_msgs/cmake)
[0.886s] -- Found visualization_msgs: 4.9.1 (/opt/ros/humble/share/visualization_msgs/cmake)
[0.921s] -- Found message_filters: 4.3.18 (/opt/ros/humble/share/message_filters/cmake)
[0.926s] -- Found cv_bridge: 3.2.1 (/opt/ros/humble/share/cv_bridge/cmake)
[0.931s] [31mCMake Error at /usr/lib/cmake/opencv4/OpenCVModules.cmake:172 (message):
[0.931s]   The imported target "opencv_core" references the file
[0.931s] 
[0.931s]      "/usr/lib/libopencv_core.so.4.8.0"
[0.931s] 
[0.932s]   but this file does not exist.  Possible reasons include:
[0.932s] 
[0.932s]   * The file was deleted, renamed, or moved to another location.
[0.932s] 
[0.932s]   * An install or uninstall procedure did not complete successfully.
[0.932s] 
[0.932s]   * The installation package was faulty and contained
[0.933s] 
[0.933s]      "/usr/lib/cmake/opencv4/OpenCVModules.cmake"
[0.933s] 
[0.933s]   but not all the files it references.
[0.933s] 
[0.933s] Call Stack (most recent call first):
[0.933s]   /usr/lib/cmake/opencv4/OpenCVConfig.cmake:126 (include)
[0.933s]   /opt/ros/humble/share/cv_bridge/cmake/ament_cmake_export_dependencies-extras.cmake:21 (find_package)
[0.934s]   /opt/ros/humble/share/cv_bridge/cmake/cv_bridgeConfig.cmake:41 (include)
[0.934s]   CMakeLists.txt:25 (find_package)
[0.934s] 
[0.934s] [0m
[0.934s] -- Configuring incomplete, errors occurred!
[0.934s] See also "/home/user/turtlebot3_ws/build/realsense_bringup/CMakeFiles/CMakeOutput.log".
[0.951s] Invoked command in '/home/user/turtlebot3_ws/build/realsense_bringup' returned '1': CMAKE_PREFIX_PATH=${CMAKE_PREFIX_PATH}:/opt/ros/humble /usr/bin/cmake /home/user/turtlebot3_ws/src/realsense_bringup -DCMAKE_INSTALL_PREFIX=/home/user/turtlebot3_ws/install/realsense_bringup
