[1.876s] Invoking command in '/home/user/turtlebot3_ws/src/turtlebot3_pick_place': PYTHONPATH=/home/user/turtlebot3_ws/build/turtlebot3_pick_place/prefix_override:/usr/lib/python3/dist-packages/colcon_core/task/python/colcon_distutils_commands:/home/user/turtlebot3_ws/install/turtlebot3_pick_place/lib/python3.10/site-packages:${PYTHONPATH} /usr/bin/python3 -W ignore:setup.py install is deprecated -W ignore:easy_install command is deprecated setup.py egg_info --egg-base ../../build/turtlebot3_pick_place build --build-base /home/user/turtlebot3_ws/build/turtlebot3_pick_place/build install --record /home/user/turtlebot3_ws/build/turtlebot3_pick_place/install.log --install-scripts $base/lib/turtlebot3_pick_place --single-version-externally-managed install_data
[2.209s] /home/user/.local/lib/python3.10/site-packages/setuptools/_distutils/dist.py:289: UserWarning: Unknown distribution option: 'tests_require'
[2.209s]   warnings.warn(msg)
[2.450s] running egg_info
[2.489s] creating ../../build/turtlebot3_pick_place/turtlebot3_pick_place.egg-info
[2.489s] writing ../../build/turtlebot3_pick_place/turtlebot3_pick_place.egg-info/PKG-INFO
[2.490s] writing dependency_links to ../../build/turtlebot3_pick_place/turtlebot3_pick_place.egg-info/dependency_links.txt
[2.491s] writing entry points to ../../build/turtlebot3_pick_place/turtlebot3_pick_place.egg-info/entry_points.txt
[2.491s] writing requirements to ../../build/turtlebot3_pick_place/turtlebot3_pick_place.egg-info/requires.txt
[2.491s] writing top-level names to ../../build/turtlebot3_pick_place/turtlebot3_pick_place.egg-info/top_level.txt
[2.492s] writing manifest file '../../build/turtlebot3_pick_place/turtlebot3_pick_place.egg-info/SOURCES.txt'
[2.575s] reading manifest file '../../build/turtlebot3_pick_place/turtlebot3_pick_place.egg-info/SOURCES.txt'
[2.577s] writing manifest file '../../build/turtlebot3_pick_place/turtlebot3_pick_place.egg-info/SOURCES.txt'
[2.577s] running build
[2.578s] running build_py
[2.578s] creating /home/user/turtlebot3_ws/build/turtlebot3_pick_place/build/lib/turtlebot3_pick_place
[2.578s] copying turtlebot3_pick_place/__init__.py -> /home/user/turtlebot3_ws/build/turtlebot3_pick_place/build/lib/turtlebot3_pick_place
[2.579s] copying turtlebot3_pick_place/segmentation_node.py -> /home/user/turtlebot3_ws/build/turtlebot3_pick_place/build/lib/turtlebot3_pick_place
[2.579s] running install
[2.588s] running install_lib
[2.630s] creating /home/user/turtlebot3_ws/install/turtlebot3_pick_place/lib/python3.10/site-packages/turtlebot3_pick_place
[2.630s] copying /home/user/turtlebot3_ws/build/turtlebot3_pick_place/build/lib/turtlebot3_pick_place/__init__.py -> /home/user/turtlebot3_ws/install/turtlebot3_pick_place/lib/python3.10/site-packages/turtlebot3_pick_place
[2.630s] copying /home/user/turtlebot3_ws/build/turtlebot3_pick_place/build/lib/turtlebot3_pick_place/segmentation_node.py -> /home/user/turtlebot3_ws/install/turtlebot3_pick_place/lib/python3.10/site-packages/turtlebot3_pick_place
[2.631s] byte-compiling /home/user/turtlebot3_ws/install/turtlebot3_pick_place/lib/python3.10/site-packages/turtlebot3_pick_place/__init__.py to __init__.cpython-310.pyc
[2.632s] byte-compiling /home/user/turtlebot3_ws/install/turtlebot3_pick_place/lib/python3.10/site-packages/turtlebot3_pick_place/segmentation_node.py to segmentation_node.cpython-310.pyc
[2.635s] running install_data
[2.636s] copying package.xml -> /home/user/turtlebot3_ws/install/turtlebot3_pick_place/share/turtlebot3_pick_place
[2.637s] copying launch/segmentation.launch.py -> /home/user/turtlebot3_ws/install/turtlebot3_pick_place/share/turtlebot3_pick_place/launch
[2.637s] creating /home/user/turtlebot3_ws/install/turtlebot3_pick_place/share/turtlebot3_pick_place/resource
[2.637s] copying resource/turtlebot3_pick_place -> /home/user/turtlebot3_ws/install/turtlebot3_pick_place/share/turtlebot3_pick_place/resource
[2.638s] copying resource/yolo.pt -> /home/user/turtlebot3_ws/install/turtlebot3_pick_place/share/turtlebot3_pick_place/resource
[2.649s] copying resource/sam2_t.pt -> /home/user/turtlebot3_ws/install/turtlebot3_pick_place/share/turtlebot3_pick_place/resource
[2.786s] running install_egg_info
[2.831s] Copying ../../build/turtlebot3_pick_place/turtlebot3_pick_place.egg-info to /home/user/turtlebot3_ws/install/turtlebot3_pick_place/lib/python3.10/site-packages/turtlebot3_pick_place-0.0.1-py3.10.egg-info
[2.833s] running install_scripts
[3.128s] Installing segmentation_node script to /home/user/turtlebot3_ws/install/turtlebot3_pick_place/lib/turtlebot3_pick_place
[3.128s] writing list of installed files to '/home/user/turtlebot3_ws/build/turtlebot3_pick_place/install.log'
[3.208s] Invoked command in '/home/user/turtlebot3_ws/src/turtlebot3_pick_place' returned '0': PYTHONPATH=/home/user/turtlebot3_ws/build/turtlebot3_pick_place/prefix_override:/usr/lib/python3/dist-packages/colcon_core/task/python/colcon_distutils_commands:/home/user/turtlebot3_ws/install/turtlebot3_pick_place/lib/python3.10/site-packages:${PYTHONPATH} /usr/bin/python3 -W ignore:setup.py install is deprecated -W ignore:easy_install command is deprecated setup.py egg_info --egg-base ../../build/turtlebot3_pick_place build --build-base /home/user/turtlebot3_ws/build/turtlebot3_pick_place/build install --record /home/user/turtlebot3_ws/build/turtlebot3_pick_place/install.log --install-scripts $base/lib/turtlebot3_pick_place --single-version-externally-managed install_data
