[0.061s] Invoking command in '/home/user/turtlebot3_ws/build/realsense_bringup': CMAKE_PREFIX_PATH=${CMAKE_PREFIX_PATH}:/opt/ros/humble /usr/bin/cmake --build /home/user/turtlebot3_ws/build/realsense_bringup -- -j8 -l8
[0.175s] [35m[1mConsolidate compiler generated dependencies of target realsense_tf_node[0m
[0.313s] [100%] Built target realsense_tf_node
[0.383s] Invoked command in '/home/user/turtlebot3_ws/build/realsense_bringup' returned '0': CMAKE_PREFIX_PATH=${CMAKE_PREFIX_PATH}:/opt/ros/humble /usr/bin/cmake --build /home/user/turtlebot3_ws/build/realsense_bringup -- -j8 -l8
[0.384s] Invoking command in '/home/user/turtlebot3_ws/build/realsense_bringup': CMAKE_PREFIX_PATH=${CMAKE_PREFIX_PATH}:/opt/ros/humble /usr/bin/cmake --install /home/user/turtlebot3_ws/build/realsense_bringup
[0.401s] -- Install configuration: ""
[0.402s] -- Up-to-date: /home/user/turtlebot3_ws/install/realsense_bringup/lib/realsense_bringup/realsense_tf_node
[0.404s] -- Up-to-date: /home/user/turtlebot3_ws/install/realsense_bringup/share/realsense_bringup/launch
[0.404s] -- Installing: /home/user/turtlebot3_ws/install/realsense_bringup/share/realsense_bringup/launch/realsense_tf.launch.py
[0.405s] -- Up-to-date: /home/user/turtlebot3_ws/install/realsense_bringup/share/ament_index/resource_index/package_run_dependencies/realsense_bringup
[0.405s] -- Up-to-date: /home/user/turtlebot3_ws/install/realsense_bringup/share/ament_index/resource_index/parent_prefix_path/realsense_bringup
[0.406s] -- Up-to-date: /home/user/turtlebot3_ws/install/realsense_bringup/share/realsense_bringup/environment/ament_prefix_path.sh
[0.406s] -- Up-to-date: /home/user/turtlebot3_ws/install/realsense_bringup/share/realsense_bringup/environment/ament_prefix_path.dsv
[0.406s] -- Up-to-date: /home/user/turtlebot3_ws/install/realsense_bringup/share/realsense_bringup/environment/path.sh
[0.406s] -- Up-to-date: /home/user/turtlebot3_ws/install/realsense_bringup/share/realsense_bringup/environment/path.dsv
[0.407s] -- Up-to-date: /home/user/turtlebot3_ws/install/realsense_bringup/share/realsense_bringup/local_setup.bash
[0.407s] -- Up-to-date: /home/user/turtlebot3_ws/install/realsense_bringup/share/realsense_bringup/local_setup.sh
[0.407s] -- Up-to-date: /home/user/turtlebot3_ws/install/realsense_bringup/share/realsense_bringup/local_setup.zsh
[0.407s] -- Up-to-date: /home/user/turtlebot3_ws/install/realsense_bringup/share/realsense_bringup/local_setup.dsv
[0.407s] -- Installing: /home/user/turtlebot3_ws/install/realsense_bringup/share/realsense_bringup/package.dsv
[0.409s] -- Up-to-date: /home/user/turtlebot3_ws/install/realsense_bringup/share/ament_index/resource_index/packages/realsense_bringup
[0.410s] -- Up-to-date: /home/user/turtlebot3_ws/install/realsense_bringup/share/realsense_bringup/cmake/ament_cmake_export_dependencies-extras.cmake
[0.410s] -- Up-to-date: /home/user/turtlebot3_ws/install/realsense_bringup/share/realsense_bringup/cmake/realsense_bringupConfig.cmake
[0.411s] -- Up-to-date: /home/user/turtlebot3_ws/install/realsense_bringup/share/realsense_bringup/cmake/realsense_bringupConfig-version.cmake
[0.411s] -- Up-to-date: /home/user/turtlebot3_ws/install/realsense_bringup/share/realsense_bringup/package.xml
[0.445s] Invoked command in '/home/user/turtlebot3_ws/build/realsense_bringup' returned '0': CMAKE_PREFIX_PATH=${CMAKE_PREFIX_PATH}:/opt/ros/humble /usr/bin/cmake --install /home/user/turtlebot3_ws/build/realsense_bringup
