[0.061s] Invoking command in '/home/user/turtlebot3_ws/build/ld08_driver': CMAKE_PREFIX_PATH=${CMAKE_PREFIX_PATH}:/opt/ros/humble /usr/bin/cmake --build /home/user/turtlebot3_ws/build/ld08_driver -- -j8 -l8
[0.222s] [100%] Built target ld08_driver
[0.333s] Invoked command in '/home/user/turtlebot3_ws/build/ld08_driver' returned '0': CMAKE_PREFIX_PATH=${CMAKE_PREFIX_PATH}:/opt/ros/humble /usr/bin/cmake --build /home/user/turtlebot3_ws/build/ld08_driver -- -j8 -l8
[0.336s] Invoking command in '/home/user/turtlebot3_ws/build/ld08_driver': CMAKE_PREFIX_PATH=${CMAKE_PREFIX_PATH}:/opt/ros/humble /usr/bin/cmake --install /home/user/turtlebot3_ws/build/ld08_driver
[0.359s] -- Install configuration: ""
[0.360s] -- Execute custom install script
[0.360s] -- Up-to-date symlink: /home/user/turtlebot3_ws/install/ld08_driver/share/ld08_driver/launch/ld08.launch.py
[0.360s] -- Up-to-date symlink: /home/user/turtlebot3_ws/install/ld08_driver/lib/ld08_driver/ld08_driver
[0.360s] -- Up-to-date symlink: /home/user/turtlebot3_ws/install/ld08_driver/share/ament_index/resource_index/package_run_dependencies/ld08_driver
[0.361s] -- Up-to-date symlink: /home/user/turtlebot3_ws/install/ld08_driver/share/ament_index/resource_index/parent_prefix_path/ld08_driver
[0.361s] -- Up-to-date symlink: /home/user/turtlebot3_ws/install/ld08_driver/share/ld08_driver/environment/ament_prefix_path.sh
[0.362s] -- Up-to-date symlink: /home/user/turtlebot3_ws/install/ld08_driver/share/ld08_driver/environment/ament_prefix_path.dsv
[0.363s] -- Up-to-date symlink: /home/user/turtlebot3_ws/install/ld08_driver/share/ld08_driver/environment/path.sh
[0.364s] -- Up-to-date symlink: /home/user/turtlebot3_ws/install/ld08_driver/share/ld08_driver/environment/path.dsv
[0.364s] -- Up-to-date symlink: /home/user/turtlebot3_ws/install/ld08_driver/share/ld08_driver/local_setup.bash
[0.365s] -- Up-to-date symlink: /home/user/turtlebot3_ws/install/ld08_driver/share/ld08_driver/local_setup.sh
[0.366s] -- Up-to-date symlink: /home/user/turtlebot3_ws/install/ld08_driver/share/ld08_driver/local_setup.zsh
[0.366s] -- Up-to-date symlink: /home/user/turtlebot3_ws/install/ld08_driver/share/ld08_driver/local_setup.dsv
[0.367s] -- Symlinking: /home/user/turtlebot3_ws/install/ld08_driver/share/ld08_driver/package.dsv
[0.374s] -- Up-to-date symlink: /home/user/turtlebot3_ws/install/ld08_driver/share/ament_index/resource_index/packages/ld08_driver
[0.375s] -- Up-to-date symlink: /home/user/turtlebot3_ws/install/ld08_driver/share/ld08_driver/cmake/ament_cmake_export_dependencies-extras.cmake
[0.375s] -- Up-to-date symlink: /home/user/turtlebot3_ws/install/ld08_driver/share/ld08_driver/cmake/ament_cmake_export_include_directories-extras.cmake
[0.376s] -- Up-to-date symlink: /home/user/turtlebot3_ws/install/ld08_driver/share/ld08_driver/cmake/ld08_driverConfig.cmake
[0.377s] -- Up-to-date symlink: /home/user/turtlebot3_ws/install/ld08_driver/share/ld08_driver/cmake/ld08_driverConfig-version.cmake
[0.377s] -- Up-to-date symlink: /home/user/turtlebot3_ws/install/ld08_driver/share/ld08_driver/package.xml
[0.400s] Invoked command in '/home/user/turtlebot3_ws/build/ld08_driver' returned '0': CMAKE_PREFIX_PATH=${CMAKE_PREFIX_PATH}:/opt/ros/humble /usr/bin/cmake --install /home/user/turtlebot3_ws/build/ld08_driver
