[0.059s] Invoking command in '/home/user/turtlebot3_ws/build/realsense_bringup': CMAKE_PREFIX_PATH=${CMAKE_PREFIX_PATH}:/opt/ros/humble /usr/bin/cmake /home/user/turtlebot3_ws/src/realsense_bringup -DCMAKE_INSTALL_PREFIX=/home/user/turtlebot3_ws/install/realsense_bringup
[0.130s] -- Found ament_cmake: 1.3.14 (/opt/ros/humble/share/ament_cmake/cmake)
[0.387s] -- Found rclcpp: 16.0.19 (/opt/ros/humble/share/rclcpp/cmake)
[0.457s] -- Found rosidl_generator_c: 3.1.9 (/opt/ros/humble/share/rosidl_generator_c/cmake)
[0.463s] -- Found rosidl_adapter: 3.1.9 (/opt/ros/humble/share/rosidl_adapter/cmake)
[0.478s] -- Found rosidl_generator_cpp: 3.1.9 (/opt/ros/humble/share/rosidl_generator_cpp/cmake)
[0.502s] -- Using all available rosidl_typesupport_c: rosidl_typesupport_fastrtps_c;rosidl_typesupport_introspection_c
[0.531s] -- Using all available rosidl_typesupport_cpp: rosidl_typesupport_fastrtps_cpp;rosidl_typesupport_introspection_cpp
[0.609s] -- Found rmw_implementation_cmake: 6.1.2 (/opt/ros/humble/share/rmw_implementation_cmake/cmake)
[0.613s] -- Found rmw_fastrtps_cpp: 6.2.10 (/opt/ros/humble/share/rmw_fastrtps_cpp/cmake)
[0.820s] -- Using RMW implementation 'rmw_fastrtps_cpp' as default
[0.935s] -- Found sensor_msgs: 4.9.1 (/opt/ros/humble/share/sensor_msgs/cmake)
[1.000s] -- Found visualization_msgs: 4.9.1 (/opt/ros/humble/share/visualization_msgs/cmake)
[1.039s] -- Found message_filters: 4.3.18 (/opt/ros/humble/share/message_filters/cmake)
[1.045s] -- Found cv_bridge: 3.2.1 (/opt/ros/humble/share/cv_bridge/cmake)
[1.051s] [31mCMake Error at /usr/lib/cmake/opencv4/OpenCVModules.cmake:172 (message):
[1.051s]   The imported target "opencv_gapi" references the file
[1.051s] 
[1.052s]      "/usr/lib/libopencv_gapi.so.4.8.0"
[1.052s] 
[1.052s]   but this file does not exist.  Possible reasons include:
[1.052s] 
[1.052s]   * The file was deleted, renamed, or moved to another location.
[1.052s] 
[1.052s]   * An install or uninstall procedure did not complete successfully.
[1.052s] 
[1.052s]   * The installation package was faulty and contained
[1.053s] 
[1.053s]      "/usr/lib/cmake/opencv4/OpenCVModules.cmake"
[1.053s] 
[1.053s]   but not all the files it references.
[1.053s] 
[1.053s] Call Stack (most recent call first):
[1.053s]   /usr/lib/cmake/opencv4/OpenCVConfig.cmake:126 (include)
[1.053s]   /opt/ros/humble/share/cv_bridge/cmake/ament_cmake_export_dependencies-extras.cmake:21 (find_package)
[1.053s]   /opt/ros/humble/share/cv_bridge/cmake/cv_bridgeConfig.cmake:41 (include)
[1.054s]   CMakeLists.txt:25 (find_package)
[1.054s] 
[1.054s] [0m
[1.054s] -- Configuring incomplete, errors occurred!
[1.054s] See also "/home/user/turtlebot3_ws/build/realsense_bringup/CMakeFiles/CMakeOutput.log".
[1.069s] Invoked command in '/home/user/turtlebot3_ws/build/realsense_bringup' returned '1': CMAKE_PREFIX_PATH=${CMAKE_PREFIX_PATH}:/opt/ros/humble /usr/bin/cmake /home/user/turtlebot3_ws/src/realsense_bringup -DCMAKE_INSTALL_PREFIX=/home/user/turtlebot3_ws/install/realsense_bringup
