[0.062s] Invoking command in '/home/user/turtlebot3_ws/build/realsense_bringup': CMAKE_PREFIX_PATH=${CMAKE_PREFIX_PATH}:/opt/ros/humble /usr/bin/cmake /home/user/turtlebot3_ws/src/realsense_bringup -DCMAKE_INSTALL_PREFIX=/home/user/turtlebot3_ws/install/realsense_bringup
[0.581s] -- The C compiler identification is GNU 11.4.0
[0.583s] -- The CXX compiler identification is GNU 11.4.0
[0.583s] -- Detecting C compiler ABI info
[0.611s] -- Detecting C compiler ABI info - done
[0.620s] -- Check for working C compiler: /usr/bin/cc - skipped
[0.622s] -- Detecting C compile features
[0.624s] -- Detecting C compile features - done
[0.631s] -- Detecting CXX compiler ABI info
[0.793s] -- Detecting CXX compiler ABI info - done
[0.805s] -- Check for working CXX compiler: /usr/bin/c++ - skipped
[0.805s] -- Detecting CXX compile features
[0.806s] -- Detecting CXX compile features - done
[0.815s] -- Found ament_cmake: 1.3.14 (/opt/ros/humble/share/ament_cmake/cmake)
[1.140s] -- Found Python3: /usr/bin/python3 (found version "3.10.12") found components: Interpreter 
[1.388s] -- Found rclcpp: 16.0.19 (/opt/ros/humble/share/rclcpp/cmake)
[1.495s] -- Found rosidl_generator_c: 3.1.9 (/opt/ros/humble/share/rosidl_generator_c/cmake)
[1.516s] -- Found rosidl_adapter: 3.1.9 (/opt/ros/humble/share/rosidl_adapter/cmake)
[1.533s] -- Found rosidl_generator_cpp: 3.1.9 (/opt/ros/humble/share/rosidl_generator_cpp/cmake)
[1.564s] -- Using all available rosidl_typesupport_c: rosidl_typesupport_fastrtps_c;rosidl_typesupport_introspection_c
[1.606s] -- Using all available rosidl_typesupport_cpp: rosidl_typesupport_fastrtps_cpp;rosidl_typesupport_introspection_cpp
[1.718s] -- Found rmw_implementation_cmake: 6.1.2 (/opt/ros/humble/share/rmw_implementation_cmake/cmake)
[1.727s] -- Found rmw_fastrtps_cpp: 6.2.10 (/opt/ros/humble/share/rmw_fastrtps_cpp/cmake)
[1.909s] -- Found OpenSSL: /usr/lib/aarch64-linux-gnu/libcrypto.so (found version "3.0.2")  
[1.971s] -- Found FastRTPS: /opt/ros/humble/include  
[2.052s] -- Using RMW implementation 'rmw_fastrtps_cpp' as default
[2.074s] -- Looking for pthread.h
[2.208s] -- Looking for pthread.h - found
[2.209s] -- Performing Test CMAKE_HAVE_LIBC_PTHREAD
[2.355s] -- Performing Test CMAKE_HAVE_LIBC_PTHREAD - Success
[2.357s] -- Found Threads: TRUE  
[2.481s] -- Found sensor_msgs: 4.9.1 (/opt/ros/humble/share/sensor_msgs/cmake)
[2.546s] -- Found visualization_msgs: 4.9.1 (/opt/ros/humble/share/visualization_msgs/cmake)
[2.594s] -- Found message_filters: 4.3.18 (/opt/ros/humble/share/message_filters/cmake)
[2.605s] -- Found cv_bridge: 3.2.1 (/opt/ros/humble/share/cv_bridge/cmake)
[2.617s] [31mCMake Error at /usr/lib/cmake/opencv4/OpenCVModules.cmake:172 (message):
[2.617s]   The imported target "opencv_core" references the file
[2.618s] 
[2.618s]      "/usr/lib/libopencv_core.so.4.8.0"
[2.618s] 
[2.618s]   but this file does not exist.  Possible reasons include:
[2.618s] 
[2.618s]   * The file was deleted, renamed, or moved to another location.
[2.618s] 
[2.619s]   * An install or uninstall procedure did not complete successfully.
[2.619s] 
[2.619s]   * The installation package was faulty and contained
[2.619s] 
[2.619s]      "/usr/lib/cmake/opencv4/OpenCVModules.cmake"
[2.619s] 
[2.619s]   but not all the files it references.
[2.620s] 
[2.620s] Call Stack (most recent call first):
[2.620s]   /usr/lib/cmake/opencv4/OpenCVConfig.cmake:126 (include)
[2.620s]   /opt/ros/humble/share/cv_bridge/cmake/ament_cmake_export_dependencies-extras.cmake:21 (find_package)
[2.620s]   /opt/ros/humble/share/cv_bridge/cmake/cv_bridgeConfig.cmake:41 (include)
[2.620s]   CMakeLists.txt:25 (find_package)
[2.620s] 
[2.620s] [0m
[2.621s] -- Configuring incomplete, errors occurred!
[2.621s] See also "/home/user/turtlebot3_ws/build/realsense_bringup/CMakeFiles/CMakeOutput.log".
[2.643s] Invoked command in '/home/user/turtlebot3_ws/build/realsense_bringup' returned '1': CMAKE_PREFIX_PATH=${CMAKE_PREFIX_PATH}:/opt/ros/humble /usr/bin/cmake /home/user/turtlebot3_ws/src/realsense_bringup -DCMAKE_INSTALL_PREFIX=/home/user/turtlebot3_ws/install/realsense_bringup
