[0.072s] Invoking command in '/home/user/turtlebot3_ws/build/coin_d4_driver': CMAKE_PREFIX_PATH=${CMAKE_PREFIX_PATH}:/home/user/turtlebot3_ws/install/segmentation:/opt/ros/humble /usr/bin/cmake --build /home/user/turtlebot3_ws/build/coin_d4_driver -- -j8 -l8
[0.595s] [ 66%] Built target coin_d4_driver_lib
[0.596s] [100%] Built target multi_coin_d4_node
[0.596s] [100%] Built target single_coin_d4_node
[0.641s] Invoked command in '/home/user/turtlebot3_ws/build/coin_d4_driver' returned '0': CMAKE_PREFIX_PATH=${CMAKE_PREFIX_PATH}:/home/user/turtlebot3_ws/install/segmentation:/opt/ros/humble /usr/bin/cmake --build /home/user/turtlebot3_ws/build/coin_d4_driver -- -j8 -l8
[0.643s] Invoking command in '/home/user/turtlebot3_ws/build/coin_d4_driver': CMAKE_PREFIX_PATH=${CMAKE_PREFIX_PATH}:/home/user/turtlebot3_ws/install/segmentation:/opt/ros/humble /usr/bin/cmake --install /home/user/turtlebot3_ws/build/coin_d4_driver
[0.704s] -- Install configuration: ""
[0.704s] -- Execute custom install script
[0.705s] -- Up-to-date symlink: /home/user/turtlebot3_ws/install/coin_d4_driver/include/coin_d4_driver/coin_d4_base_handler.hpp
[0.705s] -- Up-to-date symlink: /home/user/turtlebot3_ws/install/coin_d4_driver/include/coin_d4_driver/coin_d4_lifecycle_handler.hpp
[0.706s] -- Up-to-date symlink: /home/user/turtlebot3_ws/install/coin_d4_driver/include/coin_d4_driver/coin_d4_node_handler.hpp
[0.706s] -- Up-to-date symlink: /home/user/turtlebot3_ws/install/coin_d4_driver/include/coin_d4_driver/lidar_sdk/handling_info.hpp
[0.707s] -- Up-to-date symlink: /home/user/turtlebot3_ws/install/coin_d4_driver/include/coin_d4_driver/lidar_sdk/lidar_data_processor.hpp
[0.708s] -- Up-to-date symlink: /home/user/turtlebot3_ws/install/coin_d4_driver/include/coin_d4_driver/lidar_sdk/lidar_information.hpp
[0.710s] -- Up-to-date symlink: /home/user/turtlebot3_ws/install/coin_d4_driver/include/coin_d4_driver/lidar_sdk/locker.hpp
[0.710s] -- Up-to-date symlink: /home/user/turtlebot3_ws/install/coin_d4_driver/include/coin_d4_driver/lidar_sdk/mtime.hpp
[0.713s] -- Up-to-date symlink: /home/user/turtlebot3_ws/install/coin_d4_driver/include/coin_d4_driver/lidar_sdk/serial_port.hpp
[0.713s] -- Up-to-date symlink: /home/user/turtlebot3_ws/install/coin_d4_driver/include/coin_d4_driver/lidar_sdk/timer.hpp
[0.713s] -- Up-to-date symlink: /home/user/turtlebot3_ws/install/coin_d4_driver/include/coin_d4_driver/multi_coin_d4_node.hpp
[0.714s] -- Up-to-date symlink: /home/user/turtlebot3_ws/install/coin_d4_driver/include/coin_d4_driver/single_coin_d4_node.hpp
[0.715s] -- Up-to-date symlink: /home/user/turtlebot3_ws/install/coin_d4_driver/share/coin_d4_driver/launch/multi_lidar_node.launch.py
[0.715s] -- Up-to-date symlink: /home/user/turtlebot3_ws/install/coin_d4_driver/share/coin_d4_driver/launch/single_lidar_node.launch.py
[0.715s] -- Up-to-date symlink: /home/user/turtlebot3_ws/install/coin_d4_driver/share/coin_d4_driver/params/multi_lidar_node.yaml
[0.716s] -- Up-to-date symlink: /home/user/turtlebot3_ws/install/coin_d4_driver/share/coin_d4_driver/params/single_lidar_node.yaml
[0.717s] -- Up-to-date symlink: /home/user/turtlebot3_ws/install/coin_d4_driver/lib/coin_d4_driver/single_coin_d4_node
[0.717s] -- Up-to-date symlink: /home/user/turtlebot3_ws/install/coin_d4_driver/lib/coin_d4_driver/multi_coin_d4_node
[0.718s] -- Up-to-date symlink: /home/user/turtlebot3_ws/install/coin_d4_driver/share/coin_d4_driver/environment/library_path.sh
[0.718s] -- Up-to-date symlink: /home/user/turtlebot3_ws/install/coin_d4_driver/share/coin_d4_driver/environment/library_path.dsv
[0.720s] -- Up-to-date symlink: /home/user/turtlebot3_ws/install/coin_d4_driver/share/ament_index/resource_index/package_run_dependencies/coin_d4_driver
[0.720s] -- Up-to-date symlink: /home/user/turtlebot3_ws/install/coin_d4_driver/share/ament_index/resource_index/parent_prefix_path/coin_d4_driver
[0.721s] -- Up-to-date symlink: /home/user/turtlebot3_ws/install/coin_d4_driver/share/coin_d4_driver/environment/ament_prefix_path.sh
[0.722s] -- Up-to-date symlink: /home/user/turtlebot3_ws/install/coin_d4_driver/share/coin_d4_driver/environment/ament_prefix_path.dsv
[0.722s] -- Up-to-date symlink: /home/user/turtlebot3_ws/install/coin_d4_driver/share/coin_d4_driver/environment/path.sh
[0.723s] -- Up-to-date symlink: /home/user/turtlebot3_ws/install/coin_d4_driver/share/coin_d4_driver/environment/path.dsv
[0.723s] -- Up-to-date symlink: /home/user/turtlebot3_ws/install/coin_d4_driver/share/coin_d4_driver/local_setup.bash
[0.724s] -- Up-to-date symlink: /home/user/turtlebot3_ws/install/coin_d4_driver/share/coin_d4_driver/local_setup.sh
[0.724s] -- Up-to-date symlink: /home/user/turtlebot3_ws/install/coin_d4_driver/share/coin_d4_driver/local_setup.zsh
[0.724s] -- Up-to-date symlink: /home/user/turtlebot3_ws/install/coin_d4_driver/share/coin_d4_driver/local_setup.dsv
[0.726s] -- Symlinking: /home/user/turtlebot3_ws/install/coin_d4_driver/share/coin_d4_driver/package.dsv
[0.727s] -- Up-to-date symlink: /home/user/turtlebot3_ws/install/coin_d4_driver/share/ament_index/resource_index/packages/coin_d4_driver
[0.727s] -- Up-to-date symlink: /home/user/turtlebot3_ws/install/coin_d4_driver/share/coin_d4_driver/cmake/ament_cmake_export_include_directories-extras.cmake
[0.727s] -- Up-to-date symlink: /home/user/turtlebot3_ws/install/coin_d4_driver/share/coin_d4_driver/cmake/ament_cmake_export_libraries-extras.cmake
[0.727s] -- Up-to-date symlink: /home/user/turtlebot3_ws/install/coin_d4_driver/share/coin_d4_driver/cmake/ament_cmake_export_targets-extras.cmake
[0.728s] -- Up-to-date symlink: /home/user/turtlebot3_ws/install/coin_d4_driver/share/coin_d4_driver/cmake/ament_cmake_export_dependencies-extras.cmake
[0.728s] -- Up-to-date symlink: /home/user/turtlebot3_ws/install/coin_d4_driver/share/coin_d4_driver/cmake/coin_d4_driverConfig.cmake
[0.728s] -- Up-to-date symlink: /home/user/turtlebot3_ws/install/coin_d4_driver/share/coin_d4_driver/cmake/coin_d4_driverConfig-version.cmake
[0.729s] -- Up-to-date symlink: /home/user/turtlebot3_ws/install/coin_d4_driver/share/coin_d4_driver/package.xml
[0.729s] -- Up-to-date: /home/user/turtlebot3_ws/install/coin_d4_driver/lib/libcoin_d4_driver_lib.so
[0.729s] -- Up-to-date: /home/user/turtlebot3_ws/install/coin_d4_driver/share/coin_d4_driver/cmake/export_coin_d4_driverExport.cmake
[0.730s] -- Up-to-date: /home/user/turtlebot3_ws/install/coin_d4_driver/share/coin_d4_driver/cmake/export_coin_d4_driverExport-noconfig.cmake
[0.917s] Invoked command in '/home/user/turtlebot3_ws/build/coin_d4_driver' returned '0': CMAKE_PREFIX_PATH=${CMAKE_PREFIX_PATH}:/home/user/turtlebot3_ws/install/segmentation:/opt/ros/humble /usr/bin/cmake --install /home/user/turtlebot3_ws/build/coin_d4_driver
