[0.059s] Invoking command in '/home/user/turtlebot3_ws/build/realsense_bringup': CMAKE_PREFIX_PATH=${CMAKE_PREFIX_PATH}:/opt/ros/humble /usr/bin/cmake /home/user/turtlebot3_ws/src/realsense_bringup -DCMAKE_INSTALL_PREFIX=/home/user/turtlebot3_ws/install/realsense_bringup
[0.093s] -- Found ament_cmake: 1.3.14 (/opt/ros/humble/share/ament_cmake/cmake)
[0.339s] -- Override CMake install command with custom implementation using symlinks instead of copying resources
[0.353s] -- Found rclcpp: 16.0.19 (/opt/ros/humble/share/rclcpp/cmake)
[0.411s] -- Found rosidl_generator_c: 3.1.9 (/opt/ros/humble/share/rosidl_generator_c/cmake)
[0.416s] -- Found rosidl_adapter: 3.1.9 (/opt/ros/humble/share/rosidl_adapter/cmake)
[0.428s] -- Found rosidl_generator_cpp: 3.1.9 (/opt/ros/humble/share/rosidl_generator_cpp/cmake)
[0.447s] -- Using all available rosidl_typesupport_c: rosidl_typesupport_fastrtps_c;rosidl_typesupport_introspection_c
[0.472s] -- Using all available rosidl_typesupport_cpp: rosidl_typesupport_fastrtps_cpp;rosidl_typesupport_introspection_cpp
[0.534s] -- Found rmw_implementation_cmake: 6.1.2 (/opt/ros/humble/share/rmw_implementation_cmake/cmake)
[0.537s] -- Found rmw_fastrtps_cpp: 6.2.10 (/opt/ros/humble/share/rmw_fastrtps_cpp/cmake)
[0.733s] -- Using RMW implementation 'rmw_fastrtps_cpp' as default
[0.833s] -- Found sensor_msgs: 4.9.1 (/opt/ros/humble/share/sensor_msgs/cmake)
[0.884s] -- Found visualization_msgs: 4.9.1 (/opt/ros/humble/share/visualization_msgs/cmake)
[0.919s] -- Found message_filters: 4.3.18 (/opt/ros/humble/share/message_filters/cmake)
[0.929s] -- Found cv_bridge: 3.2.1 (/opt/ros/humble/share/cv_bridge/cmake)
[0.934s] [31mCMake Error at /usr/lib/cmake/opencv4/OpenCVModules.cmake:172 (message):
[0.934s]   The imported target "opencv_gapi" references the file
[0.934s] 
[0.934s]      "/usr/lib/libopencv_gapi.so.4.8.0"
[0.934s] 
[0.934s]   but this file does not exist.  Possible reasons include:
[0.935s] 
[0.935s]   * The file was deleted, renamed, or moved to another location.
[0.935s] 
[0.935s]   * An install or uninstall procedure did not complete successfully.
[0.935s] 
[0.935s]   * The installation package was faulty and contained
[0.935s] 
[0.936s]      "/usr/lib/cmake/opencv4/OpenCVModules.cmake"
[0.936s] 
[0.936s]   but not all the files it references.
[0.936s] 
[0.936s] Call Stack (most recent call first):
[0.936s]   /usr/lib/cmake/opencv4/OpenCVConfig.cmake:126 (include)
[0.936s]   /opt/ros/humble/share/cv_bridge/cmake/ament_cmake_export_dependencies-extras.cmake:21 (find_package)
[0.937s]   /opt/ros/humble/share/cv_bridge/cmake/cv_bridgeConfig.cmake:41 (include)
[0.937s]   CMakeLists.txt:25 (find_package)
[0.937s] 
[0.937s] [0m
[0.937s] -- Configuring incomplete, errors occurred!
[0.937s] See also "/home/user/turtlebot3_ws/build/realsense_bringup/CMakeFiles/CMakeOutput.log".
[0.985s] Invoked command in '/home/user/turtlebot3_ws/build/realsense_bringup' returned '1': CMAKE_PREFIX_PATH=${CMAKE_PREFIX_PATH}:/opt/ros/humble /usr/bin/cmake /home/user/turtlebot3_ws/src/realsense_bringup -DCMAKE_INSTALL_PREFIX=/home/user/turtlebot3_ws/install/realsense_bringup
