[0.059s] Invoking command in '/home/user/turtlebot3_ws/build/coin_d4_driver': CMAKE_PREFIX_PATH=${CMAKE_PREFIX_PATH}:/opt/ros/humble /usr/bin/cmake --build /home/user/turtlebot3_ws/build/coin_d4_driver -- -j8 -l8
[0.199s] [ 66%] Built target coin_d4_driver_lib
[0.254s] [ 83%] Built target single_coin_d4_node
[0.259s] [100%] Built target multi_coin_d4_node
[0.471s] Invoked command in '/home/user/turtlebot3_ws/build/coin_d4_driver' returned '0': CMAKE_PREFIX_PATH=${CMAKE_PREFIX_PATH}:/opt/ros/humble /usr/bin/cmake --build /home/user/turtlebot3_ws/build/coin_d4_driver -- -j8 -l8
[0.474s] Invoking command in '/home/user/turtlebot3_ws/build/coin_d4_driver': CMAKE_PREFIX_PATH=${CMAKE_PREFIX_PATH}:/opt/ros/humble /usr/bin/cmake --install /home/user/turtlebot3_ws/build/coin_d4_driver
[0.486s] -- Install configuration: ""
[0.486s] -- Execute custom install script
[0.487s] -- Up-to-date symlink: /home/user/turtlebot3_ws/install/coin_d4_driver/include/coin_d4_driver/coin_d4_base_handler.hpp
[0.487s] -- Up-to-date symlink: /home/user/turtlebot3_ws/install/coin_d4_driver/include/coin_d4_driver/coin_d4_lifecycle_handler.hpp
[0.487s] -- Up-to-date symlink: /home/user/turtlebot3_ws/install/coin_d4_driver/include/coin_d4_driver/coin_d4_node_handler.hpp
[0.488s] -- Up-to-date symlink: /home/user/turtlebot3_ws/install/coin_d4_driver/include/coin_d4_driver/lidar_sdk/handling_info.hpp
[0.488s] -- Up-to-date symlink: /home/user/turtlebot3_ws/install/coin_d4_driver/include/coin_d4_driver/lidar_sdk/lidar_data_processor.hpp
[0.488s] -- Up-to-date symlink: /home/user/turtlebot3_ws/install/coin_d4_driver/include/coin_d4_driver/lidar_sdk/lidar_information.hpp
[0.489s] -- Up-to-date symlink: /home/user/turtlebot3_ws/install/coin_d4_driver/include/coin_d4_driver/lidar_sdk/locker.hpp
[0.489s] -- Up-to-date symlink: /home/user/turtlebot3_ws/install/coin_d4_driver/include/coin_d4_driver/lidar_sdk/mtime.hpp
[0.489s] -- Up-to-date symlink: /home/user/turtlebot3_ws/install/coin_d4_driver/include/coin_d4_driver/lidar_sdk/serial_port.hpp
[0.490s] -- Up-to-date symlink: /home/user/turtlebot3_ws/install/coin_d4_driver/include/coin_d4_driver/lidar_sdk/timer.hpp
[0.490s] -- Up-to-date symlink: /home/user/turtlebot3_ws/install/coin_d4_driver/include/coin_d4_driver/multi_coin_d4_node.hpp
[0.490s] -- Up-to-date symlink: /home/user/turtlebot3_ws/install/coin_d4_driver/include/coin_d4_driver/single_coin_d4_node.hpp
[0.491s] -- Up-to-date symlink: /home/user/turtlebot3_ws/install/coin_d4_driver/share/coin_d4_driver/launch/multi_lidar_node.launch.py
[0.491s] -- Up-to-date symlink: /home/user/turtlebot3_ws/install/coin_d4_driver/share/coin_d4_driver/launch/single_lidar_node.launch.py
[0.491s] -- Up-to-date symlink: /home/user/turtlebot3_ws/install/coin_d4_driver/share/coin_d4_driver/params/multi_lidar_node.yaml
[0.492s] -- Up-to-date symlink: /home/user/turtlebot3_ws/install/coin_d4_driver/share/coin_d4_driver/params/single_lidar_node.yaml
[0.493s] -- Up-to-date symlink: /home/user/turtlebot3_ws/install/coin_d4_driver/lib/coin_d4_driver/single_coin_d4_node
[0.493s] -- Up-to-date symlink: /home/user/turtlebot3_ws/install/coin_d4_driver/lib/coin_d4_driver/multi_coin_d4_node
[0.493s] -- Up-to-date symlink: /home/user/turtlebot3_ws/install/coin_d4_driver/share/coin_d4_driver/environment/library_path.sh
[0.493s] -- Up-to-date symlink: /home/user/turtlebot3_ws/install/coin_d4_driver/share/coin_d4_driver/environment/library_path.dsv
[0.494s] -- Up-to-date symlink: /home/user/turtlebot3_ws/install/coin_d4_driver/share/ament_index/resource_index/package_run_dependencies/coin_d4_driver
[0.494s] -- Up-to-date symlink: /home/user/turtlebot3_ws/install/coin_d4_driver/share/ament_index/resource_index/parent_prefix_path/coin_d4_driver
[0.494s] -- Up-to-date symlink: /home/user/turtlebot3_ws/install/coin_d4_driver/share/coin_d4_driver/environment/ament_prefix_path.sh
[0.494s] -- Up-to-date symlink: /home/user/turtlebot3_ws/install/coin_d4_driver/share/coin_d4_driver/environment/ament_prefix_path.dsv
[0.495s] -- Up-to-date symlink: /home/user/turtlebot3_ws/install/coin_d4_driver/share/coin_d4_driver/environment/path.sh
[0.495s] -- Up-to-date symlink: /home/user/turtlebot3_ws/install/coin_d4_driver/share/coin_d4_driver/environment/path.dsv
[0.495s] -- Up-to-date symlink: /home/user/turtlebot3_ws/install/coin_d4_driver/share/coin_d4_driver/local_setup.bash
[0.495s] -- Up-to-date symlink: /home/user/turtlebot3_ws/install/coin_d4_driver/share/coin_d4_driver/local_setup.sh
[0.496s] -- Up-to-date symlink: /home/user/turtlebot3_ws/install/coin_d4_driver/share/coin_d4_driver/local_setup.zsh
[0.496s] -- Up-to-date symlink: /home/user/turtlebot3_ws/install/coin_d4_driver/share/coin_d4_driver/local_setup.dsv
[0.496s] -- Symlinking: /home/user/turtlebot3_ws/install/coin_d4_driver/share/coin_d4_driver/package.dsv
[0.501s] -- Up-to-date symlink: /home/user/turtlebot3_ws/install/coin_d4_driver/share/ament_index/resource_index/packages/coin_d4_driver
[0.503s] -- Up-to-date symlink: /home/user/turtlebot3_ws/install/coin_d4_driver/share/coin_d4_driver/cmake/ament_cmake_export_include_directories-extras.cmake
[0.505s] -- Up-to-date symlink: /home/user/turtlebot3_ws/install/coin_d4_driver/share/coin_d4_driver/cmake/ament_cmake_export_libraries-extras.cmake
[0.505s] -- Up-to-date symlink: /home/user/turtlebot3_ws/install/coin_d4_driver/share/coin_d4_driver/cmake/ament_cmake_export_targets-extras.cmake
[0.505s] -- Up-to-date symlink: /home/user/turtlebot3_ws/install/coin_d4_driver/share/coin_d4_driver/cmake/ament_cmake_export_dependencies-extras.cmake
[0.505s] -- Up-to-date symlink: /home/user/turtlebot3_ws/install/coin_d4_driver/share/coin_d4_driver/cmake/coin_d4_driverConfig.cmake
[0.506s] -- Up-to-date symlink: /home/user/turtlebot3_ws/install/coin_d4_driver/share/coin_d4_driver/cmake/coin_d4_driverConfig-version.cmake
[0.507s] -- Up-to-date symlink: /home/user/turtlebot3_ws/install/coin_d4_driver/share/coin_d4_driver/package.xml
[0.507s] -- Up-to-date: /home/user/turtlebot3_ws/install/coin_d4_driver/lib/libcoin_d4_driver_lib.so
[0.507s] -- Up-to-date: /home/user/turtlebot3_ws/install/coin_d4_driver/share/coin_d4_driver/cmake/export_coin_d4_driverExport.cmake
[0.508s] -- Up-to-date: /home/user/turtlebot3_ws/install/coin_d4_driver/share/coin_d4_driver/cmake/export_coin_d4_driverExport-noconfig.cmake
[0.561s] Invoked command in '/home/user/turtlebot3_ws/build/coin_d4_driver' returned '0': CMAKE_PREFIX_PATH=${CMAKE_PREFIX_PATH}:/opt/ros/humble /usr/bin/cmake --install /home/user/turtlebot3_ws/build/coin_d4_driver
