-- Found ament_cmake: 1.3.14 (/opt/ros/humble/share/ament_cmake/cmake)
-- Override CMake install command with custom implementation using symlinks instead of copying resources
-- Found rclcpp: 16.0.19 (/opt/ros/humble/share/rclcpp/cmake)
-- Found rosidl_generator_c: 3.1.9 (/opt/ros/humble/share/rosidl_generator_c/cmake)
-- Found rosidl_adapter: 3.1.9 (/opt/ros/humble/share/rosidl_adapter/cmake)
-- Found rosidl_generator_cpp: 3.1.9 (/opt/ros/humble/share/rosidl_generator_cpp/cmake)
-- Using all available rosidl_typesupport_c: rosidl_typesupport_fastrtps_c;rosidl_typesupport_introspection_c
-- Using all available rosidl_typesupport_cpp: rosidl_typesupport_fastrtps_cpp;rosidl_typesupport_introspection_cpp
-- Found rmw_implementation_cmake: 6.1.2 (/opt/ros/humble/share/rmw_implementation_cmake/cmake)
-- Found rmw_fastrtps_cpp: 6.2.10 (/opt/ros/humble/share/rmw_fastrtps_cpp/cmake)
-- Using RMW implementation 'rmw_fastrtps_cpp' as default
-- Found sensor_msgs: 4.9.1 (/opt/ros/humble/share/sensor_msgs/cmake)
-- Found visualization_msgs: 4.9.1 (/opt/ros/humble/share/visualization_msgs/cmake)
-- Found message_filters: 4.3.18 (/opt/ros/humble/share/message_filters/cmake)
[31mCMake Error at CMakeLists.txt:25 (find_package):
  By not providing "Findcv_bridge.cmake" in CMAKE_MODULE_PATH this project
  has asked CMake to find a package configuration file provided by
  "cv_bridge", but CMake did not find one.

  Could not find a package configuration file provided by "cv_bridge" with
  any of the following names:

    cv_bridgeConfig.cmake
    cv_bridge-config.cmake

  Add the installation prefix of "cv_bridge" to CMAKE_PREFIX_PATH or set
  "cv_bridge_DIR" to a directory containing one of the above files.  If
  "cv_bridge" provides a separate development package or SDK, be sure it has
  been installed.

[0m
-- Configuring incomplete, errors occurred!
See also "/home/user/turtlebot3_ws/build/realsense_bringup/CMakeFiles/CMakeOutput.log".
