[0.050s] Invoking command in '/home/user/turtlebot3_ws/build/realsense_bringup': CMAKE_PREFIX_PATH=${CMAKE_PREFIX_PATH}:/opt/ros/humble /usr/bin/cmake /home/user/turtlebot3_ws/src/realsense_bringup -DCMAKE_INSTALL_PREFIX=/home/user/turtlebot3_ws/install/realsense_bringup
[0.090s] -- Found ament_cmake: 1.3.14 (/opt/ros/humble/share/ament_cmake/cmake)
[0.371s] -- Override CMake install command with custom implementation using symlinks instead of copying resources
[0.375s] -- Found rclcpp: 16.0.19 (/opt/ros/humble/share/rclcpp/cmake)
[0.416s] -- Found rosidl_generator_c: 3.1.9 (/opt/ros/humble/share/rosidl_generator_c/cmake)
[0.420s] -- Found rosidl_adapter: 3.1.9 (/opt/ros/humble/share/rosidl_adapter/cmake)
[0.432s] -- Found rosidl_generator_cpp: 3.1.9 (/opt/ros/humble/share/rosidl_generator_cpp/cmake)
[0.454s] -- Using all available rosidl_typesupport_c: rosidl_typesupport_fastrtps_c;rosidl_typesupport_introspection_c
[0.476s] -- Using all available rosidl_typesupport_cpp: rosidl_typesupport_fastrtps_cpp;rosidl_typesupport_introspection_cpp
[0.541s] -- Found rmw_implementation_cmake: 6.1.2 (/opt/ros/humble/share/rmw_implementation_cmake/cmake)
[0.544s] -- Found rmw_fastrtps_cpp: 6.2.10 (/opt/ros/humble/share/rmw_fastrtps_cpp/cmake)
[0.738s] -- Using RMW implementation 'rmw_fastrtps_cpp' as default
[0.838s] -- Found sensor_msgs: 4.9.1 (/opt/ros/humble/share/sensor_msgs/cmake)
[0.892s] -- Found visualization_msgs: 4.9.1 (/opt/ros/humble/share/visualization_msgs/cmake)
[0.928s] -- Found message_filters: 4.3.18 (/opt/ros/humble/share/message_filters/cmake)
[0.951s] [31mCMake Error at CMakeLists.txt:25 (find_package):
[0.953s]   By not providing "Findcv_bridge.cmake" in CMAKE_MODULE_PATH this project
[0.954s]   has asked CMake to find a package configuration file provided by
[0.954s]   "cv_bridge", but CMake did not find one.
[0.954s] 
[0.955s]   Could not find a package configuration file provided by "cv_bridge" with
[0.955s]   any of the following names:
[0.956s] 
[0.956s]     cv_bridgeConfig.cmake
[0.957s]     cv_bridge-config.cmake
[0.957s] 
[0.957s]   Add the installation prefix of "cv_bridge" to CMAKE_PREFIX_PATH or set
[0.958s]   "cv_bridge_DIR" to a directory containing one of the above files.  If
[0.959s]   "cv_bridge" provides a separate development package or SDK, be sure it has
[0.959s]   been installed.
[0.959s] 
[0.960s] [0m
[0.961s] -- Configuring incomplete, errors occurred!
[0.961s] See also "/home/user/turtlebot3_ws/build/realsense_bringup/CMakeFiles/CMakeOutput.log".
[0.971s] Invoked command in '/home/user/turtlebot3_ws/build/realsense_bringup' returned '1': CMAKE_PREFIX_PATH=${CMAKE_PREFIX_PATH}:/opt/ros/humble /usr/bin/cmake /home/user/turtlebot3_ws/src/realsense_bringup -DCMAKE_INSTALL_PREFIX=/home/user/turtlebot3_ws/install/realsense_bringup
