[0.053s] Invoking command in '/home/user/turtlebot3_ws/build/ld08_driver': CMAKE_PREFIX_PATH=${CMAKE_PREFIX_PATH}:/opt/ros/humble /usr/bin/cmake --build /home/user/turtlebot3_ws/build/ld08_driver -- -j8 -l8
[0.192s] [100%] Built target ld08_driver
[0.283s] Invoked command in '/home/user/turtlebot3_ws/build/ld08_driver' returned '0': CMAKE_PREFIX_PATH=${CMAKE_PREFIX_PATH}:/opt/ros/humble /usr/bin/cmake --build /home/user/turtlebot3_ws/build/ld08_driver -- -j8 -l8
[0.285s] Invoking command in '/home/user/turtlebot3_ws/build/ld08_driver': CMAKE_PREFIX_PATH=${CMAKE_PREFIX_PATH}:/opt/ros/humble /usr/bin/cmake --install /home/user/turtlebot3_ws/build/ld08_driver
[0.319s] -- Install configuration: ""
[0.320s] -- Execute custom install script
[0.322s] -- Up-to-date symlink: /home/user/turtlebot3_ws/install/ld08_driver/share/ld08_driver/launch/ld08.launch.py
[0.324s] -- Up-to-date symlink: /home/user/turtlebot3_ws/install/ld08_driver/lib/ld08_driver/ld08_driver
[0.325s] -- Up-to-date symlink: /home/user/turtlebot3_ws/install/ld08_driver/share/ament_index/resource_index/package_run_dependencies/ld08_driver
[0.328s] -- Up-to-date symlink: /home/user/turtlebot3_ws/install/ld08_driver/share/ament_index/resource_index/parent_prefix_path/ld08_driver
[0.328s] -- Up-to-date symlink: /home/user/turtlebot3_ws/install/ld08_driver/share/ld08_driver/environment/ament_prefix_path.sh
[0.329s] -- Up-to-date symlink: /home/user/turtlebot3_ws/install/ld08_driver/share/ld08_driver/environment/ament_prefix_path.dsv
[0.329s] -- Up-to-date symlink: /home/user/turtlebot3_ws/install/ld08_driver/share/ld08_driver/environment/path.sh
[0.331s] -- Up-to-date symlink: /home/user/turtlebot3_ws/install/ld08_driver/share/ld08_driver/environment/path.dsv
[0.334s] -- Up-to-date symlink: /home/user/turtlebot3_ws/install/ld08_driver/share/ld08_driver/local_setup.bash
[0.335s] -- Up-to-date symlink: /home/user/turtlebot3_ws/install/ld08_driver/share/ld08_driver/local_setup.sh
[0.335s] -- Up-to-date symlink: /home/user/turtlebot3_ws/install/ld08_driver/share/ld08_driver/local_setup.zsh
[0.336s] -- Up-to-date symlink: /home/user/turtlebot3_ws/install/ld08_driver/share/ld08_driver/local_setup.dsv
[0.336s] -- Symlinking: /home/user/turtlebot3_ws/install/ld08_driver/share/ld08_driver/package.dsv
[0.344s] -- Up-to-date symlink: /home/user/turtlebot3_ws/install/ld08_driver/share/ament_index/resource_index/packages/ld08_driver
[0.344s] -- Up-to-date symlink: /home/user/turtlebot3_ws/install/ld08_driver/share/ld08_driver/cmake/ament_cmake_export_dependencies-extras.cmake
[0.352s] -- Up-to-date symlink: /home/user/turtlebot3_ws/install/ld08_driver/share/ld08_driver/cmake/ament_cmake_export_include_directories-extras.cmake
[0.355s] -- Up-to-date symlink: /home/user/turtlebot3_ws/install/ld08_driver/share/ld08_driver/cmake/ld08_driverConfig.cmake
[0.357s] -- Up-to-date symlink: /home/user/turtlebot3_ws/install/ld08_driver/share/ld08_driver/cmake/ld08_driverConfig-version.cmake
[0.357s] -- Up-to-date symlink: /home/user/turtlebot3_ws/install/ld08_driver/share/ld08_driver/package.xml
[0.368s] Invoked command in '/home/user/turtlebot3_ws/build/ld08_driver' returned '0': CMAKE_PREFIX_PATH=${CMAKE_PREFIX_PATH}:/opt/ros/humble /usr/bin/cmake --install /home/user/turtlebot3_ws/build/ld08_driver
