[0.023s] Invoking command in '/home/user/turtlebot3_ws/build/realsense_bringup': CMAKE_PREFIX_PATH=${CMAKE_PREFIX_PATH}:/opt/ros/humble /usr/bin/cmake /home/user/turtlebot3_ws/src/realsense_bringup -DAMENT_CMAKE_SYMLINK_INSTALL=1 -DCMAKE_INSTALL_PREFIX=/home/user/turtlebot3_ws/install/realsense_bringup
[0.049s] -- Found ament_cmake: 1.3.14 (/opt/ros/humble/share/ament_cmake/cmake)
[0.290s] -- Override CMake install command with custom implementation using symlinks instead of copying resources
[0.313s] -- Found rclcpp: 16.0.19 (/opt/ros/humble/share/rclcpp/cmake)
[0.385s] -- Found rosidl_generator_c: 3.1.9 (/opt/ros/humble/share/rosidl_generator_c/cmake)
[0.389s] -- Found rosidl_adapter: 3.1.9 (/opt/ros/humble/share/rosidl_adapter/cmake)
[0.400s] -- Found rosidl_generator_cpp: 3.1.9 (/opt/ros/humble/share/rosidl_generator_cpp/cmake)
[0.418s] -- Using all available rosidl_typesupport_c: rosidl_typesupport_fastrtps_c;rosidl_typesupport_introspection_c
[0.441s] -- Using all available rosidl_typesupport_cpp: rosidl_typesupport_fastrtps_cpp;rosidl_typesupport_introspection_cpp
[0.501s] -- Found rmw_implementation_cmake: 6.1.2 (/opt/ros/humble/share/rmw_implementation_cmake/cmake)
[0.504s] -- Found rmw_fastrtps_cpp: 6.2.10 (/opt/ros/humble/share/rmw_fastrtps_cpp/cmake)
[0.702s] -- Using RMW implementation 'rmw_fastrtps_cpp' as default
[0.799s] -- Found sensor_msgs: 4.9.1 (/opt/ros/humble/share/sensor_msgs/cmake)
[0.851s] -- Found visualization_msgs: 4.9.1 (/opt/ros/humble/share/visualization_msgs/cmake)
[0.885s] -- Found message_filters: 4.3.18 (/opt/ros/humble/share/message_filters/cmake)
[0.890s] -- Found cv_bridge: 3.2.1 (/opt/ros/humble/share/cv_bridge/cmake)
[0.895s] [31mCMake Error at /usr/lib/cmake/opencv4/OpenCVModules.cmake:172 (message):
[0.895s]   The imported target "opencv_gapi" references the file
[0.895s] 
[0.896s]      "/usr/lib/libopencv_gapi.so.4.8.0"
[0.896s] 
[0.896s]   but this file does not exist.  Possible reasons include:
[0.896s] 
[0.896s]   * The file was deleted, renamed, or moved to another location.
[0.896s] 
[0.896s]   * An install or uninstall procedure did not complete successfully.
[0.897s] 
[0.897s]   * The installation package was faulty and contained
[0.897s] 
[0.897s]      "/usr/lib/cmake/opencv4/OpenCVModules.cmake"
[0.897s] 
[0.897s]   but not all the files it references.
[0.897s] 
[0.897s] Call Stack (most recent call first):
[0.898s]   /usr/lib/cmake/opencv4/OpenCVConfig.cmake:126 (include)
[0.898s]   /opt/ros/humble/share/cv_bridge/cmake/ament_cmake_export_dependencies-extras.cmake:21 (find_package)
[0.898s]   /opt/ros/humble/share/cv_bridge/cmake/cv_bridgeConfig.cmake:41 (include)
[0.898s]   CMakeLists.txt:25 (find_package)
[0.898s] 
[0.898s] [0m
[0.898s] -- Configuring incomplete, errors occurred!
[0.899s] See also "/home/user/turtlebot3_ws/build/realsense_bringup/CMakeFiles/CMakeOutput.log".
[0.914s] Invoked command in '/home/user/turtlebot3_ws/build/realsense_bringup' returned '1': CMAKE_PREFIX_PATH=${CMAKE_PREFIX_PATH}:/opt/ros/humble /usr/bin/cmake /home/user/turtlebot3_ws/src/realsense_bringup -DAMENT_CMAKE_SYMLINK_INSTALL=1 -DCMAKE_INSTALL_PREFIX=/home/user/turtlebot3_ws/install/realsense_bringup
