..                                                                       [100%]
=============================== warnings summary ===============================
test/test_flake8.py:19
  /home/user/turtlebot3_ws/src/robot_motion/test/test_flake8.py:19: PytestUnknownMarkWarning: Unknown pytest.mark.flake8 - is this a typo?  You can register custom marks to avoid this warning - for details, see https://docs.pytest.org/en/stable/mark.html
    @pytest.mark.flake8

test/test_flake8.py:20
  /home/user/turtlebot3_ws/src/robot_motion/test/test_flake8.py:20: PytestUnknownMarkWarning: Unknown pytest.mark.linter - is this a typo?  You can register custom marks to avoid this warning - for details, see https://docs.pytest.org/en/stable/mark.html
    @pytest.mark.linter

test/test_pep257.py:19
  /home/user/turtlebot3_ws/src/robot_motion/test/test_pep257.py:19: PytestUnknownMarkWarning: Unknown pytest.mark.linter - is this a typo?  You can register custom marks to avoid this warning - for details, see https://docs.pytest.org/en/stable/mark.html
    @pytest.mark.linter

test/test_pep257.py:20
  /home/user/turtlebot3_ws/src/robot_motion/test/test_pep257.py:20: PytestUnknownMarkWarning: Unknown pytest.mark.pep257 - is this a typo?  You can register custom marks to avoid this warning - for details, see https://docs.pytest.org/en/stable/mark.html
    @pytest.mark.pep257

test/test_flake8.py::test_flake8
test/test_flake8.py::test_flake8
  /usr/lib/python3/dist-packages/flake8/plugins/manager.py:261: DeprecationWarning: SelectableGroups dict interface is deprecated. Use select.
    eps = importlib_metadata.entry_points().get(self.namespace, ())

-- Docs: https://docs.pytest.org/en/stable/warnings.html
2 passed, 6 warnings in 1.39s
