Starting >>> cleanup_interfaces
Starting >>> turtlebot3_manipulation_description
Starting >>> robot_motion
Starting >>> ld08_driver
Starting >>> realsense_bringup
Starting >>> segmentation
Starting >>> turtlebot3_manipulation_cartographer
Starting >>> turtlebot3_manipulation_hardware
/home/user/.local/lib/python3.10/site-packages/setuptools/_distutils/dist.py:289: UserWarning: Unknown distribution option: 'tests_require'
  warnings.warn(msg)
Finished <<< ld08_driver [1.36s]
Starting >>> turtlebot3_manipulation_navigation2
Finished <<< turtlebot3_manipulation_description [1.43s]
Finished <<< realsense_bringup [1.44s]
Starting >>> turtlebot3_manipulation_bringup
Starting >>> turtlebot3_manipulation_moveit_config
Finished <<< turtlebot3_manipulation_cartographer [1.48s]
Starting >>> coin_d4_driver
Finished <<< cleanup_interfaces [1.61s]
Starting >>> pick_and_place
Finished <<< turtlebot3_manipulation_hardware [1.61s]
Starting >>> cleanup_planner
Finished <<< turtlebot3_manipulation_navigation2 [1.03s]
Starting >>> cleanup_task_manager
Finished <<< turtlebot3_manipulation_bringup [1.07s]
Finished <<< turtlebot3_manipulation_moveit_config [1.11s]
Starting >>> turtlebot3_manipulation_teleop
Finished <<< coin_d4_driver [1.21s]
Finished <<< turtlebot3_manipulation_teleop [0.79s]
Starting >>> turtlebot3_manipulation
Finished <<< cleanup_task_manager [1.05s]
Finished <<< turtlebot3_manipulation [0.35s]
Finished <<< robot_motion [5.66s]
--- stderr: segmentation
/home/user/.local/lib/python3.10/site-packages/setuptools/_distutils/dist.py:289: UserWarning: Unknown distribution option: 'tests_require'
  warnings.warn(msg)
---
Finished <<< segmentation [5.82s]
Finished <<< cleanup_planner [5.13s]
[Processing: pick_and_place]
[Processing: pick_and_place]
Finished <<< pick_and_place [1min 16s]
Starting >>> cleanup_perception
Finished <<< cleanup_perception [4.13s]
Starting >>> aruco_localizer
Finished <<< aruco_localizer [1.25s]
Starting >>> project_bringup
Finished <<< project_bringup [0.22s]

Summary: 20 packages finished [1min 24s]
  1 package had stderr output: segmentation
