Starting >>> cleanup_interfaces
Starting >>> turtlebot3_manipulation_description
Starting >>> robot_motion
Starting >>> ld08_driver
Starting >>> realsense_bringup
Starting >>> segmentation
Starting >>> turtlebot3_manipulation_cartographer
Starting >>> turtlebot3_manipulation_hardware
/home/user/.local/lib/python3.10/site-packages/setuptools/_distutils/dist.py:289: UserWarning: Unknown distribution option: 'tests_require'
  warnings.warn(msg)
Finished <<< ld08_driver [1.31s]
Finished <<< turtlebot3_manipulation_description [1.36s]
Starting >>> turtlebot3_manipulation_navigation2
Starting >>> turtlebot3_manipulation_bringup
Finished <<< realsense_bringup [1.40s]
Starting >>> turtlebot3_manipulation_moveit_config
Finished <<< cleanup_interfaces [1.52s]
Starting >>> pick_and_place
Finished <<< turtlebot3_manipulation_cartographer [1.50s]
Starting >>> cleanup_planner
Finished <<< turtlebot3_manipulation_hardware [1.56s]
Starting >>> cleanup_task_manager
Finished <<< turtlebot3_manipulation_navigation2 [0.88s]
Finished <<< turtlebot3_manipulation_bringup [0.90s]
Starting >>> coin_d4_driver
Finished <<< turtlebot3_manipulation_moveit_config [0.92s]
Finished <<< pick_and_place [0.88s]
Starting >>> cleanup_perception
Starting >>> turtlebot3_manipulation_teleop
Finished <<< cleanup_task_manager [1.41s]
Finished <<< coin_d4_driver [0.83s]
Finished <<< turtlebot3_manipulation_teleop [0.80s]
Starting >>> turtlebot3_manipulation
Finished <<< turtlebot3_manipulation [0.18s]
Finished <<< robot_motion [5.53s]
--- stderr: segmentation
/home/user/.local/lib/python3.10/site-packages/setuptools/_distutils/dist.py:289: UserWarning: Unknown distribution option: 'tests_require'
  warnings.warn(msg)
---
Finished <<< segmentation [5.52s]
Finished <<< cleanup_planner [4.49s]
Finished <<< cleanup_perception [4.37s]
Starting >>> aruco_localizer
Finished <<< aruco_localizer [1.22s]
Starting >>> project_bringup
Finished <<< project_bringup [0.21s]

Summary: 20 packages finished [8.99s]
  1 package had stderr output: segmentation
