Starting >>> project_bringup
UpdateCTestConfiguration  from :/home/user/turtlebot3_ws/build/project_bringup/CTestConfiguration.ini
Parse Config file:/home/user/turtlebot3_ws/build/project_bringup/CTestConfiguration.ini
   Site: ubuntu
   Build name: (empty)
 Add coverage exclude regular expressions.
Create new tag: 20260906-1012 - Experimental
UpdateCTestConfiguration  from :/home/user/turtlebot3_ws/build/project_bringup/CTestConfiguration.ini
Parse Config file:/home/user/turtlebot3_ws/build/project_bringup/CTestConfiguration.ini
Test project /home/user/turtlebot3_ws/build/project_bringup
Constructing a list of tests
Done constructing a list of tests
Updating test list for fixtures
Added 0 tests to meet fixture requirements
Checking test dependency graph...
Checking test dependency graph end
test 1
    Start 1: test_feedback_config

1: Test command: /usr/bin/python3 "-u" "/opt/ros/humble/share/ament_cmake_test/cmake/run_test.py" "/home/user/turtlebot3_ws/build/project_bringup/test_results/project_bringup/test_feedback_config.xunit.xml" "--package-name" "project_bringup" "--output-file" "/home/user/turtlebot3_ws/build/project_bringup/ament_cmake_pytest/test_feedback_config.txt" "--command" "/usr/bin/python3" "-u" "-m" "pytest" "/home/user/turtlebot3_ws/src/project_bringup/test/test_feedback_config.py" "-o" "cache_dir=/home/user/turtlebot3_ws/build/project_bringup/ament_cmake_pytest/test_feedback_config/.cache" "--junit-xml=/home/user/turtlebot3_ws/build/project_bringup/test_results/project_bringup/test_feedback_config.xunit.xml" "--junit-prefix=project_bringup"
1: Test timeout computed to be: 60
1: -- run_test.py: invoking following command in '/home/user/turtlebot3_ws/build/project_bringup':
1:  - /usr/bin/python3 -u -m pytest /home/user/turtlebot3_ws/src/project_bringup/test/test_feedback_config.py -o cache_dir=/home/user/turtlebot3_ws/build/project_bringup/ament_cmake_pytest/test_feedback_config/.cache --junit-xml=/home/user/turtlebot3_ws/build/project_bringup/test_results/project_bringup/test_feedback_config.xunit.xml --junit-prefix=project_bringup
1: ============================= test session starts ==============================
1: platform linux -- Python 3.10.12, pytest-6.2.5, py-1.10.0, pluggy-0.13.0
1: cachedir: build/project_bringup/ament_cmake_pytest/test_feedback_config/.cache
1: rootdir: /home/user/turtlebot3_ws
1: collected 2 items
1: 
1: ../../src/project_bringup/test/test_feedback_config.py ..                [100%]
1: 
1: - generated xml file: /home/user/turtlebot3_ws/build/project_bringup/test_results/project_bringup/test_feedback_config.xunit.xml -
1: ============================== 2 passed in 0.57s ===============================
1: -- run_test.py: return code 0
1: -- run_test.py: verify result file '/home/user/turtlebot3_ws/build/project_bringup/test_results/project_bringup/test_feedback_config.xunit.xml'
1/6 Test #1: test_feedback_config .............   Passed    1.19 sec
test 2
    Start 2: copyright

2: Test command: /usr/bin/python3 "-u" "/opt/ros/humble/share/ament_cmake_test/cmake/run_test.py" "/home/user/turtlebot3_ws/build/project_bringup/test_results/project_bringup/copyright.xunit.xml" "--package-name" "project_bringup" "--output-file" "/home/user/turtlebot3_ws/build/project_bringup/ament_copyright/copyright.txt" "--command" "/opt/ros/humble/bin/ament_copyright" "--xunit-file" "/home/user/turtlebot3_ws/build/project_bringup/test_results/project_bringup/copyright.xunit.xml"
2: Test timeout computed to be: 200
2: -- run_test.py: invoking following command in '/home/user/turtlebot3_ws/src/project_bringup':
2:  - /opt/ros/humble/bin/ament_copyright --xunit-file /home/user/turtlebot3_ws/build/project_bringup/test_results/project_bringup/copyright.xunit.xml
2: No problems found, checked 3 files
2: -- run_test.py: return code 0
2: -- run_test.py: verify result file '/home/user/turtlebot3_ws/build/project_bringup/test_results/project_bringup/copyright.xunit.xml'
2/6 Test #2: copyright ........................   Passed    0.67 sec
test 3
    Start 3: flake8

3: Test command: /usr/bin/python3 "-u" "/opt/ros/humble/share/ament_cmake_test/cmake/run_test.py" "/home/user/turtlebot3_ws/build/project_bringup/test_results/project_bringup/flake8.xunit.xml" "--package-name" "project_bringup" "--output-file" "/home/user/turtlebot3_ws/build/project_bringup/ament_flake8/flake8.txt" "--command" "/opt/ros/humble/bin/ament_flake8" "--xunit-file" "/home/user/turtlebot3_ws/build/project_bringup/test_results/project_bringup/flake8.xunit.xml"
3: Test timeout computed to be: 60
3: -- run_test.py: invoking following command in '/home/user/turtlebot3_ws/src/project_bringup':
3:  - /opt/ros/humble/bin/ament_flake8 --xunit-file /home/user/turtlebot3_ws/build/project_bringup/test_results/project_bringup/flake8.xunit.xml
3: 
3: 3 files checked
3: No problems found
3: 
3: Checked files:
3: 
3: * ./test/test_feedback_config.py
3: * ./launch/feedback_robot.launch.py
3: * ./launch/project.launch.py
3: -- run_test.py: return code 0
3: -- run_test.py: verify result file '/home/user/turtlebot3_ws/build/project_bringup/test_results/project_bringup/flake8.xunit.xml'
3/6 Test #3: flake8 ...........................   Passed    0.66 sec
test 4
    Start 4: lint_cmake

4: Test command: /usr/bin/python3 "-u" "/opt/ros/humble/share/ament_cmake_test/cmake/run_test.py" "/home/user/turtlebot3_ws/build/project_bringup/test_results/project_bringup/lint_cmake.xunit.xml" "--package-name" "project_bringup" "--output-file" "/home/user/turtlebot3_ws/build/project_bringup/ament_lint_cmake/lint_cmake.txt" "--command" "/opt/ros/humble/bin/ament_lint_cmake" "--xunit-file" "/home/user/turtlebot3_ws/build/project_bringup/test_results/project_bringup/lint_cmake.xunit.xml"
4: Test timeout computed to be: 60
4: -- run_test.py: invoking following command in '/home/user/turtlebot3_ws/src/project_bringup':
4:  - /opt/ros/humble/bin/ament_lint_cmake --xunit-file /home/user/turtlebot3_ws/build/project_bringup/test_results/project_bringup/lint_cmake.xunit.xml
4: 
4: No problems found
4: -- run_test.py: return code 0
4: -- run_test.py: verify result file '/home/user/turtlebot3_ws/build/project_bringup/test_results/project_bringup/lint_cmake.xunit.xml'
4/6 Test #4: lint_cmake .......................   Passed    0.33 sec
test 5
    Start 5: pep257

5: Test command: /usr/bin/python3 "-u" "/opt/ros/humble/share/ament_cmake_test/cmake/run_test.py" "/home/user/turtlebot3_ws/build/project_bringup/test_results/project_bringup/pep257.xunit.xml" "--package-name" "project_bringup" "--output-file" "/home/user/turtlebot3_ws/build/project_bringup/ament_pep257/pep257.txt" "--command" "/opt/ros/humble/bin/ament_pep257" "--xunit-file" "/home/user/turtlebot3_ws/build/project_bringup/test_results/project_bringup/pep257.xunit.xml"
5: Test timeout computed to be: 60
5: -- run_test.py: invoking following command in '/home/user/turtlebot3_ws/src/project_bringup':
5:  - /opt/ros/humble/bin/ament_pep257 --xunit-file /home/user/turtlebot3_ws/build/project_bringup/test_results/project_bringup/pep257.xunit.xml
5: checking ./launch/feedback_robot.launch.py
5: checking ./launch/project.launch.py
5: checking ./test/test_feedback_config.py
5: No problems found
5: -- run_test.py: return code 0
5: -- run_test.py: verify result file '/home/user/turtlebot3_ws/build/project_bringup/test_results/project_bringup/pep257.xunit.xml'
5/6 Test #5: pep257 ...........................   Passed    0.48 sec
test 6
    Start 6: xmllint

6: Test command: /usr/bin/python3 "-u" "/opt/ros/humble/share/ament_cmake_test/cmake/run_test.py" "/home/user/turtlebot3_ws/build/project_bringup/test_results/project_bringup/xmllint.xunit.xml" "--package-name" "project_bringup" "--output-file" "/home/user/turtlebot3_ws/build/project_bringup/ament_xmllint/xmllint.txt" "--command" "/opt/ros/humble/bin/ament_xmllint" "--xunit-file" "/home/user/turtlebot3_ws/build/project_bringup/test_results/project_bringup/xmllint.xunit.xml"
6: Test timeout computed to be: 60
6: -- run_test.py: invoking following command in '/home/user/turtlebot3_ws/src/project_bringup':
6:  - /opt/ros/humble/bin/ament_xmllint --xunit-file /home/user/turtlebot3_ws/build/project_bringup/test_results/project_bringup/xmllint.xunit.xml
6: File 'package.xml' is valid
6: 
6: No problems found
6: -- run_test.py: return code 0
6: -- run_test.py: verify result file '/home/user/turtlebot3_ws/build/project_bringup/test_results/project_bringup/xmllint.xunit.xml'
6/6 Test #6: xmllint ..........................   Passed    0.34 sec

100% tests passed, 0 tests failed out of 6

Label Time Summary:
copyright     =   0.67 sec*proc (1 test)
flake8        =   0.66 sec*proc (1 test)
lint_cmake    =   0.33 sec*proc (1 test)
linter        =   2.49 sec*proc (5 tests)
pep257        =   0.48 sec*proc (1 test)
pytest        =   1.19 sec*proc (1 test)
xmllint       =   0.34 sec*proc (1 test)

Total Test time (real) =   3.68 sec
Finished <<< project_bringup [3.78s]

Summary: 1 package finished [4.48s]
