[0.060s] Invoking command in '/home/user/turtlebot3_ws/build/ld08_driver': CMAKE_PREFIX_PATH=${CMAKE_PREFIX_PATH}:/opt/ros/humble /usr/bin/cmake --build /home/user/turtlebot3_ws/build/ld08_driver -- -j8 -l8
[0.180s] [100%] Built target ld08_driver
[0.312s] Invoked command in '/home/user/turtlebot3_ws/build/ld08_driver' returned '0': CMAKE_PREFIX_PATH=${CMAKE_PREFIX_PATH}:/opt/ros/humble /usr/bin/cmake --build /home/user/turtlebot3_ws/build/ld08_driver -- -j8 -l8
[0.314s] Invoking command in '/home/user/turtlebot3_ws/build/ld08_driver': CMAKE_PREFIX_PATH=${CMAKE_PREFIX_PATH}:/opt/ros/humble /usr/bin/cmake --install /home/user/turtlebot3_ws/build/ld08_driver
[0.333s] -- Install configuration: ""
[0.336s] -- Execute custom install script
[0.336s] -- Up-to-date symlink: /home/user/turtlebot3_ws/install/ld08_driver/share/ld08_driver/launch/ld08.launch.py
[0.337s] -- Up-to-date symlink: /home/user/turtlebot3_ws/install/ld08_driver/lib/ld08_driver/ld08_driver
[0.337s] -- Up-to-date symlink: /home/user/turtlebot3_ws/install/ld08_driver/share/ament_index/resource_index/package_run_dependencies/ld08_driver
[0.338s] -- Up-to-date symlink: /home/user/turtlebot3_ws/install/ld08_driver/share/ament_index/resource_index/parent_prefix_path/ld08_driver
[0.338s] -- Up-to-date symlink: /home/user/turtlebot3_ws/install/ld08_driver/share/ld08_driver/environment/ament_prefix_path.sh
[0.339s] -- Up-to-date symlink: /home/user/turtlebot3_ws/install/ld08_driver/share/ld08_driver/environment/ament_prefix_path.dsv
[0.341s] -- Up-to-date symlink: /home/user/turtlebot3_ws/install/ld08_driver/share/ld08_driver/environment/path.sh
[0.342s] -- Up-to-date symlink: /home/user/turtlebot3_ws/install/ld08_driver/share/ld08_driver/environment/path.dsv
[0.342s] -- Up-to-date symlink: /home/user/turtlebot3_ws/install/ld08_driver/share/ld08_driver/local_setup.bash
[0.342s] -- Up-to-date symlink: /home/user/turtlebot3_ws/install/ld08_driver/share/ld08_driver/local_setup.sh
[0.342s] -- Up-to-date symlink: /home/user/turtlebot3_ws/install/ld08_driver/share/ld08_driver/local_setup.zsh
[0.345s] -- Up-to-date symlink: /home/user/turtlebot3_ws/install/ld08_driver/share/ld08_driver/local_setup.dsv
[0.345s] -- Symlinking: /home/user/turtlebot3_ws/install/ld08_driver/share/ld08_driver/package.dsv
[0.364s] -- Up-to-date symlink: /home/user/turtlebot3_ws/install/ld08_driver/share/ament_index/resource_index/packages/ld08_driver
[0.365s] -- Up-to-date symlink: /home/user/turtlebot3_ws/install/ld08_driver/share/ld08_driver/cmake/ament_cmake_export_dependencies-extras.cmake
[0.365s] -- Up-to-date symlink: /home/user/turtlebot3_ws/install/ld08_driver/share/ld08_driver/cmake/ament_cmake_export_include_directories-extras.cmake
[0.368s] -- Up-to-date symlink: /home/user/turtlebot3_ws/install/ld08_driver/share/ld08_driver/cmake/ld08_driverConfig.cmake
[0.368s] -- Up-to-date symlink: /home/user/turtlebot3_ws/install/ld08_driver/share/ld08_driver/cmake/ld08_driverConfig-version.cmake
[0.369s] -- Up-to-date symlink: /home/user/turtlebot3_ws/install/ld08_driver/share/ld08_driver/package.xml
[0.406s] Invoked command in '/home/user/turtlebot3_ws/build/ld08_driver' returned '0': CMAKE_PREFIX_PATH=${CMAKE_PREFIX_PATH}:/opt/ros/humble /usr/bin/cmake --install /home/user/turtlebot3_ws/build/ld08_driver
