[0.060s] Invoking command in '/home/user/turtlebot3_ws/build/ld08_driver': CMAKE_PREFIX_PATH=${CMAKE_PREFIX_PATH}:/opt/ros/humble /usr/bin/cmake /home/user/turtlebot3_ws/src/ld08_driver -DCMAKE_INSTALL_PREFIX=/home/user/turtlebot3_ws/install/ld08_driver
[0.084s] -- Found ament_cmake: 1.3.14 (/opt/ros/humble/share/ament_cmake/cmake)
[0.386s] -- Override CMake install command with custom implementation using symlinks instead of copying resources
[0.414s] -- Found rclcpp: 16.0.19 (/opt/ros/humble/share/rclcpp/cmake)
[0.499s] -- Found rosidl_generator_c: 3.1.9 (/opt/ros/humble/share/rosidl_generator_c/cmake)
[0.505s] -- Found rosidl_adapter: 3.1.9 (/opt/ros/humble/share/rosidl_adapter/cmake)
[0.524s] -- Found rosidl_generator_cpp: 3.1.9 (/opt/ros/humble/share/rosidl_generator_cpp/cmake)
[0.551s] -- Using all available rosidl_typesupport_c: rosidl_typesupport_fastrtps_c;rosidl_typesupport_introspection_c
[0.585s] -- Using all available rosidl_typesupport_cpp: rosidl_typesupport_fastrtps_cpp;rosidl_typesupport_introspection_cpp
[0.674s] -- Found rmw_implementation_cmake: 6.1.2 (/opt/ros/humble/share/rmw_implementation_cmake/cmake)
[0.679s] -- Found rmw_fastrtps_cpp: 6.2.10 (/opt/ros/humble/share/rmw_fastrtps_cpp/cmake)
[0.910s] -- Using RMW implementation 'rmw_fastrtps_cpp' as default
[1.029s] -- Found sensor_msgs: 4.9.1 (/opt/ros/humble/share/sensor_msgs/cmake)
[1.263s] -- Configuring done
[1.295s] -- Generating done
[1.302s] -- Build files have been written to: /home/user/turtlebot3_ws/build/ld08_driver
[1.328s] Invoked command in '/home/user/turtlebot3_ws/build/ld08_driver' returned '0': CMAKE_PREFIX_PATH=${CMAKE_PREFIX_PATH}:/opt/ros/humble /usr/bin/cmake /home/user/turtlebot3_ws/src/ld08_driver -DCMAKE_INSTALL_PREFIX=/home/user/turtlebot3_ws/install/ld08_driver
[1.330s] Invoking command in '/home/user/turtlebot3_ws/build/ld08_driver': CMAKE_PREFIX_PATH=${CMAKE_PREFIX_PATH}:/opt/ros/humble /usr/bin/cmake --build /home/user/turtlebot3_ws/build/ld08_driver -- -j8 -l8
[1.420s] [35m[1mConsolidate compiler generated dependencies of target ld08_driver[0m
[1.496s] [100%] Built target ld08_driver
[1.554s] Invoked command in '/home/user/turtlebot3_ws/build/ld08_driver' returned '0': CMAKE_PREFIX_PATH=${CMAKE_PREFIX_PATH}:/opt/ros/humble /usr/bin/cmake --build /home/user/turtlebot3_ws/build/ld08_driver -- -j8 -l8
[1.557s] Invoking command in '/home/user/turtlebot3_ws/build/ld08_driver': CMAKE_PREFIX_PATH=${CMAKE_PREFIX_PATH}:/opt/ros/humble /usr/bin/cmake --install /home/user/turtlebot3_ws/build/ld08_driver
[1.592s] -- Install configuration: ""
[1.593s] -- Execute custom install script
[1.593s] -- Up-to-date symlink: /home/user/turtlebot3_ws/install/ld08_driver/share/ld08_driver/launch/ld08.launch.py
[1.593s] -- Up-to-date symlink: /home/user/turtlebot3_ws/install/ld08_driver/lib/ld08_driver/ld08_driver
[1.593s] -- Up-to-date symlink: /home/user/turtlebot3_ws/install/ld08_driver/share/ament_index/resource_index/package_run_dependencies/ld08_driver
[1.593s] -- Up-to-date symlink: /home/user/turtlebot3_ws/install/ld08_driver/share/ament_index/resource_index/parent_prefix_path/ld08_driver
[1.593s] -- Up-to-date symlink: /home/user/turtlebot3_ws/install/ld08_driver/share/ld08_driver/environment/ament_prefix_path.sh
[1.594s] -- Up-to-date symlink: /home/user/turtlebot3_ws/install/ld08_driver/share/ld08_driver/environment/ament_prefix_path.dsv
[1.594s] -- Up-to-date symlink: /home/user/turtlebot3_ws/install/ld08_driver/share/ld08_driver/environment/path.sh
[1.594s] -- Up-to-date symlink: /home/user/turtlebot3_ws/install/ld08_driver/share/ld08_driver/environment/path.dsv
[1.594s] -- Up-to-date symlink: /home/user/turtlebot3_ws/install/ld08_driver/share/ld08_driver/local_setup.bash
[1.594s] -- Up-to-date symlink: /home/user/turtlebot3_ws/install/ld08_driver/share/ld08_driver/local_setup.sh
[1.594s] -- Up-to-date symlink: /home/user/turtlebot3_ws/install/ld08_driver/share/ld08_driver/local_setup.zsh
[1.595s] -- Up-to-date symlink: /home/user/turtlebot3_ws/install/ld08_driver/share/ld08_driver/local_setup.dsv
[1.596s] -- Symlinking: /home/user/turtlebot3_ws/install/ld08_driver/share/ld08_driver/package.dsv
[1.596s] -- Up-to-date symlink: /home/user/turtlebot3_ws/install/ld08_driver/share/ament_index/resource_index/packages/ld08_driver
[1.597s] -- Up-to-date symlink: /home/user/turtlebot3_ws/install/ld08_driver/share/ld08_driver/cmake/ament_cmake_export_dependencies-extras.cmake
[1.597s] -- Up-to-date symlink: /home/user/turtlebot3_ws/install/ld08_driver/share/ld08_driver/cmake/ament_cmake_export_include_directories-extras.cmake
[1.597s] -- Up-to-date symlink: /home/user/turtlebot3_ws/install/ld08_driver/share/ld08_driver/cmake/ld08_driverConfig.cmake
[1.598s] -- Up-to-date symlink: /home/user/turtlebot3_ws/install/ld08_driver/share/ld08_driver/cmake/ld08_driverConfig-version.cmake
[1.598s] -- Up-to-date symlink: /home/user/turtlebot3_ws/install/ld08_driver/share/ld08_driver/package.xml
[1.610s] Invoked command in '/home/user/turtlebot3_ws/build/ld08_driver' returned '0': CMAKE_PREFIX_PATH=${CMAKE_PREFIX_PATH}:/opt/ros/humble /usr/bin/cmake --install /home/user/turtlebot3_ws/build/ld08_driver
