[  2%] Built target turtlebot3_pick_place__rs
[  5%] Built target turtlebot3_pick_place__cpp
[ 14%] Built target turtlebot3_pick_place__rosidl_generator_c
[ 14%] Built target ament_cmake_python_copy_turtlebot3_pick_place
[ 35%] Built target turtlebot3_pick_place__rosidl_typesupport_cpp
[ 35%] Built target turtlebot3_pick_place__rosidl_typesupport_introspection_cpp
[ 41%] Built target turtlebot3_pick_place__rosidl_typesupport_fastrtps_cpp
[ 50%] Built target turtlebot3_pick_place__rosidl_typesupport_introspection_c
[ 58%] Built target turtlebot3_pick_place__rosidl_typesupport_fastrtps_c
[ 67%] Built target turtlebot3_pick_place__rosidl_typesupport_c
[ 70%] Built target turtlebot3_pick_place
[ 73%] Built target pick_place_orchestrator
[ 76%] Built target turtlebot3_pick_place__py
[ 82%] Built target turtlebot3_pick_place__rosidl_generator_py
[100%] Built target turtlebot3_pick_place__rosidl_typesupport_introspection_c__pyext
[100%] Built target turtlebot3_pick_place__rosidl_typesupport_fastrtps_c__pyext
[100%] Built target turtlebot3_pick_place__rosidl_typesupport_c__pyext
running egg_info
writing turtlebot3_pick_place.egg-info/PKG-INFO
writing dependency_links to turtlebot3_pick_place.egg-info/dependency_links.txt
writing top-level names to turtlebot3_pick_place.egg-info/top_level.txt
reading manifest file 'turtlebot3_pick_place.egg-info/SOURCES.txt'
writing manifest file 'turtlebot3_pick_place.egg-info/SOURCES.txt'
[100%] Built target ament_cmake_python_build_turtlebot3_pick_place_egg
-- Install configuration: ""
-- Up-to-date: /home/user/turtlebot3_ws/install/turtlebot3_pick_place/share/ament_index/resource_index/rosidl_interfaces/turtlebot3_pick_place
-- Up-to-date: /home/user/turtlebot3_ws/install/turtlebot3_pick_place/include/turtlebot3_pick_place/turtlebot3_pick_place
-- Up-to-date: /home/user/turtlebot3_ws/install/turtlebot3_pick_place/include/turtlebot3_pick_place/turtlebot3_pick_place/msg
-- Up-to-date: /home/user/turtlebot3_ws/install/turtlebot3_pick_place/include/turtlebot3_pick_place/turtlebot3_pick_place/msg/rosidl_generator_c__visibility_control.h
-- Up-to-date: /home/user/turtlebot3_ws/install/turtlebot3_pick_place/include/turtlebot3_pick_place/turtlebot3_pick_place/srv
-- Up-to-date: /home/user/turtlebot3_ws/install/turtlebot3_pick_place/include/turtlebot3_pick_place/turtlebot3_pick_place/srv/detail
-- Up-to-date: /home/user/turtlebot3_ws/install/turtlebot3_pick_place/include/turtlebot3_pick_place/turtlebot3_pick_place/srv/detail/get_target_pose__type_support.h
-- Up-to-date: /home/user/turtlebot3_ws/install/turtlebot3_pick_place/include/turtlebot3_pick_place/turtlebot3_pick_place/srv/detail/get_target_pose__struct.h
-- Up-to-date: /home/user/turtlebot3_ws/install/turtlebot3_pick_place/include/turtlebot3_pick_place/turtlebot3_pick_place/srv/detail/get_target_pose__functions.c
-- Up-to-date: /home/user/turtlebot3_ws/install/turtlebot3_pick_place/include/turtlebot3_pick_place/turtlebot3_pick_place/srv/detail/get_target_pose__functions.h
-- Up-to-date: /home/user/turtlebot3_ws/install/turtlebot3_pick_place/include/turtlebot3_pick_place/turtlebot3_pick_place/srv/get_target_pose.h
-- Up-to-date: /home/user/turtlebot3_ws/install/turtlebot3_pick_place/share/turtlebot3_pick_place/environment/library_path.sh
-- Up-to-date: /home/user/turtlebot3_ws/install/turtlebot3_pick_place/share/turtlebot3_pick_place/environment/library_path.dsv
-- Up-to-date: /home/user/turtlebot3_ws/install/turtlebot3_pick_place/lib/libturtlebot3_pick_place__rosidl_generator_c.so
-- Up-to-date: /home/user/turtlebot3_ws/install/turtlebot3_pick_place/include/turtlebot3_pick_place/turtlebot3_pick_place
-- Up-to-date: /home/user/turtlebot3_ws/install/turtlebot3_pick_place/include/turtlebot3_pick_place/turtlebot3_pick_place/msg
-- Up-to-date: /home/user/turtlebot3_ws/install/turtlebot3_pick_place/include/turtlebot3_pick_place/turtlebot3_pick_place/msg/rosidl_typesupport_fastrtps_c__visibility_control.h
-- Up-to-date: /home/user/turtlebot3_ws/install/turtlebot3_pick_place/include/turtlebot3_pick_place/turtlebot3_pick_place/srv
-- Up-to-date: /home/user/turtlebot3_ws/install/turtlebot3_pick_place/include/turtlebot3_pick_place/turtlebot3_pick_place/srv/detail
-- Up-to-date: /home/user/turtlebot3_ws/install/turtlebot3_pick_place/include/turtlebot3_pick_place/turtlebot3_pick_place/srv/detail/get_target_pose__rosidl_typesupport_fastrtps_c.h
-- Up-to-date: /home/user/turtlebot3_ws/install/turtlebot3_pick_place/lib/libturtlebot3_pick_place__rosidl_typesupport_fastrtps_c.so
-- Up-to-date: /home/user/turtlebot3_ws/install/turtlebot3_pick_place/include/turtlebot3_pick_place/turtlebot3_pick_place
-- Up-to-date: /home/user/turtlebot3_ws/install/turtlebot3_pick_place/include/turtlebot3_pick_place/turtlebot3_pick_place/msg
-- Up-to-date: /home/user/turtlebot3_ws/install/turtlebot3_pick_place/include/turtlebot3_pick_place/turtlebot3_pick_place/msg/rosidl_generator_cpp__visibility_control.hpp
-- Up-to-date: /home/user/turtlebot3_ws/install/turtlebot3_pick_place/include/turtlebot3_pick_place/turtlebot3_pick_place/srv
-- Up-to-date: /home/user/turtlebot3_ws/install/turtlebot3_pick_place/include/turtlebot3_pick_place/turtlebot3_pick_place/srv/detail
-- Up-to-date: /home/user/turtlebot3_ws/install/turtlebot3_pick_place/include/turtlebot3_pick_place/turtlebot3_pick_place/srv/detail/get_target_pose__struct.hpp
-- Up-to-date: /home/user/turtlebot3_ws/install/turtlebot3_pick_place/include/turtlebot3_pick_place/turtlebot3_pick_place/srv/detail/get_target_pose__type_support.hpp
-- Up-to-date: /home/user/turtlebot3_ws/install/turtlebot3_pick_place/include/turtlebot3_pick_place/turtlebot3_pick_place/srv/detail/get_target_pose__traits.hpp
-- Up-to-date: /home/user/turtlebot3_ws/install/turtlebot3_pick_place/include/turtlebot3_pick_place/turtlebot3_pick_place/srv/detail/get_target_pose__builder.hpp
-- Up-to-date: /home/user/turtlebot3_ws/install/turtlebot3_pick_place/include/turtlebot3_pick_place/turtlebot3_pick_place/srv/get_target_pose.hpp
-- Up-to-date: /home/user/turtlebot3_ws/install/turtlebot3_pick_place/include/turtlebot3_pick_place/turtlebot3_pick_place
-- Up-to-date: /home/user/turtlebot3_ws/install/turtlebot3_pick_place/include/turtlebot3_pick_place/turtlebot3_pick_place/msg
-- Up-to-date: /home/user/turtlebot3_ws/install/turtlebot3_pick_place/include/turtlebot3_pick_place/turtlebot3_pick_place/msg/rosidl_typesupport_fastrtps_cpp__visibility_control.h
-- Up-to-date: /home/user/turtlebot3_ws/install/turtlebot3_pick_place/include/turtlebot3_pick_place/turtlebot3_pick_place/srv
-- Up-to-date: /home/user/turtlebot3_ws/install/turtlebot3_pick_place/include/turtlebot3_pick_place/turtlebot3_pick_place/srv/detail
-- Up-to-date: /home/user/turtlebot3_ws/install/turtlebot3_pick_place/include/turtlebot3_pick_place/turtlebot3_pick_place/srv/detail/dds_fastrtps
-- Up-to-date: /home/user/turtlebot3_ws/install/turtlebot3_pick_place/include/turtlebot3_pick_place/turtlebot3_pick_place/srv/detail/get_target_pose__rosidl_typesupport_fastrtps_cpp.hpp
-- Up-to-date: /home/user/turtlebot3_ws/install/turtlebot3_pick_place/lib/libturtlebot3_pick_place__rosidl_typesupport_fastrtps_cpp.so
-- Up-to-date: /home/user/turtlebot3_ws/install/turtlebot3_pick_place/include/turtlebot3_pick_place/turtlebot3_pick_place
-- Up-to-date: /home/user/turtlebot3_ws/install/turtlebot3_pick_place/include/turtlebot3_pick_place/turtlebot3_pick_place/msg
-- Up-to-date: /home/user/turtlebot3_ws/install/turtlebot3_pick_place/include/turtlebot3_pick_place/turtlebot3_pick_place/msg/rosidl_typesupport_introspection_c__visibility_control.h
-- Up-to-date: /home/user/turtlebot3_ws/install/turtlebot3_pick_place/include/turtlebot3_pick_place/turtlebot3_pick_place/srv
-- Up-to-date: /home/user/turtlebot3_ws/install/turtlebot3_pick_place/include/turtlebot3_pick_place/turtlebot3_pick_place/srv/detail
-- Up-to-date: /home/user/turtlebot3_ws/install/turtlebot3_pick_place/include/turtlebot3_pick_place/turtlebot3_pick_place/srv/detail/get_target_pose__rosidl_typesupport_introspection_c.h
-- Up-to-date: /home/user/turtlebot3_ws/install/turtlebot3_pick_place/include/turtlebot3_pick_place/turtlebot3_pick_place/srv/detail/get_target_pose__type_support.c
-- Up-to-date: /home/user/turtlebot3_ws/install/turtlebot3_pick_place/lib/libturtlebot3_pick_place__rosidl_typesupport_introspection_c.so
-- Up-to-date: /home/user/turtlebot3_ws/install/turtlebot3_pick_place/lib/libturtlebot3_pick_place__rosidl_typesupport_c.so
-- Up-to-date: /home/user/turtlebot3_ws/install/turtlebot3_pick_place/include/turtlebot3_pick_place/turtlebot3_pick_place
-- Up-to-date: /home/user/turtlebot3_ws/install/turtlebot3_pick_place/include/turtlebot3_pick_place/turtlebot3_pick_place/srv
-- Up-to-date: /home/user/turtlebot3_ws/install/turtlebot3_pick_place/include/turtlebot3_pick_place/turtlebot3_pick_place/srv/detail
-- Up-to-date: /home/user/turtlebot3_ws/install/turtlebot3_pick_place/include/turtlebot3_pick_place/turtlebot3_pick_place/srv/detail/get_target_pose__type_support.cpp
-- Up-to-date: /home/user/turtlebot3_ws/install/turtlebot3_pick_place/include/turtlebot3_pick_place/turtlebot3_pick_place/srv/detail/get_target_pose__rosidl_typesupport_introspection_cpp.hpp
-- Up-to-date: /home/user/turtlebot3_ws/install/turtlebot3_pick_place/lib/libturtlebot3_pick_place__rosidl_typesupport_introspection_cpp.so
-- Up-to-date: /home/user/turtlebot3_ws/install/turtlebot3_pick_place/lib/libturtlebot3_pick_place__rosidl_typesupport_cpp.so
-- Up-to-date: /home/user/turtlebot3_ws/install/turtlebot3_pick_place/share/turtlebot3_pick_place/environment/pythonpath.sh
-- Up-to-date: /home/user/turtlebot3_ws/install/turtlebot3_pick_place/share/turtlebot3_pick_place/environment/pythonpath.dsv
-- Up-to-date: /home/user/turtlebot3_ws/install/turtlebot3_pick_place/local/lib/python3.10/dist-packages/turtlebot3_pick_place-0.0.1-py3.10.egg-info
-- Installing: /home/user/turtlebot3_ws/install/turtlebot3_pick_place/local/lib/python3.10/dist-packages/turtlebot3_pick_place-0.0.1-py3.10.egg-info/SOURCES.txt
-- Installing: /home/user/turtlebot3_ws/install/turtlebot3_pick_place/local/lib/python3.10/dist-packages/turtlebot3_pick_place-0.0.1-py3.10.egg-info/dependency_links.txt
-- Installing: /home/user/turtlebot3_ws/install/turtlebot3_pick_place/local/lib/python3.10/dist-packages/turtlebot3_pick_place-0.0.1-py3.10.egg-info/top_level.txt
-- Installing: /home/user/turtlebot3_ws/install/turtlebot3_pick_place/local/lib/python3.10/dist-packages/turtlebot3_pick_place-0.0.1-py3.10.egg-info/PKG-INFO
-- Up-to-date: /home/user/turtlebot3_ws/install/turtlebot3_pick_place/local/lib/python3.10/dist-packages/turtlebot3_pick_place
-- Up-to-date: /home/user/turtlebot3_ws/install/turtlebot3_pick_place/local/lib/python3.10/dist-packages/turtlebot3_pick_place/__init__.py
-- Up-to-date: /home/user/turtlebot3_ws/install/turtlebot3_pick_place/local/lib/python3.10/dist-packages/turtlebot3_pick_place/libturtlebot3_pick_place__rosidl_generator_py.so
-- Up-to-date: /home/user/turtlebot3_ws/install/turtlebot3_pick_place/local/lib/python3.10/dist-packages/turtlebot3_pick_place/_turtlebot3_pick_place_s.ep.rosidl_typesupport_fastrtps_c.c
-- Up-to-date: /home/user/turtlebot3_ws/install/turtlebot3_pick_place/local/lib/python3.10/dist-packages/turtlebot3_pick_place/turtlebot3_pick_place_s__rosidl_typesupport_c.cpython-310-aarch64-linux-gnu.so
-- Up-to-date: /home/user/turtlebot3_ws/install/turtlebot3_pick_place/local/lib/python3.10/dist-packages/turtlebot3_pick_place/_turtlebot3_pick_place_s.ep.rosidl_typesupport_c.c
-- Up-to-date: /home/user/turtlebot3_ws/install/turtlebot3_pick_place/local/lib/python3.10/dist-packages/turtlebot3_pick_place/turtlebot3_pick_place_s__rosidl_typesupport_introspection_c.cpython-310-aarch64-linux-gnu.so
-- Up-to-date: /home/user/turtlebot3_ws/install/turtlebot3_pick_place/local/lib/python3.10/dist-packages/turtlebot3_pick_place/_turtlebot3_pick_place_s.ep.rosidl_typesupport_introspection_c.c
-- Up-to-date: /home/user/turtlebot3_ws/install/turtlebot3_pick_place/local/lib/python3.10/dist-packages/turtlebot3_pick_place/turtlebot3_pick_place_s__rosidl_typesupport_fastrtps_c.cpython-310-aarch64-linux-gnu.so
-- Up-to-date: /home/user/turtlebot3_ws/install/turtlebot3_pick_place/local/lib/python3.10/dist-packages/turtlebot3_pick_place/srv
-- Up-to-date: /home/user/turtlebot3_ws/install/turtlebot3_pick_place/local/lib/python3.10/dist-packages/turtlebot3_pick_place/srv/__init__.py
-- Up-to-date: /home/user/turtlebot3_ws/install/turtlebot3_pick_place/local/lib/python3.10/dist-packages/turtlebot3_pick_place/srv/_get_target_pose.py
-- Up-to-date: /home/user/turtlebot3_ws/install/turtlebot3_pick_place/local/lib/python3.10/dist-packages/turtlebot3_pick_place/srv/_get_target_pose_s.c
Listing '/home/user/turtlebot3_ws/install/turtlebot3_pick_place/local/lib/python3.10/dist-packages/turtlebot3_pick_place'...
Listing '/home/user/turtlebot3_ws/install/turtlebot3_pick_place/local/lib/python3.10/dist-packages/turtlebot3_pick_place/srv'...
-- Up-to-date: /home/user/turtlebot3_ws/install/turtlebot3_pick_place/local/lib/python3.10/dist-packages/turtlebot3_pick_place/turtlebot3_pick_place_s__rosidl_typesupport_fastrtps_c.cpython-310-aarch64-linux-gnu.so
-- Up-to-date: /home/user/turtlebot3_ws/install/turtlebot3_pick_place/local/lib/python3.10/dist-packages/turtlebot3_pick_place/turtlebot3_pick_place_s__rosidl_typesupport_introspection_c.cpython-310-aarch64-linux-gnu.so
-- Up-to-date: /home/user/turtlebot3_ws/install/turtlebot3_pick_place/local/lib/python3.10/dist-packages/turtlebot3_pick_place/turtlebot3_pick_place_s__rosidl_typesupport_c.cpython-310-aarch64-linux-gnu.so
-- Up-to-date: /home/user/turtlebot3_ws/install/turtlebot3_pick_place/lib/libturtlebot3_pick_place__rosidl_generator_py.so
-- Up-to-date: /home/user/turtlebot3_ws/install/turtlebot3_pick_place/share/ament_index/resource_index/rust_packages/turtlebot3_pick_place
-- Up-to-date: /home/user/turtlebot3_ws/install/turtlebot3_pick_place/share/turtlebot3_pick_place/rust
-- Up-to-date: /home/user/turtlebot3_ws/install/turtlebot3_pick_place/share/turtlebot3_pick_place/rust/Cargo.toml
-- Up-to-date: /home/user/turtlebot3_ws/install/turtlebot3_pick_place/share/turtlebot3_pick_place/rust/src
-- Up-to-date: /home/user/turtlebot3_ws/install/turtlebot3_pick_place/share/turtlebot3_pick_place/rust/src/lib.rs
-- Up-to-date: /home/user/turtlebot3_ws/install/turtlebot3_pick_place/share/turtlebot3_pick_place/rust/src/srv.rs
-- Up-to-date: /home/user/turtlebot3_ws/install/turtlebot3_pick_place/share/turtlebot3_pick_place/rust/src/srv
-- Up-to-date: /home/user/turtlebot3_ws/install/turtlebot3_pick_place/share/turtlebot3_pick_place/rust/src/srv/rmw.rs
-- Up-to-date: /home/user/turtlebot3_ws/install/turtlebot3_pick_place/share/turtlebot3_pick_place/rust/build.rs
-- Up-to-date: /home/user/turtlebot3_ws/install/turtlebot3_pick_place/share/turtlebot3_pick_place/srv/GetTargetPose.idl
-- Up-to-date: /home/user/turtlebot3_ws/install/turtlebot3_pick_place/share/turtlebot3_pick_place/srv/GetTargetPose.srv
-- Up-to-date: /home/user/turtlebot3_ws/install/turtlebot3_pick_place/share/turtlebot3_pick_place/srv/GetTargetPose_Request.msg
-- Up-to-date: /home/user/turtlebot3_ws/install/turtlebot3_pick_place/share/turtlebot3_pick_place/srv/GetTargetPose_Response.msg
-- Up-to-date: /home/user/turtlebot3_ws/install/turtlebot3_pick_place/lib/turtlebot3_pick_place/pick_place_orchestrator
-- Installing: /home/user/turtlebot3_ws/install/turtlebot3_pick_place/lib/turtlebot3_pick_place/yolo_sam2_perception_server.py
-- Up-to-date: /home/user/turtlebot3_ws/install/turtlebot3_pick_place/share/turtlebot3_pick_place/launch
-- Up-to-date: /home/user/turtlebot3_ws/install/turtlebot3_pick_place/share/turtlebot3_pick_place/launch/pick_and_place.launch.py
-- Up-to-date: /home/user/turtlebot3_ws/install/turtlebot3_pick_place/share/turtlebot3_pick_place/srv
-- Up-to-date: /home/user/turtlebot3_ws/install/turtlebot3_pick_place/share/turtlebot3_pick_place/srv/GetTargetPose.srv
-- Up-to-date: /home/user/turtlebot3_ws/install/turtlebot3_pick_place/share/ament_index/resource_index/package_run_dependencies/turtlebot3_pick_place
-- Up-to-date: /home/user/turtlebot3_ws/install/turtlebot3_pick_place/share/ament_index/resource_index/parent_prefix_path/turtlebot3_pick_place
-- Up-to-date: /home/user/turtlebot3_ws/install/turtlebot3_pick_place/share/turtlebot3_pick_place/environment/ament_prefix_path.sh
-- Up-to-date: /home/user/turtlebot3_ws/install/turtlebot3_pick_place/share/turtlebot3_pick_place/environment/ament_prefix_path.dsv
-- Up-to-date: /home/user/turtlebot3_ws/install/turtlebot3_pick_place/share/turtlebot3_pick_place/environment/path.sh
-- Up-to-date: /home/user/turtlebot3_ws/install/turtlebot3_pick_place/share/turtlebot3_pick_place/environment/path.dsv
-- Up-to-date: /home/user/turtlebot3_ws/install/turtlebot3_pick_place/share/turtlebot3_pick_place/local_setup.bash
-- Up-to-date: /home/user/turtlebot3_ws/install/turtlebot3_pick_place/share/turtlebot3_pick_place/local_setup.sh
-- Up-to-date: /home/user/turtlebot3_ws/install/turtlebot3_pick_place/share/turtlebot3_pick_place/local_setup.zsh
-- Up-to-date: /home/user/turtlebot3_ws/install/turtlebot3_pick_place/share/turtlebot3_pick_place/local_setup.dsv
-- Installing: /home/user/turtlebot3_ws/install/turtlebot3_pick_place/share/turtlebot3_pick_place/package.dsv
-- Up-to-date: /home/user/turtlebot3_ws/install/turtlebot3_pick_place/share/ament_index/resource_index/packages/turtlebot3_pick_place
-- Up-to-date: /home/user/turtlebot3_ws/install/turtlebot3_pick_place/share/turtlebot3_pick_place/cmake/export_turtlebot3_pick_place__rosidl_generator_cExport.cmake
-- Up-to-date: /home/user/turtlebot3_ws/install/turtlebot3_pick_place/share/turtlebot3_pick_place/cmake/export_turtlebot3_pick_place__rosidl_generator_cExport-noconfig.cmake
-- Up-to-date: /home/user/turtlebot3_ws/install/turtlebot3_pick_place/share/turtlebot3_pick_place/cmake/export_turtlebot3_pick_place__rosidl_typesupport_fastrtps_cExport.cmake
-- Up-to-date: /home/user/turtlebot3_ws/install/turtlebot3_pick_place/share/turtlebot3_pick_place/cmake/export_turtlebot3_pick_place__rosidl_typesupport_fastrtps_cExport-noconfig.cmake
-- Up-to-date: /home/user/turtlebot3_ws/install/turtlebot3_pick_place/share/turtlebot3_pick_place/cmake/export_turtlebot3_pick_place__rosidl_generator_cppExport.cmake
-- Up-to-date: /home/user/turtlebot3_ws/install/turtlebot3_pick_place/share/turtlebot3_pick_place/cmake/export_turtlebot3_pick_place__rosidl_typesupport_fastrtps_cppExport.cmake
-- Up-to-date: /home/user/turtlebot3_ws/install/turtlebot3_pick_place/share/turtlebot3_pick_place/cmake/export_turtlebot3_pick_place__rosidl_typesupport_fastrtps_cppExport-noconfig.cmake
-- Up-to-date: /home/user/turtlebot3_ws/install/turtlebot3_pick_place/share/turtlebot3_pick_place/cmake/turtlebot3_pick_place__rosidl_typesupport_introspection_cExport.cmake
-- Up-to-date: /home/user/turtlebot3_ws/install/turtlebot3_pick_place/share/turtlebot3_pick_place/cmake/turtlebot3_pick_place__rosidl_typesupport_introspection_cExport-noconfig.cmake
-- Up-to-date: /home/user/turtlebot3_ws/install/turtlebot3_pick_place/share/turtlebot3_pick_place/cmake/turtlebot3_pick_place__rosidl_typesupport_cExport.cmake
-- Up-to-date: /home/user/turtlebot3_ws/install/turtlebot3_pick_place/share/turtlebot3_pick_place/cmake/turtlebot3_pick_place__rosidl_typesupport_cExport-noconfig.cmake
-- Up-to-date: /home/user/turtlebot3_ws/install/turtlebot3_pick_place/share/turtlebot3_pick_place/cmake/turtlebot3_pick_place__rosidl_typesupport_introspection_cppExport.cmake
-- Up-to-date: /home/user/turtlebot3_ws/install/turtlebot3_pick_place/share/turtlebot3_pick_place/cmake/turtlebot3_pick_place__rosidl_typesupport_introspection_cppExport-noconfig.cmake
-- Up-to-date: /home/user/turtlebot3_ws/install/turtlebot3_pick_place/share/turtlebot3_pick_place/cmake/turtlebot3_pick_place__rosidl_typesupport_cppExport.cmake
-- Up-to-date: /home/user/turtlebot3_ws/install/turtlebot3_pick_place/share/turtlebot3_pick_place/cmake/turtlebot3_pick_place__rosidl_typesupport_cppExport-noconfig.cmake
-- Up-to-date: /home/user/turtlebot3_ws/install/turtlebot3_pick_place/share/turtlebot3_pick_place/cmake/export_turtlebot3_pick_place__rosidl_generator_pyExport.cmake
-- Up-to-date: /home/user/turtlebot3_ws/install/turtlebot3_pick_place/share/turtlebot3_pick_place/cmake/export_turtlebot3_pick_place__rosidl_generator_pyExport-noconfig.cmake
-- Up-to-date: /home/user/turtlebot3_ws/install/turtlebot3_pick_place/share/turtlebot3_pick_place/cmake/rosidl_cmake-extras.cmake
-- Up-to-date: /home/user/turtlebot3_ws/install/turtlebot3_pick_place/share/turtlebot3_pick_place/cmake/ament_cmake_export_dependencies-extras.cmake
-- Up-to-date: /home/user/turtlebot3_ws/install/turtlebot3_pick_place/share/turtlebot3_pick_place/cmake/ament_cmake_export_include_directories-extras.cmake
-- Up-to-date: /home/user/turtlebot3_ws/install/turtlebot3_pick_place/share/turtlebot3_pick_place/cmake/ament_cmake_export_libraries-extras.cmake
-- Up-to-date: /home/user/turtlebot3_ws/install/turtlebot3_pick_place/share/turtlebot3_pick_place/cmake/ament_cmake_export_targets-extras.cmake
-- Up-to-date: /home/user/turtlebot3_ws/install/turtlebot3_pick_place/share/turtlebot3_pick_place/cmake/rosidl_cmake_export_typesupport_targets-extras.cmake
-- Up-to-date: /home/user/turtlebot3_ws/install/turtlebot3_pick_place/share/turtlebot3_pick_place/cmake/rosidl_cmake_export_typesupport_libraries-extras.cmake
-- Up-to-date: /home/user/turtlebot3_ws/install/turtlebot3_pick_place/share/turtlebot3_pick_place/cmake/rosidl_cmake_aggregate_target-extras.cmake
-- Up-to-date: /home/user/turtlebot3_ws/install/turtlebot3_pick_place/share/turtlebot3_pick_place/cmake/turtlebot3_pick_placeConfig.cmake
-- Up-to-date: /home/user/turtlebot3_ws/install/turtlebot3_pick_place/share/turtlebot3_pick_place/cmake/turtlebot3_pick_placeConfig-version.cmake
-- Up-to-date: /home/user/turtlebot3_ws/install/turtlebot3_pick_place/share/turtlebot3_pick_place/package.xml
