[0.024s] Invoking command in '/home/user/turtlebot3_ws/build/turtlebot3_pick_place': CMAKE_PREFIX_PATH=${CMAKE_PREFIX_PATH}:/opt/ros/humble /usr/bin/cmake --build /home/user/turtlebot3_ws/build/turtlebot3_pick_place -- -j8 -l8
[0.135s] [  2%] Built target turtlebot3_pick_place__rs
[0.135s] [  5%] Built target turtlebot3_pick_place__cpp
[0.135s] [ 14%] Built target turtlebot3_pick_place__rosidl_generator_c
[0.156s] [ 14%] Built target ament_cmake_python_copy_turtlebot3_pick_place
[0.182s] [ 35%] Built target turtlebot3_pick_place__rosidl_typesupport_cpp
[0.182s] [ 35%] Built target turtlebot3_pick_place__rosidl_typesupport_introspection_cpp
[0.184s] [ 41%] Built target turtlebot3_pick_place__rosidl_typesupport_fastrtps_cpp
[0.201s] [ 50%] Built target turtlebot3_pick_place__rosidl_typesupport_introspection_c
[0.203s] [ 58%] Built target turtlebot3_pick_place__rosidl_typesupport_fastrtps_c
[0.210s] [ 67%] Built target turtlebot3_pick_place__rosidl_typesupport_c
[0.249s] [ 70%] Built target turtlebot3_pick_place
[0.250s] [ 73%] Built target pick_place_orchestrator
[0.294s] [ 76%] Built target turtlebot3_pick_place__py
[0.340s] [ 82%] Built target turtlebot3_pick_place__rosidl_generator_py
[0.386s] [100%] Built target turtlebot3_pick_place__rosidl_typesupport_introspection_c__pyext
[0.386s] [100%] Built target turtlebot3_pick_place__rosidl_typesupport_fastrtps_c__pyext
[0.387s] [100%] Built target turtlebot3_pick_place__rosidl_typesupport_c__pyext
[0.653s] running egg_info
[0.694s] writing turtlebot3_pick_place.egg-info/PKG-INFO
[0.695s] writing dependency_links to turtlebot3_pick_place.egg-info/dependency_links.txt
[0.695s] writing top-level names to turtlebot3_pick_place.egg-info/top_level.txt
[0.814s] reading manifest file 'turtlebot3_pick_place.egg-info/SOURCES.txt'
[0.816s] writing manifest file 'turtlebot3_pick_place.egg-info/SOURCES.txt'
[0.897s] [100%] Built target ament_cmake_python_build_turtlebot3_pick_place_egg
[0.921s] Invoked command in '/home/user/turtlebot3_ws/build/turtlebot3_pick_place' returned '0': CMAKE_PREFIX_PATH=${CMAKE_PREFIX_PATH}:/opt/ros/humble /usr/bin/cmake --build /home/user/turtlebot3_ws/build/turtlebot3_pick_place -- -j8 -l8
[0.942s] Invoking command in '/home/user/turtlebot3_ws/build/turtlebot3_pick_place': CMAKE_PREFIX_PATH=${CMAKE_PREFIX_PATH}:/opt/ros/humble /usr/bin/cmake --install /home/user/turtlebot3_ws/build/turtlebot3_pick_place
[0.958s] -- Install configuration: ""
[0.959s] -- Up-to-date: /home/user/turtlebot3_ws/install/turtlebot3_pick_place/share/ament_index/resource_index/rosidl_interfaces/turtlebot3_pick_place
[0.959s] -- Up-to-date: /home/user/turtlebot3_ws/install/turtlebot3_pick_place/include/turtlebot3_pick_place/turtlebot3_pick_place
[0.959s] -- Up-to-date: /home/user/turtlebot3_ws/install/turtlebot3_pick_place/include/turtlebot3_pick_place/turtlebot3_pick_place/msg
[0.960s] -- Up-to-date: /home/user/turtlebot3_ws/install/turtlebot3_pick_place/include/turtlebot3_pick_place/turtlebot3_pick_place/msg/rosidl_generator_c__visibility_control.h
[0.960s] -- Up-to-date: /home/user/turtlebot3_ws/install/turtlebot3_pick_place/include/turtlebot3_pick_place/turtlebot3_pick_place/srv
[0.960s] -- Up-to-date: /home/user/turtlebot3_ws/install/turtlebot3_pick_place/include/turtlebot3_pick_place/turtlebot3_pick_place/srv/detail
[0.961s] -- Up-to-date: /home/user/turtlebot3_ws/install/turtlebot3_pick_place/include/turtlebot3_pick_place/turtlebot3_pick_place/srv/detail/get_target_pose__type_support.h
[0.961s] -- Up-to-date: /home/user/turtlebot3_ws/install/turtlebot3_pick_place/include/turtlebot3_pick_place/turtlebot3_pick_place/srv/detail/get_target_pose__struct.h
[0.962s] -- Up-to-date: /home/user/turtlebot3_ws/install/turtlebot3_pick_place/include/turtlebot3_pick_place/turtlebot3_pick_place/srv/detail/get_target_pose__functions.c
[0.962s] -- Up-to-date: /home/user/turtlebot3_ws/install/turtlebot3_pick_place/include/turtlebot3_pick_place/turtlebot3_pick_place/srv/detail/get_target_pose__functions.h
[0.962s] -- Up-to-date: /home/user/turtlebot3_ws/install/turtlebot3_pick_place/include/turtlebot3_pick_place/turtlebot3_pick_place/srv/get_target_pose.h
[0.962s] -- Up-to-date: /home/user/turtlebot3_ws/install/turtlebot3_pick_place/share/turtlebot3_pick_place/environment/library_path.sh
[0.963s] -- Up-to-date: /home/user/turtlebot3_ws/install/turtlebot3_pick_place/share/turtlebot3_pick_place/environment/library_path.dsv
[0.963s] -- Up-to-date: /home/user/turtlebot3_ws/install/turtlebot3_pick_place/lib/libturtlebot3_pick_place__rosidl_generator_c.so
[0.963s] -- Up-to-date: /home/user/turtlebot3_ws/install/turtlebot3_pick_place/include/turtlebot3_pick_place/turtlebot3_pick_place
[0.964s] -- Up-to-date: /home/user/turtlebot3_ws/install/turtlebot3_pick_place/include/turtlebot3_pick_place/turtlebot3_pick_place/msg
[0.964s] -- Up-to-date: /home/user/turtlebot3_ws/install/turtlebot3_pick_place/include/turtlebot3_pick_place/turtlebot3_pick_place/msg/rosidl_typesupport_fastrtps_c__visibility_control.h
[0.964s] -- Up-to-date: /home/user/turtlebot3_ws/install/turtlebot3_pick_place/include/turtlebot3_pick_place/turtlebot3_pick_place/srv
[0.964s] -- Up-to-date: /home/user/turtlebot3_ws/install/turtlebot3_pick_place/include/turtlebot3_pick_place/turtlebot3_pick_place/srv/detail
[0.964s] -- Up-to-date: /home/user/turtlebot3_ws/install/turtlebot3_pick_place/include/turtlebot3_pick_place/turtlebot3_pick_place/srv/detail/get_target_pose__rosidl_typesupport_fastrtps_c.h
[0.965s] -- Up-to-date: /home/user/turtlebot3_ws/install/turtlebot3_pick_place/lib/libturtlebot3_pick_place__rosidl_typesupport_fastrtps_c.so
[0.965s] -- Up-to-date: /home/user/turtlebot3_ws/install/turtlebot3_pick_place/include/turtlebot3_pick_place/turtlebot3_pick_place
[0.965s] -- Up-to-date: /home/user/turtlebot3_ws/install/turtlebot3_pick_place/include/turtlebot3_pick_place/turtlebot3_pick_place/msg
[0.965s] -- Up-to-date: /home/user/turtlebot3_ws/install/turtlebot3_pick_place/include/turtlebot3_pick_place/turtlebot3_pick_place/msg/rosidl_generator_cpp__visibility_control.hpp
[0.965s] -- Up-to-date: /home/user/turtlebot3_ws/install/turtlebot3_pick_place/include/turtlebot3_pick_place/turtlebot3_pick_place/srv
[0.966s] -- Up-to-date: /home/user/turtlebot3_ws/install/turtlebot3_pick_place/include/turtlebot3_pick_place/turtlebot3_pick_place/srv/detail
[0.966s] -- Up-to-date: /home/user/turtlebot3_ws/install/turtlebot3_pick_place/include/turtlebot3_pick_place/turtlebot3_pick_place/srv/detail/get_target_pose__struct.hpp
[0.966s] -- Up-to-date: /home/user/turtlebot3_ws/install/turtlebot3_pick_place/include/turtlebot3_pick_place/turtlebot3_pick_place/srv/detail/get_target_pose__type_support.hpp
[0.966s] -- Up-to-date: /home/user/turtlebot3_ws/install/turtlebot3_pick_place/include/turtlebot3_pick_place/turtlebot3_pick_place/srv/detail/get_target_pose__traits.hpp
[0.966s] -- Up-to-date: /home/user/turtlebot3_ws/install/turtlebot3_pick_place/include/turtlebot3_pick_place/turtlebot3_pick_place/srv/detail/get_target_pose__builder.hpp
[0.967s] -- Up-to-date: /home/user/turtlebot3_ws/install/turtlebot3_pick_place/include/turtlebot3_pick_place/turtlebot3_pick_place/srv/get_target_pose.hpp
[0.967s] -- Up-to-date: /home/user/turtlebot3_ws/install/turtlebot3_pick_place/include/turtlebot3_pick_place/turtlebot3_pick_place
[0.967s] -- Up-to-date: /home/user/turtlebot3_ws/install/turtlebot3_pick_place/include/turtlebot3_pick_place/turtlebot3_pick_place/msg
[0.967s] -- Up-to-date: /home/user/turtlebot3_ws/install/turtlebot3_pick_place/include/turtlebot3_pick_place/turtlebot3_pick_place/msg/rosidl_typesupport_fastrtps_cpp__visibility_control.h
[0.967s] -- Up-to-date: /home/user/turtlebot3_ws/install/turtlebot3_pick_place/include/turtlebot3_pick_place/turtlebot3_pick_place/srv
[0.967s] -- Up-to-date: /home/user/turtlebot3_ws/install/turtlebot3_pick_place/include/turtlebot3_pick_place/turtlebot3_pick_place/srv/detail
[0.968s] -- Up-to-date: /home/user/turtlebot3_ws/install/turtlebot3_pick_place/include/turtlebot3_pick_place/turtlebot3_pick_place/srv/detail/dds_fastrtps
[0.968s] -- Up-to-date: /home/user/turtlebot3_ws/install/turtlebot3_pick_place/include/turtlebot3_pick_place/turtlebot3_pick_place/srv/detail/get_target_pose__rosidl_typesupport_fastrtps_cpp.hpp
[0.968s] -- Up-to-date: /home/user/turtlebot3_ws/install/turtlebot3_pick_place/lib/libturtlebot3_pick_place__rosidl_typesupport_fastrtps_cpp.so
[0.968s] -- Up-to-date: /home/user/turtlebot3_ws/install/turtlebot3_pick_place/include/turtlebot3_pick_place/turtlebot3_pick_place
[0.968s] -- Up-to-date: /home/user/turtlebot3_ws/install/turtlebot3_pick_place/include/turtlebot3_pick_place/turtlebot3_pick_place/msg
[0.968s] -- Up-to-date: /home/user/turtlebot3_ws/install/turtlebot3_pick_place/include/turtlebot3_pick_place/turtlebot3_pick_place/msg/rosidl_typesupport_introspection_c__visibility_control.h
[0.969s] -- Up-to-date: /home/user/turtlebot3_ws/install/turtlebot3_pick_place/include/turtlebot3_pick_place/turtlebot3_pick_place/srv
[0.969s] -- Up-to-date: /home/user/turtlebot3_ws/install/turtlebot3_pick_place/include/turtlebot3_pick_place/turtlebot3_pick_place/srv/detail
[0.975s] -- Up-to-date: /home/user/turtlebot3_ws/install/turtlebot3_pick_place/include/turtlebot3_pick_place/turtlebot3_pick_place/srv/detail/get_target_pose__rosidl_typesupport_introspection_c.h
[0.976s] -- Up-to-date: /home/user/turtlebot3_ws/install/turtlebot3_pick_place/include/turtlebot3_pick_place/turtlebot3_pick_place/srv/detail/get_target_pose__type_support.c
[0.976s] -- Up-to-date: /home/user/turtlebot3_ws/install/turtlebot3_pick_place/lib/libturtlebot3_pick_place__rosidl_typesupport_introspection_c.so
[0.976s] -- Up-to-date: /home/user/turtlebot3_ws/install/turtlebot3_pick_place/lib/libturtlebot3_pick_place__rosidl_typesupport_c.so
[0.976s] -- Up-to-date: /home/user/turtlebot3_ws/install/turtlebot3_pick_place/include/turtlebot3_pick_place/turtlebot3_pick_place
[0.976s] -- Up-to-date: /home/user/turtlebot3_ws/install/turtlebot3_pick_place/include/turtlebot3_pick_place/turtlebot3_pick_place/srv
[0.976s] -- Up-to-date: /home/user/turtlebot3_ws/install/turtlebot3_pick_place/include/turtlebot3_pick_place/turtlebot3_pick_place/srv/detail
[0.977s] -- Up-to-date: /home/user/turtlebot3_ws/install/turtlebot3_pick_place/include/turtlebot3_pick_place/turtlebot3_pick_place/srv/detail/get_target_pose__type_support.cpp
[0.977s] -- Up-to-date: /home/user/turtlebot3_ws/install/turtlebot3_pick_place/include/turtlebot3_pick_place/turtlebot3_pick_place/srv/detail/get_target_pose__rosidl_typesupport_introspection_cpp.hpp
[0.977s] -- Up-to-date: /home/user/turtlebot3_ws/install/turtlebot3_pick_place/lib/libturtlebot3_pick_place__rosidl_typesupport_introspection_cpp.so
[0.977s] -- Up-to-date: /home/user/turtlebot3_ws/install/turtlebot3_pick_place/lib/libturtlebot3_pick_place__rosidl_typesupport_cpp.so
[0.977s] -- Up-to-date: /home/user/turtlebot3_ws/install/turtlebot3_pick_place/share/turtlebot3_pick_place/environment/pythonpath.sh
[0.977s] -- Up-to-date: /home/user/turtlebot3_ws/install/turtlebot3_pick_place/share/turtlebot3_pick_place/environment/pythonpath.dsv
[0.978s] -- Up-to-date: /home/user/turtlebot3_ws/install/turtlebot3_pick_place/local/lib/python3.10/dist-packages/turtlebot3_pick_place-0.0.1-py3.10.egg-info
[0.978s] -- Installing: /home/user/turtlebot3_ws/install/turtlebot3_pick_place/local/lib/python3.10/dist-packages/turtlebot3_pick_place-0.0.1-py3.10.egg-info/SOURCES.txt
[0.978s] -- Installing: /home/user/turtlebot3_ws/install/turtlebot3_pick_place/local/lib/python3.10/dist-packages/turtlebot3_pick_place-0.0.1-py3.10.egg-info/dependency_links.txt
[0.978s] -- Installing: /home/user/turtlebot3_ws/install/turtlebot3_pick_place/local/lib/python3.10/dist-packages/turtlebot3_pick_place-0.0.1-py3.10.egg-info/top_level.txt
[0.978s] -- Installing: /home/user/turtlebot3_ws/install/turtlebot3_pick_place/local/lib/python3.10/dist-packages/turtlebot3_pick_place-0.0.1-py3.10.egg-info/PKG-INFO
[0.978s] -- Up-to-date: /home/user/turtlebot3_ws/install/turtlebot3_pick_place/local/lib/python3.10/dist-packages/turtlebot3_pick_place
[0.978s] -- Up-to-date: /home/user/turtlebot3_ws/install/turtlebot3_pick_place/local/lib/python3.10/dist-packages/turtlebot3_pick_place/__init__.py
[0.979s] -- Up-to-date: /home/user/turtlebot3_ws/install/turtlebot3_pick_place/local/lib/python3.10/dist-packages/turtlebot3_pick_place/libturtlebot3_pick_place__rosidl_generator_py.so
[0.979s] -- Up-to-date: /home/user/turtlebot3_ws/install/turtlebot3_pick_place/local/lib/python3.10/dist-packages/turtlebot3_pick_place/_turtlebot3_pick_place_s.ep.rosidl_typesupport_fastrtps_c.c
[0.979s] -- Up-to-date: /home/user/turtlebot3_ws/install/turtlebot3_pick_place/local/lib/python3.10/dist-packages/turtlebot3_pick_place/turtlebot3_pick_place_s__rosidl_typesupport_c.cpython-310-aarch64-linux-gnu.so
[0.979s] -- Up-to-date: /home/user/turtlebot3_ws/install/turtlebot3_pick_place/local/lib/python3.10/dist-packages/turtlebot3_pick_place/_turtlebot3_pick_place_s.ep.rosidl_typesupport_c.c
[0.979s] -- Up-to-date: /home/user/turtlebot3_ws/install/turtlebot3_pick_place/local/lib/python3.10/dist-packages/turtlebot3_pick_place/turtlebot3_pick_place_s__rosidl_typesupport_introspection_c.cpython-310-aarch64-linux-gnu.so
[0.979s] -- Up-to-date: /home/user/turtlebot3_ws/install/turtlebot3_pick_place/local/lib/python3.10/dist-packages/turtlebot3_pick_place/_turtlebot3_pick_place_s.ep.rosidl_typesupport_introspection_c.c
[0.979s] -- Up-to-date: /home/user/turtlebot3_ws/install/turtlebot3_pick_place/local/lib/python3.10/dist-packages/turtlebot3_pick_place/turtlebot3_pick_place_s__rosidl_typesupport_fastrtps_c.cpython-310-aarch64-linux-gnu.so
[0.980s] -- Up-to-date: /home/user/turtlebot3_ws/install/turtlebot3_pick_place/local/lib/python3.10/dist-packages/turtlebot3_pick_place/srv
[0.980s] -- Up-to-date: /home/user/turtlebot3_ws/install/turtlebot3_pick_place/local/lib/python3.10/dist-packages/turtlebot3_pick_place/srv/__init__.py
[0.980s] -- Up-to-date: /home/user/turtlebot3_ws/install/turtlebot3_pick_place/local/lib/python3.10/dist-packages/turtlebot3_pick_place/srv/_get_target_pose.py
[0.980s] -- Up-to-date: /home/user/turtlebot3_ws/install/turtlebot3_pick_place/local/lib/python3.10/dist-packages/turtlebot3_pick_place/srv/_get_target_pose_s.c
[1.032s] Listing '/home/user/turtlebot3_ws/install/turtlebot3_pick_place/local/lib/python3.10/dist-packages/turtlebot3_pick_place'...
[1.033s] Listing '/home/user/turtlebot3_ws/install/turtlebot3_pick_place/local/lib/python3.10/dist-packages/turtlebot3_pick_place/srv'...
[1.043s] -- Up-to-date: /home/user/turtlebot3_ws/install/turtlebot3_pick_place/local/lib/python3.10/dist-packages/turtlebot3_pick_place/turtlebot3_pick_place_s__rosidl_typesupport_fastrtps_c.cpython-310-aarch64-linux-gnu.so
[1.043s] -- Up-to-date: /home/user/turtlebot3_ws/install/turtlebot3_pick_place/local/lib/python3.10/dist-packages/turtlebot3_pick_place/turtlebot3_pick_place_s__rosidl_typesupport_introspection_c.cpython-310-aarch64-linux-gnu.so
[1.044s] -- Up-to-date: /home/user/turtlebot3_ws/install/turtlebot3_pick_place/local/lib/python3.10/dist-packages/turtlebot3_pick_place/turtlebot3_pick_place_s__rosidl_typesupport_c.cpython-310-aarch64-linux-gnu.so
[1.044s] -- Up-to-date: /home/user/turtlebot3_ws/install/turtlebot3_pick_place/lib/libturtlebot3_pick_place__rosidl_generator_py.so
[1.045s] -- Up-to-date: /home/user/turtlebot3_ws/install/turtlebot3_pick_place/share/ament_index/resource_index/rust_packages/turtlebot3_pick_place
[1.045s] -- Up-to-date: /home/user/turtlebot3_ws/install/turtlebot3_pick_place/share/turtlebot3_pick_place/rust
[1.046s] -- Up-to-date: /home/user/turtlebot3_ws/install/turtlebot3_pick_place/share/turtlebot3_pick_place/rust/Cargo.toml
[1.046s] -- Up-to-date: /home/user/turtlebot3_ws/install/turtlebot3_pick_place/share/turtlebot3_pick_place/rust/src
[1.046s] -- Up-to-date: /home/user/turtlebot3_ws/install/turtlebot3_pick_place/share/turtlebot3_pick_place/rust/src/lib.rs
[1.046s] -- Up-to-date: /home/user/turtlebot3_ws/install/turtlebot3_pick_place/share/turtlebot3_pick_place/rust/src/srv.rs
[1.047s] -- Up-to-date: /home/user/turtlebot3_ws/install/turtlebot3_pick_place/share/turtlebot3_pick_place/rust/src/srv
[1.047s] -- Up-to-date: /home/user/turtlebot3_ws/install/turtlebot3_pick_place/share/turtlebot3_pick_place/rust/src/srv/rmw.rs
[1.048s] -- Up-to-date: /home/user/turtlebot3_ws/install/turtlebot3_pick_place/share/turtlebot3_pick_place/rust/build.rs
[1.048s] -- Up-to-date: /home/user/turtlebot3_ws/install/turtlebot3_pick_place/share/turtlebot3_pick_place/srv/GetTargetPose.idl
[1.048s] -- Up-to-date: /home/user/turtlebot3_ws/install/turtlebot3_pick_place/share/turtlebot3_pick_place/srv/GetTargetPose.srv
[1.049s] -- Up-to-date: /home/user/turtlebot3_ws/install/turtlebot3_pick_place/share/turtlebot3_pick_place/srv/GetTargetPose_Request.msg
[1.049s] -- Up-to-date: /home/user/turtlebot3_ws/install/turtlebot3_pick_place/share/turtlebot3_pick_place/srv/GetTargetPose_Response.msg
[1.049s] -- Up-to-date: /home/user/turtlebot3_ws/install/turtlebot3_pick_place/lib/turtlebot3_pick_place/pick_place_orchestrator
[1.050s] -- Installing: /home/user/turtlebot3_ws/install/turtlebot3_pick_place/lib/turtlebot3_pick_place/yolo_sam2_perception_server.py
[1.050s] -- Up-to-date: /home/user/turtlebot3_ws/install/turtlebot3_pick_place/share/turtlebot3_pick_place/launch
[1.050s] -- Up-to-date: /home/user/turtlebot3_ws/install/turtlebot3_pick_place/share/turtlebot3_pick_place/launch/pick_and_place.launch.py
[1.051s] -- Up-to-date: /home/user/turtlebot3_ws/install/turtlebot3_pick_place/share/turtlebot3_pick_place/srv
[1.051s] -- Up-to-date: /home/user/turtlebot3_ws/install/turtlebot3_pick_place/share/turtlebot3_pick_place/srv/GetTargetPose.srv
[1.052s] -- Up-to-date: /home/user/turtlebot3_ws/install/turtlebot3_pick_place/share/ament_index/resource_index/package_run_dependencies/turtlebot3_pick_place
[1.052s] -- Up-to-date: /home/user/turtlebot3_ws/install/turtlebot3_pick_place/share/ament_index/resource_index/parent_prefix_path/turtlebot3_pick_place
[1.053s] -- Up-to-date: /home/user/turtlebot3_ws/install/turtlebot3_pick_place/share/turtlebot3_pick_place/environment/ament_prefix_path.sh
[1.053s] -- Up-to-date: /home/user/turtlebot3_ws/install/turtlebot3_pick_place/share/turtlebot3_pick_place/environment/ament_prefix_path.dsv
[1.053s] -- Up-to-date: /home/user/turtlebot3_ws/install/turtlebot3_pick_place/share/turtlebot3_pick_place/environment/path.sh
[1.053s] -- Up-to-date: /home/user/turtlebot3_ws/install/turtlebot3_pick_place/share/turtlebot3_pick_place/environment/path.dsv
[1.053s] -- Up-to-date: /home/user/turtlebot3_ws/install/turtlebot3_pick_place/share/turtlebot3_pick_place/local_setup.bash
[1.054s] -- Up-to-date: /home/user/turtlebot3_ws/install/turtlebot3_pick_place/share/turtlebot3_pick_place/local_setup.sh
[1.054s] -- Up-to-date: /home/user/turtlebot3_ws/install/turtlebot3_pick_place/share/turtlebot3_pick_place/local_setup.zsh
[1.054s] -- Up-to-date: /home/user/turtlebot3_ws/install/turtlebot3_pick_place/share/turtlebot3_pick_place/local_setup.dsv
[1.054s] -- Installing: /home/user/turtlebot3_ws/install/turtlebot3_pick_place/share/turtlebot3_pick_place/package.dsv
[1.055s] -- Up-to-date: /home/user/turtlebot3_ws/install/turtlebot3_pick_place/share/ament_index/resource_index/packages/turtlebot3_pick_place
[1.055s] -- Up-to-date: /home/user/turtlebot3_ws/install/turtlebot3_pick_place/share/turtlebot3_pick_place/cmake/export_turtlebot3_pick_place__rosidl_generator_cExport.cmake
[1.055s] -- Up-to-date: /home/user/turtlebot3_ws/install/turtlebot3_pick_place/share/turtlebot3_pick_place/cmake/export_turtlebot3_pick_place__rosidl_generator_cExport-noconfig.cmake
[1.056s] -- Up-to-date: /home/user/turtlebot3_ws/install/turtlebot3_pick_place/share/turtlebot3_pick_place/cmake/export_turtlebot3_pick_place__rosidl_typesupport_fastrtps_cExport.cmake
[1.056s] -- Up-to-date: /home/user/turtlebot3_ws/install/turtlebot3_pick_place/share/turtlebot3_pick_place/cmake/export_turtlebot3_pick_place__rosidl_typesupport_fastrtps_cExport-noconfig.cmake
[1.058s] -- Up-to-date: /home/user/turtlebot3_ws/install/turtlebot3_pick_place/share/turtlebot3_pick_place/cmake/export_turtlebot3_pick_place__rosidl_generator_cppExport.cmake
[1.058s] -- Up-to-date: /home/user/turtlebot3_ws/install/turtlebot3_pick_place/share/turtlebot3_pick_place/cmake/export_turtlebot3_pick_place__rosidl_typesupport_fastrtps_cppExport.cmake
[1.059s] -- Up-to-date: /home/user/turtlebot3_ws/install/turtlebot3_pick_place/share/turtlebot3_pick_place/cmake/export_turtlebot3_pick_place__rosidl_typesupport_fastrtps_cppExport-noconfig.cmake
[1.059s] -- Up-to-date: /home/user/turtlebot3_ws/install/turtlebot3_pick_place/share/turtlebot3_pick_place/cmake/turtlebot3_pick_place__rosidl_typesupport_introspection_cExport.cmake
[1.060s] -- Up-to-date: /home/user/turtlebot3_ws/install/turtlebot3_pick_place/share/turtlebot3_pick_place/cmake/turtlebot3_pick_place__rosidl_typesupport_introspection_cExport-noconfig.cmake
[1.060s] -- Up-to-date: /home/user/turtlebot3_ws/install/turtlebot3_pick_place/share/turtlebot3_pick_place/cmake/turtlebot3_pick_place__rosidl_typesupport_cExport.cmake
[1.060s] -- Up-to-date: /home/user/turtlebot3_ws/install/turtlebot3_pick_place/share/turtlebot3_pick_place/cmake/turtlebot3_pick_place__rosidl_typesupport_cExport-noconfig.cmake
[1.062s] -- Up-to-date: /home/user/turtlebot3_ws/install/turtlebot3_pick_place/share/turtlebot3_pick_place/cmake/turtlebot3_pick_place__rosidl_typesupport_introspection_cppExport.cmake
[1.062s] -- Up-to-date: /home/user/turtlebot3_ws/install/turtlebot3_pick_place/share/turtlebot3_pick_place/cmake/turtlebot3_pick_place__rosidl_typesupport_introspection_cppExport-noconfig.cmake
[1.063s] -- Up-to-date: /home/user/turtlebot3_ws/install/turtlebot3_pick_place/share/turtlebot3_pick_place/cmake/turtlebot3_pick_place__rosidl_typesupport_cppExport.cmake
[1.063s] -- Up-to-date: /home/user/turtlebot3_ws/install/turtlebot3_pick_place/share/turtlebot3_pick_place/cmake/turtlebot3_pick_place__rosidl_typesupport_cppExport-noconfig.cmake
[1.064s] -- Up-to-date: /home/user/turtlebot3_ws/install/turtlebot3_pick_place/share/turtlebot3_pick_place/cmake/export_turtlebot3_pick_place__rosidl_generator_pyExport.cmake
[1.065s] -- Up-to-date: /home/user/turtlebot3_ws/install/turtlebot3_pick_place/share/turtlebot3_pick_place/cmake/export_turtlebot3_pick_place__rosidl_generator_pyExport-noconfig.cmake
[1.066s] -- Up-to-date: /home/user/turtlebot3_ws/install/turtlebot3_pick_place/share/turtlebot3_pick_place/cmake/rosidl_cmake-extras.cmake
[1.066s] -- Up-to-date: /home/user/turtlebot3_ws/install/turtlebot3_pick_place/share/turtlebot3_pick_place/cmake/ament_cmake_export_dependencies-extras.cmake
[1.067s] -- Up-to-date: /home/user/turtlebot3_ws/install/turtlebot3_pick_place/share/turtlebot3_pick_place/cmake/ament_cmake_export_include_directories-extras.cmake
[1.067s] -- Up-to-date: /home/user/turtlebot3_ws/install/turtlebot3_pick_place/share/turtlebot3_pick_place/cmake/ament_cmake_export_libraries-extras.cmake
[1.067s] -- Up-to-date: /home/user/turtlebot3_ws/install/turtlebot3_pick_place/share/turtlebot3_pick_place/cmake/ament_cmake_export_targets-extras.cmake
[1.068s] -- Up-to-date: /home/user/turtlebot3_ws/install/turtlebot3_pick_place/share/turtlebot3_pick_place/cmake/rosidl_cmake_export_typesupport_targets-extras.cmake
[1.069s] -- Up-to-date: /home/user/turtlebot3_ws/install/turtlebot3_pick_place/share/turtlebot3_pick_place/cmake/rosidl_cmake_export_typesupport_libraries-extras.cmake
[1.069s] -- Up-to-date: /home/user/turtlebot3_ws/install/turtlebot3_pick_place/share/turtlebot3_pick_place/cmake/rosidl_cmake_aggregate_target-extras.cmake
[1.070s] -- Up-to-date: /home/user/turtlebot3_ws/install/turtlebot3_pick_place/share/turtlebot3_pick_place/cmake/turtlebot3_pick_placeConfig.cmake
[1.070s] -- Up-to-date: /home/user/turtlebot3_ws/install/turtlebot3_pick_place/share/turtlebot3_pick_place/cmake/turtlebot3_pick_placeConfig-version.cmake
[1.070s] -- Up-to-date: /home/user/turtlebot3_ws/install/turtlebot3_pick_place/share/turtlebot3_pick_place/package.xml
[1.071s] Invoked command in '/home/user/turtlebot3_ws/build/turtlebot3_pick_place' returned '0': CMAKE_PREFIX_PATH=${CMAKE_PREFIX_PATH}:/opt/ros/humble /usr/bin/cmake --install /home/user/turtlebot3_ws/build/turtlebot3_pick_place
