[0.023s] Invoking command in '/home/user/turtlebot3_ws/build/realsense_bringup': CMAKE_PREFIX_PATH=${CMAKE_PREFIX_PATH}:/opt/ros/humble /usr/bin/cmake /home/user/turtlebot3_ws/src/realsense_bringup -DCMAKE_INSTALL_PREFIX=/home/user/turtlebot3_ws/install/realsense_bringup
[0.129s] -- The C compiler identification is GNU 11.4.0
[0.239s] -- The CXX compiler identification is GNU 11.4.0
[0.262s] -- Detecting C compiler ABI info
[0.407s] -- Detecting C compiler ABI info - done
[0.432s] -- Check for working C compiler: /usr/bin/cc - skipped
[0.432s] -- Detecting C compile features
[0.433s] -- Detecting C compile features - done
[0.444s] -- Detecting CXX compiler ABI info
[0.595s] -- Detecting CXX compiler ABI info - done
[0.620s] -- Check for working CXX compiler: /usr/bin/c++ - skipped
[0.621s] -- Detecting CXX compile features
[0.622s] -- Detecting CXX compile features - done
[0.636s] -- Found ament_cmake: 1.3.14 (/opt/ros/humble/share/ament_cmake/cmake)
[0.947s] -- Found Python3: /usr/bin/python3 (found version "3.10.12") found components: Interpreter 
[1.192s] -- Found rclcpp: 16.0.19 (/opt/ros/humble/share/rclcpp/cmake)
[1.297s] -- Found rosidl_generator_c: 3.1.9 (/opt/ros/humble/share/rosidl_generator_c/cmake)
[1.310s] -- Found rosidl_adapter: 3.1.9 (/opt/ros/humble/share/rosidl_adapter/cmake)
[1.330s] -- Found rosidl_generator_cpp: 3.1.9 (/opt/ros/humble/share/rosidl_generator_cpp/cmake)
[1.357s] -- Using all available rosidl_typesupport_c: rosidl_typesupport_fastrtps_c;rosidl_typesupport_introspection_c
[1.393s] -- Using all available rosidl_typesupport_cpp: rosidl_typesupport_fastrtps_cpp;rosidl_typesupport_introspection_cpp
[1.494s] -- Found rmw_implementation_cmake: 6.1.2 (/opt/ros/humble/share/rmw_implementation_cmake/cmake)
[1.500s] -- Found rmw_fastrtps_cpp: 6.2.10 (/opt/ros/humble/share/rmw_fastrtps_cpp/cmake)
[1.692s] -- Found OpenSSL: /usr/lib/aarch64-linux-gnu/libcrypto.so (found version "3.0.2")  
[1.748s] -- Found FastRTPS: /opt/ros/humble/include  
[1.830s] -- Using RMW implementation 'rmw_fastrtps_cpp' as default
[1.852s] -- Looking for pthread.h
[1.990s] -- Looking for pthread.h - found
[1.991s] -- Performing Test CMAKE_HAVE_LIBC_PTHREAD
[2.133s] -- Performing Test CMAKE_HAVE_LIBC_PTHREAD - Success
[2.136s] -- Found Threads: TRUE  
[2.278s] -- Found sensor_msgs: 4.9.1 (/opt/ros/humble/share/sensor_msgs/cmake)
[2.340s] -- Found visualization_msgs: 4.9.1 (/opt/ros/humble/share/visualization_msgs/cmake)
[2.380s] -- Found message_filters: 4.3.18 (/opt/ros/humble/share/message_filters/cmake)
[2.389s] -- Found cv_bridge: 3.2.1 (/opt/ros/humble/share/cv_bridge/cmake)
[2.399s] [31mCMake Error at /usr/lib/cmake/opencv4_backup_4.8.0/OpenCVModules.cmake:172 (message):
[2.399s]   The imported target "opencv_gapi" references the file
[2.400s] 
[2.400s]      "/usr/lib/libopencv_gapi.so.4.8.0"
[2.400s] 
[2.400s]   but this file does not exist.  Possible reasons include:
[2.401s] 
[2.401s]   * The file was deleted, renamed, or moved to another location.
[2.401s] 
[2.401s]   * An install or uninstall procedure did not complete successfully.
[2.401s] 
[2.402s]   * The installation package was faulty and contained
[2.402s] 
[2.402s]      "/usr/lib/cmake/opencv4_backup_4.8.0/OpenCVModules.cmake"
[2.402s] 
[2.403s]   but not all the files it references.
[2.403s] 
[2.404s] Call Stack (most recent call first):
[2.404s]   /usr/lib/cmake/opencv4_backup_4.8.0/OpenCVConfig.cmake:126 (include)
[2.404s]   /opt/ros/humble/share/cv_bridge/cmake/ament_cmake_export_dependencies-extras.cmake:21 (find_package)
[2.404s]   /opt/ros/humble/share/cv_bridge/cmake/cv_bridgeConfig.cmake:41 (include)
[2.405s]   CMakeLists.txt:25 (find_package)
[2.405s] 
[2.405s] [0m
[2.405s] -- Configuring incomplete, errors occurred!
[2.406s] See also "/home/user/turtlebot3_ws/build/realsense_bringup/CMakeFiles/CMakeOutput.log".
[2.424s] Invoked command in '/home/user/turtlebot3_ws/build/realsense_bringup' returned '1': CMAKE_PREFIX_PATH=${CMAKE_PREFIX_PATH}:/opt/ros/humble /usr/bin/cmake /home/user/turtlebot3_ws/src/realsense_bringup -DCMAKE_INSTALL_PREFIX=/home/user/turtlebot3_ws/install/realsense_bringup
