[0.046s] Invoking command in '/home/user/turtlebot3_ws/build/ld08_driver': CMAKE_PREFIX_PATH=${CMAKE_PREFIX_PATH}:/home/user/turtlebot3_ws/install/turtlebot3_teleop:/home/user/turtlebot3_ws/install/turtlebot3_example:/opt/ros/humble /usr/bin/cmake /home/user/turtlebot3_ws/src/ld08_driver -DAMENT_CMAKE_SYMLINK_INSTALL=1 -DCMAKE_INSTALL_PREFIX=/home/user/turtlebot3_ws/install/ld08_driver
[0.236s] -- The C compiler identification is GNU 11.4.0
[0.413s] -- The CXX compiler identification is GNU 11.4.0
[0.434s] -- Detecting C compiler ABI info
[0.596s] -- Detecting C compiler ABI info - done
[0.619s] -- Check for working C compiler: /usr/bin/cc - skipped
[0.620s] -- Detecting C compile features
[0.621s] -- Detecting C compile features - done
[0.630s] -- Detecting CXX compiler ABI info
[0.793s] -- Detecting CXX compiler ABI info - done
[0.819s] -- Check for working CXX compiler: /usr/bin/c++ - skipped
[0.822s] -- Detecting CXX compile features
[0.822s] -- Detecting CXX compile features - done
[0.832s] -- Found ament_cmake: 1.3.14 (/opt/ros/humble/share/ament_cmake/cmake)
[1.187s] -- Found Python3: /usr/bin/python3 (found version "3.10.12") found components: Interpreter 
[1.350s] -- Override CMake install command with custom implementation using symlinks instead of copying resources
[1.438s] -- Found rclcpp: 16.0.19 (/opt/ros/humble/share/rclcpp/cmake)
[1.550s] -- Found rosidl_generator_c: 3.1.9 (/opt/ros/humble/share/rosidl_generator_c/cmake)
[1.564s] -- Found rosidl_adapter: 3.1.9 (/opt/ros/humble/share/rosidl_adapter/cmake)
[1.588s] -- Found rosidl_generator_cpp: 3.1.9 (/opt/ros/humble/share/rosidl_generator_cpp/cmake)
[1.622s] -- Using all available rosidl_typesupport_c: rosidl_typesupport_fastrtps_c;rosidl_typesupport_introspection_c
[1.666s] -- Using all available rosidl_typesupport_cpp: rosidl_typesupport_fastrtps_cpp;rosidl_typesupport_introspection_cpp
[1.784s] -- Found rmw_implementation_cmake: 6.1.2 (/opt/ros/humble/share/rmw_implementation_cmake/cmake)
[1.793s] -- Found rmw_fastrtps_cpp: 6.2.10 (/opt/ros/humble/share/rmw_fastrtps_cpp/cmake)
[1.991s] -- Found OpenSSL: /usr/lib/aarch64-linux-gnu/libcrypto.so (found version "3.0.2")  
[2.050s] -- Found FastRTPS: /opt/ros/humble/include  
[2.135s] -- Using RMW implementation 'rmw_fastrtps_cpp' as default
[2.159s] -- Looking for pthread.h
[2.303s] -- Looking for pthread.h - found
[2.305s] -- Performing Test CMAKE_HAVE_LIBC_PTHREAD
[2.446s] -- Performing Test CMAKE_HAVE_LIBC_PTHREAD - Success
[2.449s] -- Found Threads: TRUE  
[2.585s] -- Found sensor_msgs: 4.9.1 (/opt/ros/humble/share/sensor_msgs/cmake)
[2.675s] -- Found Boost: /usr/lib/aarch64-linux-gnu/cmake/Boost-1.74.0/BoostConfig.cmake (found version "1.74.0") found components: system 
[2.836s] -- Configuring done
[2.861s] -- Generating done
[2.870s] -- Build files have been written to: /home/user/turtlebot3_ws/build/ld08_driver
[2.903s] Invoked command in '/home/user/turtlebot3_ws/build/ld08_driver' returned '0': CMAKE_PREFIX_PATH=${CMAKE_PREFIX_PATH}:/home/user/turtlebot3_ws/install/turtlebot3_teleop:/home/user/turtlebot3_ws/install/turtlebot3_example:/opt/ros/humble /usr/bin/cmake /home/user/turtlebot3_ws/src/ld08_driver -DAMENT_CMAKE_SYMLINK_INSTALL=1 -DCMAKE_INSTALL_PREFIX=/home/user/turtlebot3_ws/install/ld08_driver
[2.905s] Invoking command in '/home/user/turtlebot3_ws/build/ld08_driver': CMAKE_PREFIX_PATH=${CMAKE_PREFIX_PATH}:/home/user/turtlebot3_ws/install/turtlebot3_teleop:/home/user/turtlebot3_ws/install/turtlebot3_example:/opt/ros/humble /usr/bin/cmake --build /home/user/turtlebot3_ws/build/ld08_driver -- -j8 -l8
[3.001s] [ 16%] [32mBuilding CXX object CMakeFiles/ld08_driver.dir/src/lipkg.cpp.o[0m
[3.001s] [ 33%] [32mBuilding CXX object CMakeFiles/ld08_driver.dir/src/main.cpp.o[0m
[3.002s] [ 66%] [32mBuilding CXX object CMakeFiles/ld08_driver.dir/src/cmd_interface_linux.cpp.o[0m
[3.002s] [ 66%] [32mBuilding CXX object CMakeFiles/ld08_driver.dir/src/slbf.cpp.o[0m
[3.016s] [ 83%] [32mBuilding CXX object CMakeFiles/ld08_driver.dir/src/transform.cpp.o[0m
[16.357s] [100%] [32m[1mLinking CXX executable ld08_driver[0m
[16.832s] [100%] Built target ld08_driver
[16.854s] Invoked command in '/home/user/turtlebot3_ws/build/ld08_driver' returned '0': CMAKE_PREFIX_PATH=${CMAKE_PREFIX_PATH}:/home/user/turtlebot3_ws/install/turtlebot3_teleop:/home/user/turtlebot3_ws/install/turtlebot3_example:/opt/ros/humble /usr/bin/cmake --build /home/user/turtlebot3_ws/build/ld08_driver -- -j8 -l8
[16.857s] Invoking command in '/home/user/turtlebot3_ws/build/ld08_driver': CMAKE_PREFIX_PATH=${CMAKE_PREFIX_PATH}:/home/user/turtlebot3_ws/install/turtlebot3_teleop:/home/user/turtlebot3_ws/install/turtlebot3_example:/opt/ros/humble /usr/bin/cmake --install /home/user/turtlebot3_ws/build/ld08_driver
[16.871s] -- Install configuration: ""
[16.872s] -- Execute custom install script
[16.873s] -- Symlinking: /home/user/turtlebot3_ws/install/ld08_driver/share/ld08_driver/launch/ld08.launch.py
[16.891s] -- Symlinking: /home/user/turtlebot3_ws/install/ld08_driver/lib/ld08_driver/ld08_driver
[16.908s] -- Symlinking: /home/user/turtlebot3_ws/install/ld08_driver/share/ament_index/resource_index/package_run_dependencies/ld08_driver
[16.925s] -- Symlinking: /home/user/turtlebot3_ws/install/ld08_driver/share/ament_index/resource_index/parent_prefix_path/ld08_driver
[16.942s] -- Symlinking: /home/user/turtlebot3_ws/install/ld08_driver/share/ld08_driver/environment/ament_prefix_path.sh
[16.959s] -- Symlinking: /home/user/turtlebot3_ws/install/ld08_driver/share/ld08_driver/environment/ament_prefix_path.dsv
[16.975s] -- Symlinking: /home/user/turtlebot3_ws/install/ld08_driver/share/ld08_driver/environment/path.sh
[16.992s] -- Symlinking: /home/user/turtlebot3_ws/install/ld08_driver/share/ld08_driver/environment/path.dsv
[17.008s] -- Symlinking: /home/user/turtlebot3_ws/install/ld08_driver/share/ld08_driver/local_setup.bash
[17.024s] -- Symlinking: /home/user/turtlebot3_ws/install/ld08_driver/share/ld08_driver/local_setup.sh
[17.041s] -- Symlinking: /home/user/turtlebot3_ws/install/ld08_driver/share/ld08_driver/local_setup.zsh
[17.058s] -- Symlinking: /home/user/turtlebot3_ws/install/ld08_driver/share/ld08_driver/local_setup.dsv
[17.074s] -- Symlinking: /home/user/turtlebot3_ws/install/ld08_driver/share/ld08_driver/package.dsv
[17.090s] -- Symlinking: /home/user/turtlebot3_ws/install/ld08_driver/share/ament_index/resource_index/packages/ld08_driver
[17.106s] -- Symlinking: /home/user/turtlebot3_ws/install/ld08_driver/share/ld08_driver/cmake/ament_cmake_export_dependencies-extras.cmake
[17.123s] -- Symlinking: /home/user/turtlebot3_ws/install/ld08_driver/share/ld08_driver/cmake/ament_cmake_export_include_directories-extras.cmake
[17.139s] -- Symlinking: /home/user/turtlebot3_ws/install/ld08_driver/share/ld08_driver/cmake/ld08_driverConfig.cmake
[17.155s] -- Symlinking: /home/user/turtlebot3_ws/install/ld08_driver/share/ld08_driver/cmake/ld08_driverConfig-version.cmake
[17.172s] -- Symlinking: /home/user/turtlebot3_ws/install/ld08_driver/share/ld08_driver/package.xml
[17.193s] Invoked command in '/home/user/turtlebot3_ws/build/ld08_driver' returned '0': CMAKE_PREFIX_PATH=${CMAKE_PREFIX_PATH}:/home/user/turtlebot3_ws/install/turtlebot3_teleop:/home/user/turtlebot3_ws/install/turtlebot3_example:/opt/ros/humble /usr/bin/cmake --install /home/user/turtlebot3_ws/build/ld08_driver
