[0.064s] Invoking command in '/home/user/turtlebot3_ws/build/realsense_bringup': CMAKE_PREFIX_PATH=${CMAKE_PREFIX_PATH}:/opt/ros/humble /usr/bin/cmake --build /home/user/turtlebot3_ws/build/realsense_bringup -- -j8 -l8
[0.304s] [ 50%] [32mBuilding CXX object CMakeFiles/realsense_tf_node.dir/src/realsense_tf.cpp.o[0m
[47.163s] [100%] [32m[1mLinking CXX executable realsense_tf_node[0m
[50.771s] [100%] Built target realsense_tf_node
[50.799s] Invoked command in '/home/user/turtlebot3_ws/build/realsense_bringup' returned '0': CMAKE_PREFIX_PATH=${CMAKE_PREFIX_PATH}:/opt/ros/humble /usr/bin/cmake --build /home/user/turtlebot3_ws/build/realsense_bringup -- -j8 -l8
[50.805s] Invoking command in '/home/user/turtlebot3_ws/build/realsense_bringup': CMAKE_PREFIX_PATH=${CMAKE_PREFIX_PATH}:/opt/ros/humble /usr/bin/cmake --install /home/user/turtlebot3_ws/build/realsense_bringup
[50.820s] -- Install configuration: ""
[50.820s] -- Installing: /home/user/turtlebot3_ws/install/realsense_bringup/lib/realsense_bringup/realsense_tf_node
[50.840s] -- Set runtime path of "/home/user/turtlebot3_ws/install/realsense_bringup/lib/realsense_bringup/realsense_tf_node" to ""
[50.841s] -- Up-to-date: /home/user/turtlebot3_ws/install/realsense_bringup/share/realsense_bringup/launch
[50.841s] -- Up-to-date: /home/user/turtlebot3_ws/install/realsense_bringup/share/realsense_bringup/launch/realsense_tf.launch.py
[50.841s] -- Up-to-date: /home/user/turtlebot3_ws/install/realsense_bringup/share/ament_index/resource_index/package_run_dependencies/realsense_bringup
[50.842s] -- Up-to-date: /home/user/turtlebot3_ws/install/realsense_bringup/share/ament_index/resource_index/parent_prefix_path/realsense_bringup
[50.842s] -- Up-to-date: /home/user/turtlebot3_ws/install/realsense_bringup/share/realsense_bringup/environment/ament_prefix_path.sh
[50.842s] -- Up-to-date: /home/user/turtlebot3_ws/install/realsense_bringup/share/realsense_bringup/environment/ament_prefix_path.dsv
[50.843s] -- Up-to-date: /home/user/turtlebot3_ws/install/realsense_bringup/share/realsense_bringup/environment/path.sh
[50.843s] -- Up-to-date: /home/user/turtlebot3_ws/install/realsense_bringup/share/realsense_bringup/environment/path.dsv
[50.843s] -- Up-to-date: /home/user/turtlebot3_ws/install/realsense_bringup/share/realsense_bringup/local_setup.bash
[50.843s] -- Up-to-date: /home/user/turtlebot3_ws/install/realsense_bringup/share/realsense_bringup/local_setup.sh
[50.844s] -- Up-to-date: /home/user/turtlebot3_ws/install/realsense_bringup/share/realsense_bringup/local_setup.zsh
[50.844s] -- Up-to-date: /home/user/turtlebot3_ws/install/realsense_bringup/share/realsense_bringup/local_setup.dsv
[50.844s] -- Installing: /home/user/turtlebot3_ws/install/realsense_bringup/share/realsense_bringup/package.dsv
[50.844s] -- Up-to-date: /home/user/turtlebot3_ws/install/realsense_bringup/share/ament_index/resource_index/packages/realsense_bringup
[50.845s] -- Up-to-date: /home/user/turtlebot3_ws/install/realsense_bringup/share/realsense_bringup/cmake/ament_cmake_export_dependencies-extras.cmake
[50.845s] -- Up-to-date: /home/user/turtlebot3_ws/install/realsense_bringup/share/realsense_bringup/cmake/realsense_bringupConfig.cmake
[50.847s] -- Up-to-date: /home/user/turtlebot3_ws/install/realsense_bringup/share/realsense_bringup/cmake/realsense_bringupConfig-version.cmake
[50.849s] -- Up-to-date: /home/user/turtlebot3_ws/install/realsense_bringup/share/realsense_bringup/package.xml
[50.849s] Invoked command in '/home/user/turtlebot3_ws/build/realsense_bringup' returned '0': CMAKE_PREFIX_PATH=${CMAKE_PREFIX_PATH}:/opt/ros/humble /usr/bin/cmake --install /home/user/turtlebot3_ws/build/realsense_bringup
