[1.857s] Invoking command in '/home/user/turtlebot3_ws/src/segmentation': PYTHONPATH=/home/user/turtlebot3_ws/build/segmentation/prefix_override:/usr/lib/python3/dist-packages/colcon_core/task/python/colcon_distutils_commands:/home/user/turtlebot3_ws/install/segmentation/lib/python3.10/site-packages:${PYTHONPATH} /usr/bin/python3 -W ignore:setup.py install is deprecated -W ignore:easy_install command is deprecated setup.py egg_info --egg-base ../../build/segmentation build --build-base /home/user/turtlebot3_ws/build/segmentation/build install --record /home/user/turtlebot3_ws/build/segmentation/install.log --install-scripts $base/lib/segmentation --single-version-externally-managed install_data
[2.195s] /home/user/.local/lib/python3.10/site-packages/setuptools/_distutils/dist.py:289: UserWarning: Unknown distribution option: 'tests_require'
[2.196s]   warnings.warn(msg)
[2.443s] running egg_info
[2.483s] writing ../../build/segmentation/segmentation.egg-info/PKG-INFO
[2.484s] writing dependency_links to ../../build/segmentation/segmentation.egg-info/dependency_links.txt
[2.484s] writing entry points to ../../build/segmentation/segmentation.egg-info/entry_points.txt
[2.484s] writing requirements to ../../build/segmentation/segmentation.egg-info/requires.txt
[2.485s] writing top-level names to ../../build/segmentation/segmentation.egg-info/top_level.txt
[2.570s] reading manifest file '../../build/segmentation/segmentation.egg-info/SOURCES.txt'
[2.572s] writing manifest file '../../build/segmentation/segmentation.egg-info/SOURCES.txt'
[2.573s] running build
[2.573s] running build_py
[2.573s] copying segmentation/__init__.py -> /home/user/turtlebot3_ws/build/segmentation/build/lib/segmentation
[2.574s] copying segmentation/segmentation_node.py -> /home/user/turtlebot3_ws/build/segmentation/build/lib/segmentation
[2.574s] running install
[2.583s] running install_lib
[2.625s] copying /home/user/turtlebot3_ws/build/segmentation/build/lib/segmentation/segmentation_node.py -> /home/user/turtlebot3_ws/install/segmentation/lib/python3.10/site-packages/segmentation
[2.626s] byte-compiling /home/user/turtlebot3_ws/install/segmentation/lib/python3.10/site-packages/segmentation/segmentation_node.py to segmentation_node.cpython-310.pyc
[2.630s] running install_data
[2.631s] copying resource/segmentation -> /home/user/turtlebot3_ws/install/segmentation/share/ament_index/resource_index/packages
[2.631s] copying package.xml -> /home/user/turtlebot3_ws/install/segmentation/share/segmentation
[2.632s] running install_egg_info
[2.676s] removing '/home/user/turtlebot3_ws/install/segmentation/lib/python3.10/site-packages/segmentation-0.0.0-py3.10.egg-info' (and everything under it)
[2.677s] Copying ../../build/segmentation/segmentation.egg-info to /home/user/turtlebot3_ws/install/segmentation/lib/python3.10/site-packages/segmentation-0.0.0-py3.10.egg-info
[2.679s] running install_scripts
[2.980s] Installing segmentation_node script to /home/user/turtlebot3_ws/install/segmentation/lib/segmentation
[2.981s] writing list of installed files to '/home/user/turtlebot3_ws/build/segmentation/install.log'
[3.057s] Invoked command in '/home/user/turtlebot3_ws/src/segmentation' returned '0': PYTHONPATH=/home/user/turtlebot3_ws/build/segmentation/prefix_override:/usr/lib/python3/dist-packages/colcon_core/task/python/colcon_distutils_commands:/home/user/turtlebot3_ws/install/segmentation/lib/python3.10/site-packages:${PYTHONPATH} /usr/bin/python3 -W ignore:setup.py install is deprecated -W ignore:easy_install command is deprecated setup.py egg_info --egg-base ../../build/segmentation build --build-base /home/user/turtlebot3_ws/build/segmentation/build install --record /home/user/turtlebot3_ws/build/segmentation/install.log --install-scripts $base/lib/segmentation --single-version-externally-managed install_data
