[0.066s] Invoking command in '/home/user/turtlebot3_ws/build/realsense_bringup': CMAKE_PREFIX_PATH=${CMAKE_PREFIX_PATH}:/opt/ros/humble /usr/bin/cmake /home/user/turtlebot3_ws/src/realsense_bringup -DCMAKE_INSTALL_PREFIX=/home/user/turtlebot3_ws/install/realsense_bringup
[0.203s] -- The C compiler identification is GNU 11.4.0
[0.279s] -- The CXX compiler identification is GNU 11.4.0
[0.292s] -- Detecting C compiler ABI info
[0.422s] -- Detecting C compiler ABI info - done
[0.432s] -- Check for working C compiler: /usr/bin/cc - skipped
[0.433s] -- Detecting C compile features
[0.433s] -- Detecting C compile features - done
[0.440s] -- Detecting CXX compiler ABI info
[0.586s] -- Detecting CXX compiler ABI info - done
[0.605s] -- Check for working CXX compiler: /usr/bin/c++ - skipped
[0.606s] -- Detecting CXX compile features
[0.609s] -- Detecting CXX compile features - done
[0.616s] -- Found ament_cmake: 1.3.14 (/opt/ros/humble/share/ament_cmake/cmake)
[0.925s] -- Found Python3: /usr/bin/python3 (found version "3.10.12") found components: Interpreter 
[1.174s] -- Found rclcpp: 16.0.19 (/opt/ros/humble/share/rclcpp/cmake)
[1.276s] -- Found rosidl_generator_c: 3.1.9 (/opt/ros/humble/share/rosidl_generator_c/cmake)
[1.289s] -- Found rosidl_adapter: 3.1.9 (/opt/ros/humble/share/rosidl_adapter/cmake)
[1.309s] -- Found rosidl_generator_cpp: 3.1.9 (/opt/ros/humble/share/rosidl_generator_cpp/cmake)
[1.336s] -- Using all available rosidl_typesupport_c: rosidl_typesupport_fastrtps_c;rosidl_typesupport_introspection_c
[1.373s] -- Using all available rosidl_typesupport_cpp: rosidl_typesupport_fastrtps_cpp;rosidl_typesupport_introspection_cpp
[1.474s] -- Found rmw_implementation_cmake: 6.1.2 (/opt/ros/humble/share/rmw_implementation_cmake/cmake)
[1.481s] -- Found rmw_fastrtps_cpp: 6.2.10 (/opt/ros/humble/share/rmw_fastrtps_cpp/cmake)
[1.673s] -- Found OpenSSL: /usr/lib/aarch64-linux-gnu/libcrypto.so (found version "3.0.2")  
[1.731s] -- Found FastRTPS: /opt/ros/humble/include  
[1.814s] -- Using RMW implementation 'rmw_fastrtps_cpp' as default
[1.836s] -- Looking for pthread.h
[1.974s] -- Looking for pthread.h - found
[1.975s] -- Performing Test CMAKE_HAVE_LIBC_PTHREAD
[2.121s] -- Performing Test CMAKE_HAVE_LIBC_PTHREAD - Success
[2.125s] -- Found Threads: TRUE  
[2.268s] -- Found sensor_msgs: 4.9.1 (/opt/ros/humble/share/sensor_msgs/cmake)
[2.331s] -- Found visualization_msgs: 4.9.1 (/opt/ros/humble/share/visualization_msgs/cmake)
[2.370s] -- Found message_filters: 4.3.18 (/opt/ros/humble/share/message_filters/cmake)
[2.379s] -- Found cv_bridge: 3.2.1 (/opt/ros/humble/share/cv_bridge/cmake)
[2.389s] [31mCMake Error at /usr/lib/cmake/opencv4/OpenCVModules.cmake:172 (message):
[2.389s]   The imported target "opencv_core" references the file
[2.390s] 
[2.390s]      "/usr/lib/libopencv_core.so.4.8.0"
[2.390s] 
[2.391s]   but this file does not exist.  Possible reasons include:
[2.391s] 
[2.391s]   * The file was deleted, renamed, or moved to another location.
[2.391s] 
[2.392s]   * An install or uninstall procedure did not complete successfully.
[2.392s] 
[2.392s]   * The installation package was faulty and contained
[2.392s] 
[2.392s]      "/usr/lib/cmake/opencv4/OpenCVModules.cmake"
[2.393s] 
[2.393s]   but not all the files it references.
[2.393s] 
[2.393s] Call Stack (most recent call first):
[2.394s]   /usr/lib/cmake/opencv4/OpenCVConfig.cmake:126 (include)
[2.394s]   /opt/ros/humble/share/cv_bridge/cmake/ament_cmake_export_dependencies-extras.cmake:21 (find_package)
[2.394s]   /opt/ros/humble/share/cv_bridge/cmake/cv_bridgeConfig.cmake:41 (include)
[2.394s]   CMakeLists.txt:25 (find_package)
[2.395s] 
[2.395s] [0m
[2.395s] -- Configuring incomplete, errors occurred!
[2.395s] See also "/home/user/turtlebot3_ws/build/realsense_bringup/CMakeFiles/CMakeOutput.log".
[2.413s] Invoked command in '/home/user/turtlebot3_ws/build/realsense_bringup' returned '1': CMAKE_PREFIX_PATH=${CMAKE_PREFIX_PATH}:/opt/ros/humble /usr/bin/cmake /home/user/turtlebot3_ws/src/realsense_bringup -DCMAKE_INSTALL_PREFIX=/home/user/turtlebot3_ws/install/realsense_bringup
