[0.057s] Invoking command in '/home/user/turtlebot3_ws/build/realsense_bringup': CMAKE_PREFIX_PATH=${CMAKE_PREFIX_PATH}:/opt/ros/humble /usr/bin/cmake --build /home/user/turtlebot3_ws/build/realsense_bringup -- -j8 -l8
[0.207s] [100%] Built target realsense_tf_node
[0.350s] Invoked command in '/home/user/turtlebot3_ws/build/realsense_bringup' returned '0': CMAKE_PREFIX_PATH=${CMAKE_PREFIX_PATH}:/opt/ros/humble /usr/bin/cmake --build /home/user/turtlebot3_ws/build/realsense_bringup -- -j8 -l8
[0.355s] Invoking command in '/home/user/turtlebot3_ws/build/realsense_bringup': CMAKE_PREFIX_PATH=${CMAKE_PREFIX_PATH}:/opt/ros/humble /usr/bin/cmake --install /home/user/turtlebot3_ws/build/realsense_bringup
[0.388s] -- Install configuration: ""
[0.388s] -- Up-to-date: /home/user/turtlebot3_ws/install/realsense_bringup/lib/realsense_bringup/realsense_tf_node
[0.389s] -- Up-to-date: /home/user/turtlebot3_ws/install/realsense_bringup/share/realsense_bringup/launch
[0.389s] -- Installing: /home/user/turtlebot3_ws/install/realsense_bringup/share/realsense_bringup/launch/realsense_tf.launch.py
[0.390s] -- Up-to-date: /home/user/turtlebot3_ws/install/realsense_bringup/share/ament_index/resource_index/package_run_dependencies/realsense_bringup
[0.392s] -- Up-to-date: /home/user/turtlebot3_ws/install/realsense_bringup/share/ament_index/resource_index/parent_prefix_path/realsense_bringup
[0.392s] -- Up-to-date: /home/user/turtlebot3_ws/install/realsense_bringup/share/realsense_bringup/environment/ament_prefix_path.sh
[0.392s] -- Up-to-date: /home/user/turtlebot3_ws/install/realsense_bringup/share/realsense_bringup/environment/ament_prefix_path.dsv
[0.393s] -- Up-to-date: /home/user/turtlebot3_ws/install/realsense_bringup/share/realsense_bringup/environment/path.sh
[0.393s] -- Up-to-date: /home/user/turtlebot3_ws/install/realsense_bringup/share/realsense_bringup/environment/path.dsv
[0.394s] -- Up-to-date: /home/user/turtlebot3_ws/install/realsense_bringup/share/realsense_bringup/local_setup.bash
[0.394s] -- Up-to-date: /home/user/turtlebot3_ws/install/realsense_bringup/share/realsense_bringup/local_setup.sh
[0.394s] -- Up-to-date: /home/user/turtlebot3_ws/install/realsense_bringup/share/realsense_bringup/local_setup.zsh
[0.395s] -- Up-to-date: /home/user/turtlebot3_ws/install/realsense_bringup/share/realsense_bringup/local_setup.dsv
[0.395s] -- Installing: /home/user/turtlebot3_ws/install/realsense_bringup/share/realsense_bringup/package.dsv
[0.396s] -- Up-to-date: /home/user/turtlebot3_ws/install/realsense_bringup/share/ament_index/resource_index/packages/realsense_bringup
[0.397s] -- Up-to-date: /home/user/turtlebot3_ws/install/realsense_bringup/share/realsense_bringup/cmake/ament_cmake_export_dependencies-extras.cmake
[0.399s] -- Up-to-date: /home/user/turtlebot3_ws/install/realsense_bringup/share/realsense_bringup/cmake/realsense_bringupConfig.cmake
[0.399s] -- Up-to-date: /home/user/turtlebot3_ws/install/realsense_bringup/share/realsense_bringup/cmake/realsense_bringupConfig-version.cmake
[0.399s] -- Up-to-date: /home/user/turtlebot3_ws/install/realsense_bringup/share/realsense_bringup/package.xml
[0.475s] Invoked command in '/home/user/turtlebot3_ws/build/realsense_bringup' returned '0': CMAKE_PREFIX_PATH=${CMAKE_PREFIX_PATH}:/opt/ros/humble /usr/bin/cmake --install /home/user/turtlebot3_ws/build/realsense_bringup
