[1788520205.133] [ROUTE_START] Pose(map): (1.677, -0.497, -176.893deg) | ArUcoRecent: YES (ID: 0) | Starting virtual route 'to_5'.
[1788520205.166] [WAYPOINT_START] Pose(map): (1.677, -0.497, -176.893deg) | ArUcoRecent: YES (ID: 0) | Sending waypoint 1/3 'lower_corner_to_north' pose=(0, -0.5, 1.5708 rad), role=turn, goal_id=1
[1788520205.188] [NAV_ACCEPTED] Pose(map): (1.677, -0.497, -176.894deg) | ArUcoRecent: YES (ID: 0) | Nav2 accepted goal_id=1
[1788520205.519] [TELEMETRY] Pose(map): (1.617, -0.500, -177.313deg) | Odom: (0.065, -0.000, -0.468deg, wz=-0.026) | CmdVel: (vx=0.220, wz=-0.026) | Localization: MARKER_CORRECTED age=0.034s distance=0.013m | state=NAVIGATING;route=to_5;waypoint=lower_corner_to_north;index=0;count=3;retry=0
[1788520207.519] [TELEMETRY] Pose(map): (1.228, -0.514, -178.922deg) | Odom: (0.496, -0.017, -4.058deg, wz=-0.026) | CmdVel: (vx=0.211, wz=-0.026) | Localization: MARKER_CORRECTED age=0.612s distance=0.143m | state=NAVIGATING;route=to_5;waypoint=lower_corner_to_north;index=0;count=3;retry=0
[1788520209.519] [TELEMETRY] Pose(map): (0.840, -0.511, -177.507deg) | Odom: (0.927, -0.054, -6.160deg, wz=-0.026) | CmdVel: (vx=0.220, wz=-0.026) | Localization: MARKER_CORRECTED age=0.096s distance=0.026m | state=NAVIGATING;route=to_5;waypoint=lower_corner_to_north;index=0;count=3;retry=0
[1788520211.519] [TELEMETRY] Pose(map): (0.464, -0.519, -178.483deg) | Odom: (1.348, -0.117, -10.543deg, wz=0.000) | CmdVel: (vx=0.211, wz=0.000) | Localization: MARKER_CORRECTED age=0.065s distance=0.019m | state=NAVIGATING;route=to_5;waypoint=lower_corner_to_north;index=0;count=3;retry=0
[1788520213.519] [TELEMETRY] Pose(map): (0.139, -0.519, 177.521deg) | Odom: (1.668, -0.186, -15.168deg, wz=-0.026) | CmdVel: (vx=0.092, wz=-0.026) | Localization: DEAD_RECKONING age=1.557s distance=0.242m | state=NAVIGATING;route=to_5;waypoint=lower_corner_to_north;index=0;count=3;retry=0
[1788520215.519] [TELEMETRY] Pose(map): (0.096, -0.516, 128.635deg) | Odom: (1.709, -0.198, -64.262deg, wz=-0.440) | CmdVel: (vx=0.000, wz=-0.440) | Localization: DEAD_RECKONING age=3.570s distance=0.287m | state=NAVIGATING;route=to_5;waypoint=lower_corner_to_north;index=0;count=3;retry=0
[1788520217.405] [WAYPOINT_REACHED] Pose(map): (0.104, -0.529, 103.508deg) | ArUcoRecent: YES (ID: 2) | Nav2 completed waypoint 'lower_corner_to_north'.
[1788520217.420] [WAYPOINT_START] Pose(map): (0.108, -0.527, 103.868deg) | ArUcoRecent: YES (ID: 2) | Sending waypoint 2/3 'upper_corner_to_east' pose=(0, 2.5, 0 rad), role=turn, goal_id=2
[1788520217.432] [NAV_ACCEPTED] Pose(map): (0.109, -0.527, 104.133deg) | ArUcoRecent: YES (ID: 2) | Nav2 accepted goal_id=2
[1788520217.519] [TELEMETRY] Pose(map): (0.107, -0.521, 103.673deg) | Odom: (1.709, -0.209, -92.721deg, wz=-0.233) | CmdVel: (vx=0.211, wz=-0.233) | Localization: MARKER_CORRECTED age=0.072s distance=0.005m | state=NAVIGATING;route=to_5;waypoint=upper_corner_to_east;index=1;count=3;retry=0
[1788520219.519] [TELEMETRY] Pose(map): (0.070, -0.097, 96.003deg) | Odom: (1.623, -0.622, -109.265deg, wz=-0.129) | CmdVel: (vx=0.211, wz=-0.129) | Localization: MARKER_CORRECTED age=0.155s distance=0.039m | state=NAVIGATING;route=to_5;waypoint=upper_corner_to_east;index=1;count=3;retry=0
[1788520221.519] [TELEMETRY] Pose(map): (0.047, 0.324, 91.707deg) | Odom: (1.443, -1.011, -116.740deg, wz=-0.026) | CmdVel: (vx=0.202, wz=-0.026) | Localization: DEAD_RECKONING age=1.429s distance=0.311m | state=NAVIGATING;route=to_5;waypoint=upper_corner_to_east;index=1;count=3;retry=0
[1788520223.519] [TELEMETRY] Pose(map): (0.009, 0.694, 93.836deg) | Odom: (1.239, -1.390, -121.963deg, wz=-0.181) | CmdVel: (vx=0.220, wz=-0.181) | Localization: MARKER_CORRECTED age=0.015s distance=0.010m | state=NAVIGATING;route=to_5;waypoint=upper_corner_to_east;index=1;count=3;retry=0
[1788520225.519] [TELEMETRY] Pose(map): (-0.019, 1.076, 93.699deg) | Odom: (0.982, -1.734, -129.926deg, wz=-0.026) | CmdVel: (vx=0.202, wz=-0.026) | Localization: MARKER_CORRECTED age=0.023s distance=0.008m | state=NAVIGATING;route=to_5;waypoint=upper_corner_to_east;index=1;count=3;retry=0
[1788520227.520] [TELEMETRY] Pose(map): (-0.029, 1.496, 90.513deg) | Odom: (0.692, -2.049, -134.114deg, wz=0.000) | CmdVel: (vx=0.220, wz=-0.026) | Localization: MARKER_CORRECTED age=0.001s distance=0.000m | state=NAVIGATING;route=to_5;waypoint=upper_corner_to_east;index=1;count=3;retry=0
[1788520229.520] [TELEMETRY] Pose(map): (-0.028, 1.857, 90.570deg) | Odom: (0.382, -2.342, -139.503deg, wz=-0.078) | CmdVel: (vx=0.220, wz=0.000) | Localization: MARKER_CORRECTED age=0.015s distance=0.008m | state=NAVIGATING;route=to_5;waypoint=upper_corner_to_east;index=1;count=3;retry=0
[1788520231.520] [TELEMETRY] Pose(map): (-0.020, 2.248, 87.368deg) | Odom: (0.059, -2.598, -144.139deg, wz=-0.078) | CmdVel: (vx=0.183, wz=-0.078) | Localization: MARKER_CORRECTED age=0.630s distance=0.137m | state=NAVIGATING;route=to_5;waypoint=upper_corner_to_east;index=1;count=3;retry=0
[1788520233.520] [TELEMETRY] Pose(map): (-0.010, 2.409, 61.162deg) | Odom: (-0.073, -2.690, -171.237deg, wz=-0.750) | CmdVel: (vx=0.000, wz=-0.750) | Localization: DEAD_RECKONING age=2.610s distance=0.298m | state=NAVIGATING;route=to_5;waypoint=upper_corner_to_east;index=1;count=3;retry=0
[1788520235.520] [TELEMETRY] Pose(map): (-0.010, 2.409, 15.019deg) | Odom: (-0.073, -2.690, 143.451deg, wz=-0.181) | CmdVel: (vx=0.000, wz=-0.181) | Localization: DEAD_RECKONING age=4.623s distance=0.298m | state=NAVIGATING;route=to_5;waypoint=upper_corner_to_east;index=1;count=3;retry=0
[1788520236.096] [WAYPOINT_REACHED] Pose(map): (-0.024, 2.384, 11.660deg) | ArUcoRecent: YES (ID: 5) | Nav2 completed waypoint 'upper_corner_to_east'.
[1788520236.119] [WAYPOINT_START] Pose(map): (-0.024, 2.384, 11.456deg) | ArUcoRecent: YES (ID: 5) | Sending waypoint 3/3 'endpoint_5' pose=(1, 2.5, 0 rad), role=endpoint, goal_id=3
[1788520236.133] [NAV_ACCEPTED] Pose(map): (-0.024, 2.384, 11.456deg) | ArUcoRecent: YES (ID: 5) | Nav2 accepted goal_id=3
[1788520237.520] [TELEMETRY] Pose(map): (0.240, 2.376, 11.432deg) | Odom: (-0.271, -2.482, 129.503deg, wz=-0.129) | CmdVel: (vx=0.211, wz=-0.129) | Localization: MARKER_CORRECTED age=0.000s distance=0.000m | state=NAVIGATING;route=to_5;waypoint=endpoint_5;index=2;count=3;retry=0
[1788520239.520] [TELEMETRY] Pose(map): (0.646, 2.458, 6.079deg) | Odom: (-0.502, -2.128, 115.760deg, wz=-0.129) | CmdVel: (vx=0.211, wz=-0.129) | Localization: MARKER_CORRECTED age=0.142s distance=0.034m | state=NAVIGATING;route=to_5;waypoint=endpoint_5;index=2;count=3;retry=0
[1788520241.271] [WAYPOINT_REACHED] Pose(map): (0.883, 2.487, 7.402deg) | ArUcoRecent: NO (ID: 5) | Nav2 completed waypoint 'endpoint_5'.
[1788520241.296] [ROUTE_COMPLETE] Pose(map): (0.883, 2.487, 7.402deg) | ArUcoRecent: NO (ID: 5) | Completed virtual route 'to_5'.
