[0.060s] Invoking command in '/home/user/turtlebot3_ws/build/realsense_bringup': CMAKE_PREFIX_PATH=${CMAKE_PREFIX_PATH}:/opt/ros/humble /usr/bin/cmake /home/user/turtlebot3_ws/src/realsense_bringup -DCMAKE_INSTALL_PREFIX=/home/user/turtlebot3_ws/install/realsense_bringup
[0.092s] -- Found ament_cmake: 1.3.14 (/opt/ros/humble/share/ament_cmake/cmake)
[0.344s] -- Found rclcpp: 16.0.19 (/opt/ros/humble/share/rclcpp/cmake)
[0.403s] -- Found rosidl_generator_c: 3.1.9 (/opt/ros/humble/share/rosidl_generator_c/cmake)
[0.409s] -- Found rosidl_adapter: 3.1.9 (/opt/ros/humble/share/rosidl_adapter/cmake)
[0.420s] -- Found rosidl_generator_cpp: 3.1.9 (/opt/ros/humble/share/rosidl_generator_cpp/cmake)
[0.439s] -- Using all available rosidl_typesupport_c: rosidl_typesupport_fastrtps_c;rosidl_typesupport_introspection_c
[0.464s] -- Using all available rosidl_typesupport_cpp: rosidl_typesupport_fastrtps_cpp;rosidl_typesupport_introspection_cpp
[0.525s] -- Found rmw_implementation_cmake: 6.1.2 (/opt/ros/humble/share/rmw_implementation_cmake/cmake)
[0.528s] -- Found rmw_fastrtps_cpp: 6.2.10 (/opt/ros/humble/share/rmw_fastrtps_cpp/cmake)
[0.722s] -- Using RMW implementation 'rmw_fastrtps_cpp' as default
[0.821s] -- Found sensor_msgs: 4.9.1 (/opt/ros/humble/share/sensor_msgs/cmake)
[0.873s] -- Found visualization_msgs: 4.9.1 (/opt/ros/humble/share/visualization_msgs/cmake)
[0.909s] -- Found message_filters: 4.3.18 (/opt/ros/humble/share/message_filters/cmake)
[0.914s] -- Found cv_bridge: 3.2.1 (/opt/ros/humble/share/cv_bridge/cmake)
[0.918s] [31mCMake Error at /usr/lib/cmake/opencv4/OpenCVModules.cmake:172 (message):
[0.919s]   The imported target "opencv_core" references the file
[0.919s] 
[0.919s]      "/usr/lib/libopencv_core.so.4.8.0"
[0.919s] 
[0.919s]   but this file does not exist.  Possible reasons include:
[0.919s] 
[0.919s]   * The file was deleted, renamed, or moved to another location.
[0.920s] 
[0.920s]   * An install or uninstall procedure did not complete successfully.
[0.920s] 
[0.920s]   * The installation package was faulty and contained
[0.920s] 
[0.920s]      "/usr/lib/cmake/opencv4/OpenCVModules.cmake"
[0.920s] 
[0.921s]   but not all the files it references.
[0.921s] 
[0.921s] Call Stack (most recent call first):
[0.921s]   /usr/lib/cmake/opencv4/OpenCVConfig.cmake:126 (include)
[0.921s]   /opt/ros/humble/share/cv_bridge/cmake/ament_cmake_export_dependencies-extras.cmake:21 (find_package)
[0.921s]   /opt/ros/humble/share/cv_bridge/cmake/cv_bridgeConfig.cmake:41 (include)
[0.921s]   CMakeLists.txt:25 (find_package)
[0.922s] 
[0.922s] [0m
[0.922s] -- Configuring incomplete, errors occurred!
[0.922s] See also "/home/user/turtlebot3_ws/build/realsense_bringup/CMakeFiles/CMakeOutput.log".
[0.940s] Invoked command in '/home/user/turtlebot3_ws/build/realsense_bringup' returned '1': CMAKE_PREFIX_PATH=${CMAKE_PREFIX_PATH}:/opt/ros/humble /usr/bin/cmake /home/user/turtlebot3_ws/src/realsense_bringup -DCMAKE_INSTALL_PREFIX=/home/user/turtlebot3_ws/install/realsense_bringup
