[0.051s] Invoking command in '/home/user/turtlebot3_ws/build/realsense_bringup': CMAKE_PREFIX_PATH=${CMAKE_PREFIX_PATH}:/opt/ros/humble /usr/bin/cmake /home/user/turtlebot3_ws/src/realsense_bringup -DCMAKE_INSTALL_PREFIX=/home/user/turtlebot3_ws/install/realsense_bringup
[0.091s] -- Found ament_cmake: 1.3.14 (/opt/ros/humble/share/ament_cmake/cmake)
[0.350s] -- Found rclcpp: 16.0.19 (/opt/ros/humble/share/rclcpp/cmake)
[0.412s] -- Found rosidl_generator_c: 3.1.9 (/opt/ros/humble/share/rosidl_generator_c/cmake)
[0.417s] -- Found rosidl_adapter: 3.1.9 (/opt/ros/humble/share/rosidl_adapter/cmake)
[0.429s] -- Found rosidl_generator_cpp: 3.1.9 (/opt/ros/humble/share/rosidl_generator_cpp/cmake)
[0.449s] -- Using all available rosidl_typesupport_c: rosidl_typesupport_fastrtps_c;rosidl_typesupport_introspection_c
[0.472s] -- Using all available rosidl_typesupport_cpp: rosidl_typesupport_fastrtps_cpp;rosidl_typesupport_introspection_cpp
[0.535s] -- Found rmw_implementation_cmake: 6.1.2 (/opt/ros/humble/share/rmw_implementation_cmake/cmake)
[0.538s] -- Found rmw_fastrtps_cpp: 6.2.10 (/opt/ros/humble/share/rmw_fastrtps_cpp/cmake)
[0.737s] -- Using RMW implementation 'rmw_fastrtps_cpp' as default
[0.834s] -- Found sensor_msgs: 4.9.1 (/opt/ros/humble/share/sensor_msgs/cmake)
[0.888s] -- Found visualization_msgs: 4.9.1 (/opt/ros/humble/share/visualization_msgs/cmake)
[0.922s] -- Found message_filters: 4.3.18 (/opt/ros/humble/share/message_filters/cmake)
[0.927s] -- Found cv_bridge: 3.2.1 (/opt/ros/humble/share/cv_bridge/cmake)
[0.962s] -- Found OpenCV: /usr (found version "4.5.4") 
[0.982s] [31mCMake Error at CMakeLists.txt:27 (find_package):
[0.982s]   By not providing "Findrbpodo_msgs.cmake" in CMAKE_MODULE_PATH this project
[0.982s]   has asked CMake to find a package configuration file provided by
[0.982s]   "rbpodo_msgs", but CMake did not find one.
[0.983s] 
[0.983s]   Could not find a package configuration file provided by "rbpodo_msgs" with
[0.983s]   any of the following names:
[0.983s] 
[0.984s]     rbpodo_msgsConfig.cmake
[0.984s]     rbpodo_msgs-config.cmake
[0.984s] 
[0.985s]   Add the installation prefix of "rbpodo_msgs" to CMAKE_PREFIX_PATH or set
[0.985s]   "rbpodo_msgs_DIR" to a directory containing one of the above files.  If
[0.985s]   "rbpodo_msgs" provides a separate development package or SDK, be sure it
[0.985s]   has been installed.
[0.985s] 
[0.986s] [0m
[0.986s] -- Configuring incomplete, errors occurred!
[0.986s] See also "/home/user/turtlebot3_ws/build/realsense_bringup/CMakeFiles/CMakeOutput.log".
[1.002s] Invoked command in '/home/user/turtlebot3_ws/build/realsense_bringup' returned '1': CMAKE_PREFIX_PATH=${CMAKE_PREFIX_PATH}:/opt/ros/humble /usr/bin/cmake /home/user/turtlebot3_ws/src/realsense_bringup -DCMAKE_INSTALL_PREFIX=/home/user/turtlebot3_ws/install/realsense_bringup
