[ 66%] Built target coin_d4_driver_lib
[100%] Built target multi_coin_d4_node
[100%] Built target single_coin_d4_node
-- Install configuration: ""
-- Execute custom install script
-- Up-to-date symlink: /home/user/turtlebot3_ws/install/coin_d4_driver/include/coin_d4_driver/coin_d4_base_handler.hpp
-- Up-to-date symlink: /home/user/turtlebot3_ws/install/coin_d4_driver/include/coin_d4_driver/coin_d4_lifecycle_handler.hpp
-- Up-to-date symlink: /home/user/turtlebot3_ws/install/coin_d4_driver/include/coin_d4_driver/coin_d4_node_handler.hpp
-- Up-to-date symlink: /home/user/turtlebot3_ws/install/coin_d4_driver/include/coin_d4_driver/lidar_sdk/handling_info.hpp
-- Up-to-date symlink: /home/user/turtlebot3_ws/install/coin_d4_driver/include/coin_d4_driver/lidar_sdk/lidar_data_processor.hpp
-- Up-to-date symlink: /home/user/turtlebot3_ws/install/coin_d4_driver/include/coin_d4_driver/lidar_sdk/lidar_information.hpp
-- Up-to-date symlink: /home/user/turtlebot3_ws/install/coin_d4_driver/include/coin_d4_driver/lidar_sdk/locker.hpp
-- Up-to-date symlink: /home/user/turtlebot3_ws/install/coin_d4_driver/include/coin_d4_driver/lidar_sdk/mtime.hpp
-- Up-to-date symlink: /home/user/turtlebot3_ws/install/coin_d4_driver/include/coin_d4_driver/lidar_sdk/serial_port.hpp
-- Up-to-date symlink: /home/user/turtlebot3_ws/install/coin_d4_driver/include/coin_d4_driver/lidar_sdk/timer.hpp
-- Up-to-date symlink: /home/user/turtlebot3_ws/install/coin_d4_driver/include/coin_d4_driver/multi_coin_d4_node.hpp
-- Up-to-date symlink: /home/user/turtlebot3_ws/install/coin_d4_driver/include/coin_d4_driver/single_coin_d4_node.hpp
-- Up-to-date symlink: /home/user/turtlebot3_ws/install/coin_d4_driver/share/coin_d4_driver/launch/multi_lidar_node.launch.py
-- Up-to-date symlink: /home/user/turtlebot3_ws/install/coin_d4_driver/share/coin_d4_driver/launch/single_lidar_node.launch.py
-- Up-to-date symlink: /home/user/turtlebot3_ws/install/coin_d4_driver/share/coin_d4_driver/params/multi_lidar_node.yaml
-- Up-to-date symlink: /home/user/turtlebot3_ws/install/coin_d4_driver/share/coin_d4_driver/params/single_lidar_node.yaml
-- Up-to-date symlink: /home/user/turtlebot3_ws/install/coin_d4_driver/lib/coin_d4_driver/single_coin_d4_node
-- Up-to-date symlink: /home/user/turtlebot3_ws/install/coin_d4_driver/lib/coin_d4_driver/multi_coin_d4_node
-- Up-to-date symlink: /home/user/turtlebot3_ws/install/coin_d4_driver/share/coin_d4_driver/environment/library_path.sh
-- Up-to-date symlink: /home/user/turtlebot3_ws/install/coin_d4_driver/share/coin_d4_driver/environment/library_path.dsv
-- Up-to-date symlink: /home/user/turtlebot3_ws/install/coin_d4_driver/share/ament_index/resource_index/package_run_dependencies/coin_d4_driver
-- Up-to-date symlink: /home/user/turtlebot3_ws/install/coin_d4_driver/share/ament_index/resource_index/parent_prefix_path/coin_d4_driver
-- Up-to-date symlink: /home/user/turtlebot3_ws/install/coin_d4_driver/share/coin_d4_driver/environment/ament_prefix_path.sh
-- Up-to-date symlink: /home/user/turtlebot3_ws/install/coin_d4_driver/share/coin_d4_driver/environment/ament_prefix_path.dsv
-- Up-to-date symlink: /home/user/turtlebot3_ws/install/coin_d4_driver/share/coin_d4_driver/environment/path.sh
-- Up-to-date symlink: /home/user/turtlebot3_ws/install/coin_d4_driver/share/coin_d4_driver/environment/path.dsv
-- Up-to-date symlink: /home/user/turtlebot3_ws/install/coin_d4_driver/share/coin_d4_driver/local_setup.bash
-- Up-to-date symlink: /home/user/turtlebot3_ws/install/coin_d4_driver/share/coin_d4_driver/local_setup.sh
-- Up-to-date symlink: /home/user/turtlebot3_ws/install/coin_d4_driver/share/coin_d4_driver/local_setup.zsh
-- Up-to-date symlink: /home/user/turtlebot3_ws/install/coin_d4_driver/share/coin_d4_driver/local_setup.dsv
-- Symlinking: /home/user/turtlebot3_ws/install/coin_d4_driver/share/coin_d4_driver/package.dsv
-- Up-to-date symlink: /home/user/turtlebot3_ws/install/coin_d4_driver/share/ament_index/resource_index/packages/coin_d4_driver
-- Up-to-date symlink: /home/user/turtlebot3_ws/install/coin_d4_driver/share/coin_d4_driver/cmake/ament_cmake_export_include_directories-extras.cmake
-- Up-to-date symlink: /home/user/turtlebot3_ws/install/coin_d4_driver/share/coin_d4_driver/cmake/ament_cmake_export_libraries-extras.cmake
-- Up-to-date symlink: /home/user/turtlebot3_ws/install/coin_d4_driver/share/coin_d4_driver/cmake/ament_cmake_export_targets-extras.cmake
-- Up-to-date symlink: /home/user/turtlebot3_ws/install/coin_d4_driver/share/coin_d4_driver/cmake/ament_cmake_export_dependencies-extras.cmake
-- Up-to-date symlink: /home/user/turtlebot3_ws/install/coin_d4_driver/share/coin_d4_driver/cmake/coin_d4_driverConfig.cmake
-- Up-to-date symlink: /home/user/turtlebot3_ws/install/coin_d4_driver/share/coin_d4_driver/cmake/coin_d4_driverConfig-version.cmake
-- Up-to-date symlink: /home/user/turtlebot3_ws/install/coin_d4_driver/share/coin_d4_driver/package.xml
-- Up-to-date: /home/user/turtlebot3_ws/install/coin_d4_driver/lib/libcoin_d4_driver_lib.so
-- Up-to-date: /home/user/turtlebot3_ws/install/coin_d4_driver/share/coin_d4_driver/cmake/export_coin_d4_driverExport.cmake
-- Up-to-date: /home/user/turtlebot3_ws/install/coin_d4_driver/share/coin_d4_driver/cmake/export_coin_d4_driverExport-noconfig.cmake
