[0.023s] Invoking command in '/home/user/turtlebot3_ws/build/realsense_bringup': CMAKE_PREFIX_PATH=${CMAKE_PREFIX_PATH}:/opt/ros/humble /usr/bin/cmake /home/user/turtlebot3_ws/src/realsense_bringup -DAMENT_CMAKE_SYMLINK_INSTALL=1 -DCMAKE_INSTALL_PREFIX=/home/user/turtlebot3_ws/install/realsense_bringup
[0.129s] -- The C compiler identification is GNU 11.4.0
[0.241s] -- The CXX compiler identification is GNU 11.4.0
[0.263s] -- Detecting C compiler ABI info
[0.405s] -- Detecting C compiler ABI info - done
[0.429s] -- Check for working C compiler: /usr/bin/cc - skipped
[0.430s] -- Detecting C compile features
[0.431s] -- Detecting C compile features - done
[0.442s] -- Detecting CXX compiler ABI info
[0.594s] -- Detecting CXX compiler ABI info - done
[0.620s] -- Check for working CXX compiler: /usr/bin/c++ - skipped
[0.620s] -- Detecting CXX compile features
[0.622s] -- Detecting CXX compile features - done
[0.635s] -- Found ament_cmake: 1.3.14 (/opt/ros/humble/share/ament_cmake/cmake)
[0.946s] -- Found Python3: /usr/bin/python3 (found version "3.10.12") found components: Interpreter 
[1.080s] -- Override CMake install command with custom implementation using symlinks instead of copying resources
[1.193s] -- Found rclcpp: 16.0.19 (/opt/ros/humble/share/rclcpp/cmake)
[1.295s] -- Found rosidl_generator_c: 3.1.9 (/opt/ros/humble/share/rosidl_generator_c/cmake)
[1.308s] -- Found rosidl_adapter: 3.1.9 (/opt/ros/humble/share/rosidl_adapter/cmake)
[1.328s] -- Found rosidl_generator_cpp: 3.1.9 (/opt/ros/humble/share/rosidl_generator_cpp/cmake)
[1.355s] -- Using all available rosidl_typesupport_c: rosidl_typesupport_fastrtps_c;rosidl_typesupport_introspection_c
[1.392s] -- Using all available rosidl_typesupport_cpp: rosidl_typesupport_fastrtps_cpp;rosidl_typesupport_introspection_cpp
[1.493s] -- Found rmw_implementation_cmake: 6.1.2 (/opt/ros/humble/share/rmw_implementation_cmake/cmake)
[1.501s] -- Found rmw_fastrtps_cpp: 6.2.10 (/opt/ros/humble/share/rmw_fastrtps_cpp/cmake)
[1.693s] -- Found OpenSSL: /usr/lib/aarch64-linux-gnu/libcrypto.so (found version "3.0.2")  
[1.751s] -- Found FastRTPS: /opt/ros/humble/include  
[1.835s] -- Using RMW implementation 'rmw_fastrtps_cpp' as default
[1.857s] -- Looking for pthread.h
[2.000s] -- Looking for pthread.h - found
[2.001s] -- Performing Test CMAKE_HAVE_LIBC_PTHREAD
[2.148s] -- Performing Test CMAKE_HAVE_LIBC_PTHREAD - Success
[2.152s] -- Found Threads: TRUE  
[2.296s] -- Found sensor_msgs: 4.9.1 (/opt/ros/humble/share/sensor_msgs/cmake)
[2.359s] -- Found visualization_msgs: 4.9.1 (/opt/ros/humble/share/visualization_msgs/cmake)
[2.398s] -- Found message_filters: 4.3.18 (/opt/ros/humble/share/message_filters/cmake)
[2.408s] -- Found cv_bridge: 3.2.1 (/opt/ros/humble/share/cv_bridge/cmake)
[2.418s] [31mCMake Error at /usr/lib/cmake/opencv4/OpenCVModules.cmake:172 (message):
[2.419s]   The imported target "opencv_gapi" references the file
[2.419s] 
[2.419s]      "/usr/lib/libopencv_gapi.so.4.8.0"
[2.419s] 
[2.419s]   but this file does not exist.  Possible reasons include:
[2.419s] 
[2.419s]   * The file was deleted, renamed, or moved to another location.
[2.419s] 
[2.420s]   * An install or uninstall procedure did not complete successfully.
[2.420s] 
[2.420s]   * The installation package was faulty and contained
[2.420s] 
[2.420s]      "/usr/lib/cmake/opencv4/OpenCVModules.cmake"
[2.420s] 
[2.420s]   but not all the files it references.
[2.420s] 
[2.421s] Call Stack (most recent call first):
[2.421s]   /usr/lib/cmake/opencv4/OpenCVConfig.cmake:126 (include)
[2.421s]   /opt/ros/humble/share/cv_bridge/cmake/ament_cmake_export_dependencies-extras.cmake:21 (find_package)
[2.421s]   /opt/ros/humble/share/cv_bridge/cmake/cv_bridgeConfig.cmake:41 (include)
[2.421s]   CMakeLists.txt:25 (find_package)
[2.421s] 
[2.421s] [0m
[2.421s] -- Configuring incomplete, errors occurred!
[2.422s] See also "/home/user/turtlebot3_ws/build/realsense_bringup/CMakeFiles/CMakeOutput.log".
[2.444s] Invoked command in '/home/user/turtlebot3_ws/build/realsense_bringup' returned '1': CMAKE_PREFIX_PATH=${CMAKE_PREFIX_PATH}:/opt/ros/humble /usr/bin/cmake /home/user/turtlebot3_ws/src/realsense_bringup -DAMENT_CMAKE_SYMLINK_INSTALL=1 -DCMAKE_INSTALL_PREFIX=/home/user/turtlebot3_ws/install/realsense_bringup
