[0.025s] Invoking command in '/home/user/turtlebot3_ws/build/realsense_bringup': CMAKE_PREFIX_PATH=${CMAKE_PREFIX_PATH}:/opt/ros/humble /usr/bin/cmake --build /home/user/turtlebot3_ws/build/realsense_bringup -- -j8 -l8
[0.167s] [ 50%] [32mBuilding CXX object CMakeFiles/realsense_tf_node.dir/src/realsense_tf.cpp.o[0m
[53.248s] [100%] [32m[1mLinking CXX executable realsense_tf_node[0m
[59.877s] [100%] Built target realsense_tf_node
[59.901s] Invoked command in '/home/user/turtlebot3_ws/build/realsense_bringup' returned '0': CMAKE_PREFIX_PATH=${CMAKE_PREFIX_PATH}:/opt/ros/humble /usr/bin/cmake --build /home/user/turtlebot3_ws/build/realsense_bringup -- -j8 -l8
[59.922s] Invoking command in '/home/user/turtlebot3_ws/build/realsense_bringup': CMAKE_PREFIX_PATH=${CMAKE_PREFIX_PATH}:/opt/ros/humble /usr/bin/cmake --install /home/user/turtlebot3_ws/build/realsense_bringup
[59.935s] -- Install configuration: ""
[59.936s] -- Installing: /home/user/turtlebot3_ws/install/realsense_bringup/lib/realsense_bringup/realsense_tf_node
[59.954s] -- Set runtime path of "/home/user/turtlebot3_ws/install/realsense_bringup/lib/realsense_bringup/realsense_tf_node" to ""
[59.954s] -- Up-to-date: /home/user/turtlebot3_ws/install/realsense_bringup/share/realsense_bringup/launch
[59.955s] -- Up-to-date: /home/user/turtlebot3_ws/install/realsense_bringup/share/realsense_bringup/launch/realsense_tf.launch.py
[59.955s] -- Up-to-date: /home/user/turtlebot3_ws/install/realsense_bringup/share/ament_index/resource_index/package_run_dependencies/realsense_bringup
[59.955s] -- Up-to-date: /home/user/turtlebot3_ws/install/realsense_bringup/share/ament_index/resource_index/parent_prefix_path/realsense_bringup
[59.956s] -- Up-to-date: /home/user/turtlebot3_ws/install/realsense_bringup/share/realsense_bringup/environment/ament_prefix_path.sh
[59.956s] -- Up-to-date: /home/user/turtlebot3_ws/install/realsense_bringup/share/realsense_bringup/environment/ament_prefix_path.dsv
[59.956s] -- Up-to-date: /home/user/turtlebot3_ws/install/realsense_bringup/share/realsense_bringup/environment/path.sh
[59.956s] -- Up-to-date: /home/user/turtlebot3_ws/install/realsense_bringup/share/realsense_bringup/environment/path.dsv
[59.956s] -- Up-to-date: /home/user/turtlebot3_ws/install/realsense_bringup/share/realsense_bringup/local_setup.bash
[59.957s] -- Up-to-date: /home/user/turtlebot3_ws/install/realsense_bringup/share/realsense_bringup/local_setup.sh
[59.957s] -- Up-to-date: /home/user/turtlebot3_ws/install/realsense_bringup/share/realsense_bringup/local_setup.zsh
[59.957s] -- Up-to-date: /home/user/turtlebot3_ws/install/realsense_bringup/share/realsense_bringup/local_setup.dsv
[59.957s] -- Installing: /home/user/turtlebot3_ws/install/realsense_bringup/share/realsense_bringup/package.dsv
[59.957s] -- Up-to-date: /home/user/turtlebot3_ws/install/realsense_bringup/share/ament_index/resource_index/packages/realsense_bringup
[59.957s] -- Up-to-date: /home/user/turtlebot3_ws/install/realsense_bringup/share/realsense_bringup/cmake/ament_cmake_export_dependencies-extras.cmake
[59.957s] -- Up-to-date: /home/user/turtlebot3_ws/install/realsense_bringup/share/realsense_bringup/cmake/realsense_bringupConfig.cmake
[59.957s] -- Up-to-date: /home/user/turtlebot3_ws/install/realsense_bringup/share/realsense_bringup/cmake/realsense_bringupConfig-version.cmake
[59.958s] -- Up-to-date: /home/user/turtlebot3_ws/install/realsense_bringup/share/realsense_bringup/package.xml
[59.961s] Invoked command in '/home/user/turtlebot3_ws/build/realsense_bringup' returned '0': CMAKE_PREFIX_PATH=${CMAKE_PREFIX_PATH}:/opt/ros/humble /usr/bin/cmake --install /home/user/turtlebot3_ws/build/realsense_bringup
